Archive member included to satisfy reference by file (symbol)

/home/tobias/Documents/MCUXpresso_10.1.0_589/workspace/lpc_board_ea_devkit_4088/Debug/liblpc_board_ea_devkit_4088.a(board.o)
                              ./example/src/can.o (Board_Init)
/home/tobias/Documents/MCUXpresso_10.1.0_589/workspace/lpc_board_ea_devkit_4088/Debug/liblpc_board_ea_devkit_4088.a(board_sysinit.o)
                              ./example/src/sysinit.o (Board_SystemInit)
/home/tobias/Documents/MCUXpresso_10.1.0_589/workspace/lpc_board_ea_devkit_4088/Debug/liblpc_board_ea_devkit_4088.a(uda1380.o)
                              /home/tobias/Documents/MCUXpresso_10.1.0_589/workspace/lpc_board_ea_devkit_4088/Debug/liblpc_board_ea_devkit_4088.a(board.o) (UDA1380_Init)
/home/tobias/Documents/MCUXpresso_10.1.0_589/workspace/lpc_chip_40xx/Debug/liblpc_chip_40xx.a(can_17xx_40xx.o)
                              ./example/src/can.o (Chip_CAN_Init)
/home/tobias/Documents/MCUXpresso_10.1.0_589/workspace/lpc_chip_40xx/Debug/liblpc_chip_40xx.a(chip_17xx_40xx.o)
                              ./example/src/can.o (SystemCoreClockUpdate)
/home/tobias/Documents/MCUXpresso_10.1.0_589/workspace/lpc_chip_40xx/Debug/liblpc_chip_40xx.a(clock_17xx_40xx.o)
                              /home/tobias/Documents/MCUXpresso_10.1.0_589/workspace/lpc_chip_40xx/Debug/liblpc_chip_40xx.a(chip_17xx_40xx.o) (Chip_Clock_SetupPLL)
/home/tobias/Documents/MCUXpresso_10.1.0_589/workspace/lpc_chip_40xx/Debug/liblpc_chip_40xx.a(emc_17xx_40xx.o)
                              /home/tobias/Documents/MCUXpresso_10.1.0_589/workspace/lpc_board_ea_devkit_4088/Debug/liblpc_board_ea_devkit_4088.a(board_sysinit.o) (Chip_EMC_Dynamic_Init)
/home/tobias/Documents/MCUXpresso_10.1.0_589/workspace/lpc_chip_40xx/Debug/liblpc_chip_40xx.a(fpu_init.o)
                              ./example/src/sysinit.o (fpuInit)
/home/tobias/Documents/MCUXpresso_10.1.0_589/workspace/lpc_chip_40xx/Debug/liblpc_chip_40xx.a(i2c_17xx_40xx.o)
                              /home/tobias/Documents/MCUXpresso_10.1.0_589/workspace/lpc_board_ea_devkit_4088/Debug/liblpc_board_ea_devkit_4088.a(uda1380.o) (Chip_I2C_EventHandlerPolling)
/home/tobias/Documents/MCUXpresso_10.1.0_589/workspace/lpc_chip_40xx/Debug/liblpc_chip_40xx.a(i2s_17xx_40xx.o)
                              /home/tobias/Documents/MCUXpresso_10.1.0_589/workspace/lpc_board_ea_devkit_4088/Debug/liblpc_board_ea_devkit_4088.a(board.o) (Chip_I2S_Init)
/home/tobias/Documents/MCUXpresso_10.1.0_589/workspace/lpc_chip_40xx/Debug/liblpc_chip_40xx.a(iocon_17xx_40xx.o)
                              /home/tobias/Documents/MCUXpresso_10.1.0_589/workspace/lpc_board_ea_devkit_4088/Debug/liblpc_board_ea_devkit_4088.a(board_sysinit.o) (Chip_IOCON_SetPinMuxing)
/home/tobias/Documents/MCUXpresso_10.1.0_589/workspace/lpc_chip_40xx/Debug/liblpc_chip_40xx.a(ssp_17xx_40xx.o)
                              /home/tobias/Documents/MCUXpresso_10.1.0_589/workspace/lpc_board_ea_devkit_4088/Debug/liblpc_board_ea_devkit_4088.a(board.o) (Chip_SSP_WriteFrames_Blocking)
/home/tobias/Documents/MCUXpresso_10.1.0_589/workspace/lpc_chip_40xx/Debug/liblpc_chip_40xx.a(sysctl_17xx_40xx.o)
                              /home/tobias/Documents/MCUXpresso_10.1.0_589/workspace/lpc_board_ea_devkit_4088/Debug/liblpc_board_ea_devkit_4088.a(board_sysinit.o) (Chip_SYSCTL_PeriphReset)
/home/tobias/Documents/MCUXpresso_10.1.0_589/workspace/lpc_chip_40xx/Debug/liblpc_chip_40xx.a(sysinit_17xx_40xx.o)
                              /home/tobias/Documents/MCUXpresso_10.1.0_589/workspace/lpc_board_ea_devkit_4088/Debug/liblpc_board_ea_devkit_4088.a(board_sysinit.o) (Chip_SetupXtalClocking)
/home/tobias/Documents/MCUXpresso_10.1.0_589/workspace/lpc_chip_40xx/Debug/liblpc_chip_40xx.a(uart_17xx_40xx.o)
                              /home/tobias/Documents/MCUXpresso_10.1.0_589/workspace/lpc_board_ea_devkit_4088/Debug/liblpc_board_ea_devkit_4088.a(board.o) (Chip_UART_Init)
/home/tobias/Documents/MCUXpresso_10.1.0_589/workspace/lpc_chip_40xx/Debug/liblpc_chip_40xx.a(ring_buffer.o)
                              /home/tobias/Documents/MCUXpresso_10.1.0_589/workspace/lpc_chip_40xx/Debug/liblpc_chip_40xx.a(uart_17xx_40xx.o) (RingBuffer_Insert)
/usr/local/mcuxpressoide-10.1.0_589/ide/tools/bin/../lib/gcc/arm-none-eabi/6.3.1/../../../../arm-none-eabi/lib/thumb/v7e-m/fpv4-sp/softfp/libcr_semihost.a(_cr__main.o)
                              ./example/src/cr_startup_lpc40xx.o (__main)
/usr/local/mcuxpressoide-10.1.0_589/ide/tools/bin/../lib/gcc/arm-none-eabi/6.3.1/../../../../arm-none-eabi/lib/thumb/v7e-m/fpv4-sp/softfp/libcr_c.a(memcpy.o)
                              /home/tobias/Documents/MCUXpresso_10.1.0_589/workspace/lpc_board_ea_devkit_4088/Debug/liblpc_board_ea_devkit_4088.a(board.o) (memcpy)
/usr/local/mcuxpressoide-10.1.0_589/ide/tools/bin/../lib/gcc/arm-none-eabi/6.3.1/../../../../arm-none-eabi/lib/thumb/v7e-m/fpv4-sp/softfp/libcr_c.a(fpprintf.o)
                              ./example/src/can.o (printf)
[...]
Memory Configuration

Name             Origin             Length             Attributes
MFlash512        0x0000000000000000 0x0000000000080000 xr
RamLoc64         0x0000000010000000 0x0000000000010000 xrw
RamPeriph32      0x0000000020000000 0x0000000000008000 xrw
*default*        0x0000000000000000 0xffffffffffffffff

Linker script and memory map

LOAD ./example/src/can.o
LOAD ./example/src/cr_startup_lpc40xx.o
LOAD ./example/src/sysinit.o
LOAD /home/tobias/Documents/MCUXpresso_10.1.0_589/workspace/lpc_board_ea_devkit_4088/Debug/liblpc_board_ea_devkit_4088.a
LOAD /home/tobias/Documents/MCUXpresso_10.1.0_589/workspace/lpc_chip_40xx/Debug/liblpc_chip_40xx.a
START GROUP
LOAD /usr/local/mcuxpressoide-10.1.0_589/ide/tools/bin/../lib/gcc/arm-none-eabi/6.3.1/../../../../arm-none-eabi/lib/thumb/v7e-m/fpv4-sp/softfp/libcr_semihost.a
LOAD /usr/local/mcuxpressoide-10.1.0_589/ide/tools/bin/../lib/gcc/arm-none-eabi/6.3.1/../../../../arm-none-eabi/lib/thumb/v7e-m/fpv4-sp/softfp/libcr_c.a
LOAD /usr/local/mcuxpressoide-10.1.0_589/ide/tools/bin/../lib/gcc/arm-none-eabi/6.3.1/thumb/v7e-m/fpv4-sp/softfp/libcr_eabihelpers.a
END GROUP
                0x0000000000000000                __base_MFlash512 = 0x0
                0x0000000000000000                __base_Flash = 0x0
                0x0000000000080000                __top_MFlash512 = 0x80000
                0x0000000000080000                __top_Flash = 0x80000
                0x0000000010000000                __base_RamLoc64 = 0x10000000
                0x0000000010000000                __base_RAM = 0x10000000
                0x0000000010010000                __top_RamLoc64 = 0x10010000
                0x0000000010010000                __top_RAM = 0x10010000
                0x0000000020000000                __base_RamPeriph32 = 0x20000000
                0x0000000020000000                __base_RAM2 = 0x20000000
                0x0000000020008000                __top_RamPeriph32 = 0x20008000
                0x0000000020008000                __top_RAM2 = 0x20008000

.text           0x0000000000000000     0x4a24
 FILL mask 0xff
                0x0000000000000000                __vectors_start__ = ABSOLUTE (.)
 *(.isr_vector)
 .isr_vector    0x0000000000000000       0xe4 ./example/src/cr_startup_lpc40xx.o
                0x0000000000000000                g_pfnVectors
                0x00000000000000e4                . = ALIGN (0x4)
                0x00000000000000e4                __section_table_start = .
                0x00000000000000e4                __data_section_table = .
                0x00000000000000e4        0x4 LONG 0x4a24 LOADADDR (.data)
                0x00000000000000e8        0x4 LONG 0x10000000 ADDR (.data)
                0x00000000000000ec        0x4 LONG 0x80 SIZEOF (.data)
                0x00000000000000f0        0x4 LONG 0x4a24 LOADADDR (.data_RAM2)
                0x00000000000000f4        0x4 LONG 0x20000000 ADDR (.data_RAM2)
                0x00000000000000f8        0x4 LONG 0x0 SIZEOF (.data_RAM2)
                0x00000000000000fc                __data_section_table_end = .
                0x00000000000000fc                __bss_section_table = .
                0x00000000000000fc        0x4 LONG 0x10000080 ADDR (.bss)
                0x0000000000000100        0x4 LONG 0x1f0 SIZEOF (.bss)
                0x0000000000000104        0x4 LONG 0x20000000 ADDR (.bss_RAM2)
                0x0000000000000108        0x4 LONG 0x0 SIZEOF (.bss_RAM2)
                0x000000000000010c                __bss_section_table_end = .
                0x000000000000010c                __section_table_end = .
 *(.after_vectors*)
 .after_vectors
                0x000000000000010c      0x154 ./example/src/cr_startup_lpc40xx.o
                0x000000000000010c                data_init
                0x0000000000000150                bss_init
                0x0000000000000188                ResetISR
                0x0000000000000220                NMI_Handler
                0x0000000000000226                HardFault_Handler
                0x000000000000022c                MemManage_Handler
                0x0000000000000232                BusFault_Handler
                0x0000000000000238                UsageFault_Handler
                0x000000000000023e                SVC_Handler
                0x0000000000000244                DebugMon_Handler
                0x000000000000024a                PendSV_Handler
                0x0000000000000250                SysTick_Handler
                0x0000000000000256                GPIO_IRQHandler
                0x0000000000000256                TIMER2_IRQHandler
                0x0000000000000256                RIT_IRQHandler
                0x0000000000000256                I2C0_IRQHandler
                0x0000000000000256                USBActivity_IRQHandler
                0x0000000000000256                PWM1_IRQHandler
                0x0000000000000256                SDIO_IRQHandler
                0x0000000000000256                I2C1_IRQHandler
                0x0000000000000256                EINT2_IRQHandler
                0x0000000000000256                UART1_IRQHandler
                0x0000000000000256                EINT3_IRQHandler
                0x0000000000000256                CANActivity_IRQHandler
                0x0000000000000256                TIMER3_IRQHandler
                0x0000000000000256                UART0_IRQHandler
                0x0000000000000256                IntDefaultHandler
                0x0000000000000256                PLL0_IRQHandler
                0x0000000000000256                PLL1_IRQHandler
                0x0000000000000256                SSP0_IRQHandler
                0x0000000000000256                I2S_IRQHandler
                0x0000000000000256                I2C2_IRQHandler
                0x0000000000000256                RTC_IRQHandler
                0x0000000000000256                TIMER0_IRQHandler
                0x0000000000000256                SPI_IRQHandler
                0x0000000000000256                LCD_IRQHandler
                0x0000000000000256                EINT1_IRQHandler
                0x0000000000000256                TIMER1_IRQHandler
                0x0000000000000256                UART2_IRQHandler
                0x0000000000000256                UART4_IRQHandler
                0x0000000000000256                ADC_IRQHandler
                0x0000000000000256                SSP1_IRQHandler
                0x0000000000000256                USB_IRQHandler
                0x0000000000000256                BOD_IRQHandler
                0x0000000000000256                WDT_IRQHandler
                0x0000000000000256                QEI_IRQHandler
                0x0000000000000256                EINT0_IRQHandler
                0x0000000000000256                ETH_IRQHandler
                0x0000000000000256                PWM0_IRQHandler
                0x0000000000000256                SSP2_IRQHandler
                0x0000000000000256                EEPROM_IRQHandler
                0x0000000000000256                DMA_IRQHandler
                0x0000000000000256                UART3_IRQHandler
                0x0000000000000256                MCPWM_IRQHandler
 *(.text*)
 .text.NVIC_EnableIRQ
                0x0000000000000260       0x34 ./example/src/can.o
 .text.Chip_CAN_GetStatus
                0x0000000000000294       0x18 ./example/src/can.o
 .text.Chip_CAN_EnableInt
                0x00000000000002ac       0x22 ./example/src/can.o
 .text.Chip_CAN_GetIntStatus
                0x00000000000002ce       0x18 ./example/src/can.o
 .text.Chip_CAN_SetAFMode
                0x00000000000002e6       0x1e ./example/src/can.o
 .text.PrintCANErrorInfo
                0x0000000000000304       0xc4 ./example/src/can.o
 .text.PrintCANMsg
                0x00000000000003c8       0xc4 ./example/src/can.o
 .text.ReplyNormalMessage
                0x000000000000048c       0x58 ./example/src/can.o
 .text.CAN_IRQHandler
                0x00000000000004e4       0x70 ./example/src/can.o
                0x00000000000004e4                CAN_IRQHandler
 .text.main     0x0000000000000554       0xbc ./example/src/can.o
                0x0000000000000554                main
 .text.SystemInit
                0x0000000000000610       0x28 ./example/src/sysinit.o
                0x0000000000000610                SystemInit
 .text.Chip_IOCON_Init
                0x0000000000000638       0x16 /home/tobias/Documents/MCUXpresso_10.1.0_589/workspace/lpc_board_ea_devkit_4088/Debug/liblpc_board_ea_devkit_4088.a(board.o)
 .text.Chip_IOCON_PinMuxSet
                0x000000000000064e       0x2e /home/tobias/Documents/MCUXpresso_10.1.0_589/workspace/lpc_board_ea_devkit_4088/Debug/liblpc_board_ea_devkit_4088.a(board.o)
 .text.Chip_GPIO_Init
                0x000000000000067c       0x16 /home/tobias/Documents/MCUXpresso_10.1.0_589/workspace/lpc_board_ea_devkit_4088/Debug/liblpc_board_ea_devkit_4088.a(board.o)
 .text.Chip_GPIO_SetPinState
                0x0000000000000692       0x6a /home/tobias/Documents/MCUXpresso_10.1.0_589/workspace/lpc_board_ea_devkit_4088/Debug/liblpc_board_ea_devkit_4088.a(board.o)
 .text.Chip_GPIO_WritePortBit
                0x00000000000006fc       0x2c /home/tobias/Documents/MCUXpresso_10.1.0_589/workspace/lpc_board_ea_devkit_4088/Debug/liblpc_board_ea_devkit_4088.a(board.o)
 .text.Chip_GPIO_SetPinDIROutput
                0x0000000000000728       0x3a /home/tobias/Documents/MCUXpresso_10.1.0_589/workspace/lpc_board_ea_devkit_4088/Debug/liblpc_board_ea_devkit_4088.a(board.o)
 .text.Chip_GPIO_SetPinDIRInput
                0x0000000000000762       0x3c /home/tobias/Documents/MCUXpresso_10.1.0_589/workspace/lpc_board_ea_devkit_4088/Debug/liblpc_board_ea_devkit_4088.a(board.o)
 .text.Chip_GPIO_SetPinDIR
                0x000000000000079e       0x42 /home/tobias/Documents/MCUXpresso_10.1.0_589/workspace/lpc_board_ea_devkit_4088/Debug/liblpc_board_ea_devkit_4088.a(board.o)
 .text.Chip_GPIO_WriteDirBit
                0x00000000000007e0       0x2e /home/tobias/Documents/MCUXpresso_10.1.0_589/workspace/lpc_board_ea_devkit_4088/Debug/liblpc_board_ea_devkit_4088.a(board.o)
 .text.Chip_UART_SendByte
                0x000000000000080e       0x1e /home/tobias/Documents/MCUXpresso_10.1.0_589/workspace/lpc_board_ea_devkit_4088/Debug/liblpc_board_ea_devkit_4088.a(board.o)
 .text.Chip_UART_ConfigData
                0x000000000000082c       0x1c /home/tobias/Documents/MCUXpresso_10.1.0_589/workspace/lpc_board_ea_devkit_4088/Debug/liblpc_board_ea_devkit_4088.a(board.o)
 .text.Chip_UART_ReadLineStatus
                0x0000000000000848       0x18 /home/tobias/Documents/MCUXpresso_10.1.0_589/workspace/lpc_board_ea_devkit_4088/Debug/liblpc_board_ea_devkit_4088.a(board.o)
 .text.__sys_write
                0x0000000000000860       0x38 /home/tobias/Documents/MCUXpresso_10.1.0_589/workspace/lpc_board_ea_devkit_4088/Debug/liblpc_board_ea_devkit_4088.a(board.o)
                0x0000000000000860                __sys_write
 .text.Board_LED_Init
                0x0000000000000898       0x4c /home/tobias/Documents/MCUXpresso_10.1.0_589/workspace/lpc_board_ea_devkit_4088/Debug/liblpc_board_ea_devkit_4088.a(board.o)
 .text.Board_UART_Init
                0x00000000000008e4       0x60 /home/tobias/Documents/MCUXpresso_10.1.0_589/workspace/lpc_board_ea_devkit_4088/Debug/liblpc_board_ea_devkit_4088.a(board.o)
                0x00000000000008e4                Board_UART_Init
 .text.Board_Debug_Init
                0x0000000000000944       0x30 /home/tobias/Documents/MCUXpresso_10.1.0_589/workspace/lpc_board_ea_devkit_4088/Debug/liblpc_board_ea_devkit_4088.a(board.o)
                0x0000000000000944                Board_Debug_Init
 .text.Board_UARTPutChar
                0x0000000000000974       0x34 /home/tobias/Documents/MCUXpresso_10.1.0_589/workspace/lpc_board_ea_devkit_4088/Debug/liblpc_board_ea_devkit_4088.a(board.o)
                0x0000000000000974                Board_UARTPutChar
 .text.Board_Init
                0x00000000000009a8       0x24 /home/tobias/Documents/MCUXpresso_10.1.0_589/workspace/lpc_board_ea_devkit_4088/Debug/liblpc_board_ea_devkit_4088.a(board.o)
                0x00000000000009a8                Board_Init
 .text.Board_CAN_Init
                0x00000000000009cc       0x54 /home/tobias/Documents/MCUXpresso_10.1.0_589/workspace/lpc_board_ea_devkit_4088/Debug/liblpc_board_ea_devkit_4088.a(board.o)
                0x00000000000009cc                Board_CAN_Init
 .text.Chip_SYSCTL_EnableBoost
                0x0000000000000a20       0x1c /home/tobias/Documents/MCUXpresso_10.1.0_589/workspace/lpc_board_ea_devkit_4088/Debug/liblpc_board_ea_devkit_4088.a(board_sysinit.o)
 .text.Chip_Clock_SetEMCClockDiv
                0x0000000000000a3c       0x24 /home/tobias/Documents/MCUXpresso_10.1.0_589/workspace/lpc_board_ea_devkit_4088/Debug/liblpc_board_ea_devkit_4088.a(board_sysinit.o)
 .text.Chip_IOCON_PinMuxSet
                0x0000000000000a60       0x2e /home/tobias/Documents/MCUXpresso_10.1.0_589/workspace/lpc_board_ea_devkit_4088/Debug/liblpc_board_ea_devkit_4088.a(board_sysinit.o)
 *fill*         0x0000000000000a8e        0x2 ff
 .text.Board_SetupMuxing
                0x0000000000000a90       0x84 /home/tobias/Documents/MCUXpresso_10.1.0_589/workspace/lpc_board_ea_devkit_4088/Debug/liblpc_board_ea_devkit_4088.a(board_sysinit.o)
                0x0000000000000a90                Board_SetupMuxing
 .text.Board_SetupClocking
                0x0000000000000b14       0x1c /home/tobias/Documents/MCUXpresso_10.1.0_589/workspace/lpc_board_ea_devkit_4088/Debug/liblpc_board_ea_devkit_4088.a(board_sysinit.o)
                0x0000000000000b14                Board_SetupClocking
 .text.Board_SetupExtMemory
                0x0000000000000b30       0x5c /home/tobias/Documents/MCUXpresso_10.1.0_589/workspace/lpc_board_ea_devkit_4088/Debug/liblpc_board_ea_devkit_4088.a(board_sysinit.o)
                0x0000000000000b30                Board_SetupExtMemory
 .text.Board_SystemInit
                0x0000000000000b8c       0x14 /home/tobias/Documents/MCUXpresso_10.1.0_589/workspace/lpc_board_ea_devkit_4088/Debug/liblpc_board_ea_devkit_4088.a(board_sysinit.o)
                0x0000000000000b8c                Board_SystemInit
 .text.Chip_CAN_SetCmd
                0x0000000000000ba0       0x1c /home/tobias/Documents/MCUXpresso_10.1.0_589/workspace/lpc_chip_40xx/Debug/liblpc_chip_40xx.a(can_17xx_40xx.o)
 .text.Chip_CAN_GetStatus
                0x0000000000000bbc       0x18 /home/tobias/Documents/MCUXpresso_10.1.0_589/workspace/lpc_chip_40xx/Debug/liblpc_chip_40xx.a(can_17xx_40xx.o)
 .text.Chip_CAN_GetMode
                0x0000000000000bd4       0x20 /home/tobias/Documents/MCUXpresso_10.1.0_589/workspace/lpc_chip_40xx/Debug/liblpc_chip_40xx.a(can_17xx_40xx.o)
 .text.Chip_CAN_SetAFMode
                0x0000000000000bf4       0x1e /home/tobias/Documents/MCUXpresso_10.1.0_589/workspace/lpc_chip_40xx/Debug/liblpc_chip_40xx.a(can_17xx_40xx.o)
 .text.Chip_CAN_GetAFMode
                0x0000000000000c12       0x1a /home/tobias/Documents/MCUXpresso_10.1.0_589/workspace/lpc_chip_40xx/Debug/liblpc_chip_40xx.a(can_17xx_40xx.o)
 .text.setBusTiming
                0x0000000000000c2c       0x68 /home/tobias/Documents/MCUXpresso_10.1.0_589/workspace/lpc_chip_40xx/Debug/liblpc_chip_40xx.a(can_17xx_40xx.o)
 .text.setSectionEndAddress
                0x0000000000000c94       0x32 /home/tobias/Documents/MCUXpresso_10.1.0_589/workspace/lpc_chip_40xx/Debug/liblpc_chip_40xx.a(can_17xx_40xx.o)
 .text.getReceiveFrameInfo
                0x0000000000000cc6       0x34 /home/tobias/Documents/MCUXpresso_10.1.0_589/workspace/lpc_chip_40xx/Debug/liblpc_chip_40xx.a(can_17xx_40xx.o)
 .text.setSendFrameInfo
                0x0000000000000cfa       0x2c /home/tobias/Documents/MCUXpresso_10.1.0_589/workspace/lpc_chip_40xx/Debug/liblpc_chip_40xx.a(can_17xx_40xx.o)
 .text.clearAFLUT
                0x0000000000000d26       0x82 /home/tobias/Documents/MCUXpresso_10.1.0_589/workspace/lpc_chip_40xx/Debug/liblpc_chip_40xx.a(can_17xx_40xx.o)
                0x0000000000000d26                clearAFLUT
 .text.Chip_CAN_GetClockIndex
                0x0000000000000da8       0x2c /home/tobias/Documents/MCUXpresso_10.1.0_589/workspace/lpc_chip_40xx/Debug/liblpc_chip_40xx.a(can_17xx_40xx.o)
 .text.Chip_CAN_GetResetIndex
                0x0000000000000dd4       0x2c /home/tobias/Documents/MCUXpresso_10.1.0_589/workspace/lpc_chip_40xx/Debug/liblpc_chip_40xx.a(can_17xx_40xx.o)
 .text.Chip_CAN_Init
                0x0000000000000e00       0x6c /home/tobias/Documents/MCUXpresso_10.1.0_589/workspace/lpc_chip_40xx/Debug/liblpc_chip_40xx.a(can_17xx_40xx.o)
                0x0000000000000e00                Chip_CAN_Init
 .text.Chip_CAN_SetBitRate
                0x0000000000000e6c       0xc8 /home/tobias/Documents/MCUXpresso_10.1.0_589/workspace/lpc_chip_40xx/Debug/liblpc_chip_40xx.a(can_17xx_40xx.o)
                0x0000000000000e6c                Chip_CAN_SetBitRate
 .text.Chip_CAN_SetMode
                0x0000000000000f34       0x96 /home/tobias/Documents/MCUXpresso_10.1.0_589/workspace/lpc_chip_40xx/Debug/liblpc_chip_40xx.a(can_17xx_40xx.o)
                0x0000000000000f34                Chip_CAN_SetMode
 .text.Chip_CAN_GetFreeTxBuf
                0x0000000000000fca       0x46 /home/tobias/Documents/MCUXpresso_10.1.0_589/workspace/lpc_chip_40xx/Debug/liblpc_chip_40xx.a(can_17xx_40xx.o)
                0x0000000000000fca                Chip_CAN_GetFreeTxBuf
 .text.Chip_CAN_Send
                0x0000000000001010      0x12c /home/tobias/Documents/MCUXpresso_10.1.0_589/workspace/lpc_chip_40xx/Debug/liblpc_chip_40xx.a(can_17xx_40xx.o)
                0x0000000000001010                Chip_CAN_Send
 .text.Chip_CAN_Receive
                0x000000000000113c       0xda /home/tobias/Documents/MCUXpresso_10.1.0_589/workspace/lpc_chip_40xx/Debug/liblpc_chip_40xx.a(can_17xx_40xx.o)
                0x000000000000113c                Chip_CAN_Receive
 *fill*         0x0000000000001216        0x2 ff
 .text.SystemCoreClockUpdate
                0x0000000000001218       0x18 /home/tobias/Documents/MCUXpresso_10.1.0_589/workspace/lpc_chip_40xx/Debug/liblpc_chip_40xx.a(chip_17xx_40xx.o)
                0x0000000000001218                SystemCoreClockUpdate
 .text.Chip_Clock_IsMainPLLEnabled
                0x0000000000001230       0x28 /home/tobias/Documents/MCUXpresso_10.1.0_589/workspace/lpc_chip_40xx/Debug/liblpc_chip_40xx.a(clock_17xx_40xx.o)
 .text.Chip_Clock_FeedPLL
                0x0000000000001258       0x38 /home/tobias/Documents/MCUXpresso_10.1.0_589/workspace/lpc_chip_40xx/Debug/liblpc_chip_40xx.a(clock_17xx_40xx.o)
 .text.Chip_Clock_GetMainPLLSource
                0x0000000000001290       0x20 /home/tobias/Documents/MCUXpresso_10.1.0_589/workspace/lpc_chip_40xx/Debug/liblpc_chip_40xx.a(clock_17xx_40xx.o)
 .text.Chip_Clock_GetPCLKDiv
                0x00000000000012b0       0x1c /home/tobias/Documents/MCUXpresso_10.1.0_589/workspace/lpc_chip_40xx/Debug/liblpc_chip_40xx.a(clock_17xx_40xx.o)
 .text.Chip_Clock_GetMainOscRate
                0x00000000000012cc       0x18 /home/tobias/Documents/MCUXpresso_10.1.0_589/workspace/lpc_chip_40xx/Debug/liblpc_chip_40xx.a(clock_17xx_40xx.o)
 .text.Chip_Clock_GetIntOscRate
                0x00000000000012e4       0x14 /home/tobias/Documents/MCUXpresso_10.1.0_589/workspace/lpc_chip_40xx/Debug/liblpc_chip_40xx.a(clock_17xx_40xx.o)
 .text.Chip_Clock_GetMainPLLInClockRate
                0x00000000000012f8        0xe /home/tobias/Documents/MCUXpresso_10.1.0_589/workspace/lpc_chip_40xx/Debug/liblpc_chip_40xx.a(clock_17xx_40xx.o)
 *fill*         0x0000000000001306        0x2 ff
 .text.Chip_Clock_EnablePLL
                0x0000000000001308       0x44 /home/tobias/Documents/MCUXpresso_10.1.0_589/workspace/lpc_chip_40xx/Debug/liblpc_chip_40xx.a(clock_17xx_40xx.o)
                0x0000000000001308                Chip_Clock_EnablePLL
 .text.Chip_Clock_DisablePLL
                0x000000000000134c       0x48 /home/tobias/Documents/MCUXpresso_10.1.0_589/workspace/lpc_chip_40xx/Debug/liblpc_chip_40xx.a(clock_17xx_40xx.o)
                0x000000000000134c                Chip_Clock_DisablePLL
 .text.Chip_Clock_SetupPLL
                0x0000000000001394       0x4c /home/tobias/Documents/MCUXpresso_10.1.0_589/workspace/lpc_chip_40xx/Debug/liblpc_chip_40xx.a(clock_17xx_40xx.o)
                0x0000000000001394                Chip_Clock_SetupPLL
 .text.Chip_Clock_EnablePeriphClock
                0x00000000000013e0       0x54 /home/tobias/Documents/MCUXpresso_10.1.0_589/workspace/lpc_chip_40xx/Debug/liblpc_chip_40xx.a(clock_17xx_40xx.o)
                0x00000000000013e0                Chip_Clock_EnablePeriphClock
 .text.Chip_Clock_SetCPUClockSource
                0x0000000000001434       0x44 /home/tobias/Documents/MCUXpresso_10.1.0_589/workspace/lpc_chip_40xx/Debug/liblpc_chip_40xx.a(clock_17xx_40xx.o)
                0x0000000000001434                Chip_Clock_SetCPUClockSource
 .text.Chip_Clock_GetCPUClockSource
                0x0000000000001478       0x30 /home/tobias/Documents/MCUXpresso_10.1.0_589/workspace/lpc_chip_40xx/Debug/liblpc_chip_40xx.a(clock_17xx_40xx.o)
                0x0000000000001478                Chip_Clock_GetCPUClockSource
 .text.Chip_Clock_SetCPUClockDiv
                0x00000000000014a8       0x30 /home/tobias/Documents/MCUXpresso_10.1.0_589/workspace/lpc_chip_40xx/Debug/liblpc_chip_40xx.a(clock_17xx_40xx.o)
                0x00000000000014a8                Chip_Clock_SetCPUClockDiv
 .text.Chip_Clock_GetCPUClockDiv
                0x00000000000014d8       0x1c /home/tobias/Documents/MCUXpresso_10.1.0_589/workspace/lpc_chip_40xx/Debug/liblpc_chip_40xx.a(clock_17xx_40xx.o)
                0x00000000000014d8                Chip_Clock_GetCPUClockDiv
 .text.Chip_Clock_GetSYSCLKRate
                0x00000000000014f4       0x2a /home/tobias/Documents/MCUXpresso_10.1.0_589/workspace/lpc_chip_40xx/Debug/liblpc_chip_40xx.a(clock_17xx_40xx.o)
                0x00000000000014f4                Chip_Clock_GetSYSCLKRate
 *fill*         0x000000000000151e        0x2 ff
 .text.Chip_Clock_GetMainPLLOutClockRate
                0x0000000000001520       0x40 /home/tobias/Documents/MCUXpresso_10.1.0_589/workspace/lpc_chip_40xx/Debug/liblpc_chip_40xx.a(clock_17xx_40xx.o)
                0x0000000000001520                Chip_Clock_GetMainPLLOutClockRate
 .text.Chip_Clock_GetMainClockRate
                0x0000000000001560       0x28 /home/tobias/Documents/MCUXpresso_10.1.0_589/workspace/lpc_chip_40xx/Debug/liblpc_chip_40xx.a(clock_17xx_40xx.o)
                0x0000000000001560                Chip_Clock_GetMainClockRate
 .text.Chip_Clock_GetSystemClockRate
                0x0000000000001588       0x18 /home/tobias/Documents/MCUXpresso_10.1.0_589/workspace/lpc_chip_40xx/Debug/liblpc_chip_40xx.a(clock_17xx_40xx.o)
                0x0000000000001588                Chip_Clock_GetSystemClockRate
 .text.Chip_Clock_SetSPIFIClockSource
                0x00000000000015a0       0x34 /home/tobias/Documents/MCUXpresso_10.1.0_589/workspace/lpc_chip_40xx/Debug/liblpc_chip_40xx.a(clock_17xx_40xx.o)
                0x00000000000015a0                Chip_Clock_SetSPIFIClockSource
 .text.Chip_Clock_SetSPIFIClockDiv
                0x00000000000015d4       0x30 /home/tobias/Documents/MCUXpresso_10.1.0_589/workspace/lpc_chip_40xx/Debug/liblpc_chip_40xx.a(clock_17xx_40xx.o)
                0x00000000000015d4                Chip_Clock_SetSPIFIClockDiv
 .text.Chip_Clock_GetPeripheralClockRate
                0x0000000000001604       0x2e /home/tobias/Documents/MCUXpresso_10.1.0_589/workspace/lpc_chip_40xx/Debug/liblpc_chip_40xx.a(clock_17xx_40xx.o)
                0x0000000000001604                Chip_Clock_GetPeripheralClockRate
 *fill*         0x0000000000001632        0x2 ff
 .text.Chip_Clock_GetEMCClockDiv
                0x0000000000001634       0x1c /home/tobias/Documents/MCUXpresso_10.1.0_589/workspace/lpc_chip_40xx/Debug/liblpc_chip_40xx.a(emc_17xx_40xx.o)
 .text.Chip_Clock_GetEMCClockRate
                0x0000000000001650       0x18 /home/tobias/Documents/MCUXpresso_10.1.0_589/workspace/lpc_chip_40xx/Debug/liblpc_chip_40xx.a(emc_17xx_40xx.o)
 .text.convertTimmingParam
                0x0000000000001668       0x6c /home/tobias/Documents/MCUXpresso_10.1.0_589/workspace/lpc_chip_40xx/Debug/liblpc_chip_40xx.a(emc_17xx_40xx.o)
 .text.getColsLen
                0x00000000000016d4       0x4e /home/tobias/Documents/MCUXpresso_10.1.0_589/workspace/lpc_chip_40xx/Debug/liblpc_chip_40xx.a(emc_17xx_40xx.o)
 .text.initDynMem
                0x0000000000001722      0x292 /home/tobias/Documents/MCUXpresso_10.1.0_589/workspace/lpc_chip_40xx/Debug/liblpc_chip_40xx.a(emc_17xx_40xx.o)
                0x0000000000001722                initDynMem
 .text.initStaticMem
                0x00000000000019b4       0xb0 /home/tobias/Documents/MCUXpresso_10.1.0_589/workspace/lpc_chip_40xx/Debug/liblpc_chip_40xx.a(emc_17xx_40xx.o)
                0x00000000000019b4                initStaticMem
 .text.Chip_EMC_Dynamic_Init
                0x0000000000001a64       0x24 /home/tobias/Documents/MCUXpresso_10.1.0_589/workspace/lpc_chip_40xx/Debug/liblpc_chip_40xx.a(emc_17xx_40xx.o)
                0x0000000000001a64                Chip_EMC_Dynamic_Init
 .text.Chip_EMC_Static_Init
                0x0000000000001a88       0x24 /home/tobias/Documents/MCUXpresso_10.1.0_589/workspace/lpc_chip_40xx/Debug/liblpc_chip_40xx.a(emc_17xx_40xx.o)
                0x0000000000001a88                Chip_EMC_Static_Init
 .text.Chip_EMC_Init
                0x0000000000001aac       0x50 /home/tobias/Documents/MCUXpresso_10.1.0_589/workspace/lpc_chip_40xx/Debug/liblpc_chip_40xx.a(emc_17xx_40xx.o)
                0x0000000000001aac                Chip_EMC_Init
 .text.fpuInit  0x0000000000001afc       0x74 /home/tobias/Documents/MCUXpresso_10.1.0_589/workspace/lpc_chip_40xx/Debug/liblpc_chip_40xx.a(fpu_init.o)
                0x0000000000001afc                fpuInit
 .text.Chip_IOCON_PinMuxSet
                0x0000000000001b70       0x2e /home/tobias/Documents/MCUXpresso_10.1.0_589/workspace/lpc_chip_40xx/Debug/liblpc_chip_40xx.a(iocon_17xx_40xx.o)
 .text.Chip_IOCON_SetPinMuxing
                0x0000000000001b9e       0x62 /home/tobias/Documents/MCUXpresso_10.1.0_589/workspace/lpc_chip_40xx/Debug/liblpc_chip_40xx.a(iocon_17xx_40xx.o)
                0x0000000000001b9e                Chip_IOCON_SetPinMuxing
 .text.Chip_SYSCTL_PeriphReset
                0x0000000000001c00       0x68 /home/tobias/Documents/MCUXpresso_10.1.0_589/workspace/lpc_chip_40xx/Debug/liblpc_chip_40xx.a(sysctl_17xx_40xx.o)
                0x0000000000001c00                Chip_SYSCTL_PeriphReset
 .text.Chip_Clock_IsMainPLLEnabled
                0x0000000000001c68       0x28 /home/tobias/Documents/MCUXpresso_10.1.0_589/workspace/lpc_chip_40xx/Debug/liblpc_chip_40xx.a(sysinit_17xx_40xx.o)
 .text.Chip_Clock_IsMainPLLLocked
                0x0000000000001c90       0x28 /home/tobias/Documents/MCUXpresso_10.1.0_589/workspace/lpc_chip_40xx/Debug/liblpc_chip_40xx.a(sysinit_17xx_40xx.o)
 .text.Chip_Clock_EnableCrystal
                0x0000000000001cb8       0x24 /home/tobias/Documents/MCUXpresso_10.1.0_589/workspace/lpc_chip_40xx/Debug/liblpc_chip_40xx.a(sysinit_17xx_40xx.o)
 .text.Chip_Clock_IsCrystalEnabled
                0x0000000000001cdc       0x28 /home/tobias/Documents/MCUXpresso_10.1.0_589/workspace/lpc_chip_40xx/Debug/liblpc_chip_40xx.a(sysinit_17xx_40xx.o)
 .text.Chip_Clock_SetMainPLLSource
                0x0000000000001d04       0x24 /home/tobias/Documents/MCUXpresso_10.1.0_589/workspace/lpc_chip_40xx/Debug/liblpc_chip_40xx.a(sysinit_17xx_40xx.o)
 .text.Chip_Clock_SetPCLKDiv
                0x0000000000001d28       0x20 /home/tobias/Documents/MCUXpresso_10.1.0_589/workspace/lpc_chip_40xx/Debug/liblpc_chip_40xx.a(sysinit_17xx_40xx.o)
 .text.Chip_SetupXtalClocking
                0x0000000000001d48       0x82 /home/tobias/Documents/MCUXpresso_10.1.0_589/workspace/lpc_chip_40xx/Debug/liblpc_chip_40xx.a(sysinit_17xx_40xx.o)
                0x0000000000001d48                Chip_SetupXtalClocking
 .text.Chip_UART_SetupFIFOS
                0x0000000000001dca       0x1c /home/tobias/Documents/MCUXpresso_10.1.0_589/workspace/lpc_chip_40xx/Debug/liblpc_chip_40xx.a(uart_17xx_40xx.o)
 .text.Chip_UART_ConfigData
                0x0000000000001de6       0x1c /home/tobias/Documents/MCUXpresso_10.1.0_589/workspace/lpc_chip_40xx/Debug/liblpc_chip_40xx.a(uart_17xx_40xx.o)
 .text.Chip_UART_EnableDivisorAccess
                0x0000000000001e02       0x20 /home/tobias/Documents/MCUXpresso_10.1.0_589/workspace/lpc_chip_40xx/Debug/liblpc_chip_40xx.a(uart_17xx_40xx.o)
 .text.Chip_UART_DisableDivisorAccess
                0x0000000000001e22       0x20 /home/tobias/Documents/MCUXpresso_10.1.0_589/workspace/lpc_chip_40xx/Debug/liblpc_chip_40xx.a(uart_17xx_40xx.o)
 .text.Chip_UART_SetDivisorLatches
                0x0000000000001e42       0x28 /home/tobias/Documents/MCUXpresso_10.1.0_589/workspace/lpc_chip_40xx/Debug/liblpc_chip_40xx.a(uart_17xx_40xx.o)
 *fill*         0x0000000000001e6a        0x2 ff
 .text.Chip_UART_GetClockIndex
                0x0000000000001e6c       0x64 /home/tobias/Documents/MCUXpresso_10.1.0_589/workspace/lpc_chip_40xx/Debug/liblpc_chip_40xx.a(uart_17xx_40xx.o)
 .text.Chip_UART_Init
                0x0000000000001ed0       0x78 /home/tobias/Documents/MCUXpresso_10.1.0_589/workspace/lpc_chip_40xx/Debug/liblpc_chip_40xx.a(uart_17xx_40xx.o)
                0x0000000000001ed0                Chip_UART_Init
 .text.Chip_UART_TXEnable
                0x0000000000001f48       0x30 /home/tobias/Documents/MCUXpresso_10.1.0_589/workspace/lpc_chip_40xx/Debug/liblpc_chip_40xx.a(uart_17xx_40xx.o)
                0x0000000000001f48                Chip_UART_TXEnable
 .text.Chip_UART_TXDisable
                0x0000000000001f78       0x30 /home/tobias/Documents/MCUXpresso_10.1.0_589/workspace/lpc_chip_40xx/Debug/liblpc_chip_40xx.a(uart_17xx_40xx.o)
                0x0000000000001f78                Chip_UART_TXDisable
 .text.Chip_UART_SetBaud
                0x0000000000001fa8       0x58 /home/tobias/Documents/MCUXpresso_10.1.0_589/workspace/lpc_chip_40xx/Debug/liblpc_chip_40xx.a(uart_17xx_40xx.o)
                0x0000000000001fa8                Chip_UART_SetBaud
 .text.__main   0x0000000000002000        0xe /usr/local/mcuxpressoide-10.1.0_589/ide/tools/bin/../lib/gcc/arm-none-eabi/6.3.1/../../../../arm-none-eabi/lib/thumb/v7e-m/fpv4-sp/softfp/libcr_semihost.a(_cr__main.o)
                0x0000000000002000                __main
                0x0000000000002000                __CR_SEMIHOST
 .text.fp_round
                0x000000000000200e       0x4e /usr/local/mcuxpressoide-10.1.0_589/ide/tools/bin/../lib/gcc/arm-none-eabi/6.3.1/../../../../arm-none-eabi/lib/thumb/v7e-m/fpv4-sp/softfp/libcr_c.a(fpprintf.o)
 .text.pr_dec.constprop.1
                0x000000000000205c       0x26 /usr/local/mcuxpressoide-10.1.0_589/ide/tools/bin/../lib/gcc/arm-none-eabi/6.3.1/../../../../arm-none-eabi/lib/thumb/v7e-m/fpv4-sp/softfp/libcr_c.a(fpprintf.o)
 *fill*         0x0000000000002082        0x2 ff
 .text.sprintf  0x0000000000002084       0x6c /usr/local/mcuxpressoide-10.1.0_589/ide/tools/bin/../lib/gcc/arm-none-eabi/6.3.1/../../../../arm-none-eabi/lib/thumb/v7e-m/fpv4-sp/softfp/libcr_c.a(fpprintf.o)
                0x0000000000002084                sprintf
 .text.fp_display
                0x00000000000020f0      0x964 /usr/local/mcuxpressoide-10.1.0_589/ide/tools/bin/../lib/gcc/arm-none-eabi/6.3.1/../../../../arm-none-eabi/lib/thumb/v7e-m/fpv4-sp/softfp/libcr_c.a(fpprintf.o)
 .text.vsnprintf
                0x0000000000002a54       0x5c /usr/local/mcuxpressoide-10.1.0_589/ide/tools/bin/../lib/gcc/arm-none-eabi/6.3.1/../../../../arm-none-eabi/lib/thumb/v7e-m/fpv4-sp/softfp/libcr_c.a(fpprintf.o)
                0x0000000000002a54                vsnprintf
 .text.printf   0x0000000000002ab0       0x54 /usr/local/mcuxpressoide-10.1.0_589/ide/tools/bin/../lib/gcc/arm-none-eabi/6.3.1/../../../../arm-none-eabi/lib/thumb/v7e-m/fpv4-sp/softfp/libcr_c.a(fpprintf.o)
                0x0000000000002ab0                printf
 .text._initio  0x0000000000002b04       0x78 /usr/local/mcuxpressoide-10.1.0_589/ide/tools/bin/../lib/gcc/arm-none-eabi/6.3.1/../../../../arm-none-eabi/lib/thumb/v7e-m/fpv4-sp/softfp/libcr_c.a(initio.o)
                0x0000000000002b04                _initio
 .text.__vfprintf
                0x0000000000002b7c      0xb7c /usr/local/mcuxpressoide-10.1.0_589/ide/tools/bin/../lib/gcc/arm-none-eabi/6.3.1/../../../../arm-none-eabi/lib/thumb/v7e-m/fpv4-sp/softfp/libcr_c.a(printf.o)
                0x0000000000002b7c                __vfprintf
 .text.setvbuf  0x00000000000036f8       0x40 /usr/local/mcuxpressoide-10.1.0_589/ide/tools/bin/../lib/gcc/arm-none-eabi/6.3.1/../../../../arm-none-eabi/lib/thumb/v7e-m/fpv4-sp/softfp/libcr_c.a(setvbuf.o)
                0x00000000000036f8                setvbuf
 .text.strlen   0x0000000000003738       0x4a /usr/local/mcuxpressoide-10.1.0_589/ide/tools/bin/../lib/gcc/arm-none-eabi/6.3.1/../../../../arm-none-eabi/lib/thumb/v7e-m/fpv4-sp/softfp/libcr_c.a(strlen.o)
                0x0000000000003738                strlen
 .text.memset   0x0000000000003782        0x4 /usr/local/mcuxpressoide-10.1.0_589/ide/tools/bin/../lib/gcc/arm-none-eabi/6.3.1/../../../../arm-none-eabi/lib/thumb/v7e-m/fpv4-sp/softfp/libcr_c.a(memset.o)
                0x0000000000003782                memset
 .text._deferredlazyseek
                0x0000000000003786       0x40 /usr/local/mcuxpressoide-10.1.0_589/ide/tools/bin/../lib/gcc/arm-none-eabi/6.3.1/../../../../arm-none-eabi/lib/thumb/v7e-m/fpv4-sp/softfp/libcr_c.a(_deferredlazyseek.o)
                0x0000000000003786                _deferredlazyseek
 .text.__flsbuf
                0x00000000000037c6      0x148 /usr/local/mcuxpressoide-10.1.0_589/ide/tools/bin/../lib/gcc/arm-none-eabi/6.3.1/../../../../arm-none-eabi/lib/thumb/v7e-m/fpv4-sp/softfp/libcr_c.a(_deferredlazyseek.o)
                0x00000000000037c6                __flsbuf
 .text._fdopen  0x000000000000390e       0x68 /usr/local/mcuxpressoide-10.1.0_589/ide/tools/bin/../lib/gcc/arm-none-eabi/6.3.1/../../../../arm-none-eabi/lib/thumb/v7e-m/fpv4-sp/softfp/libcr_c.a(_fdopen.o)
                0x000000000000390e                _fdopen
 .text._fflush  0x0000000000003976       0x54 /usr/local/mcuxpressoide-10.1.0_589/ide/tools/bin/../lib/gcc/arm-none-eabi/6.3.1/../../../../arm-none-eabi/lib/thumb/v7e-m/fpv4-sp/softfp/libcr_c.a(_fflush.o)
                0x0000000000003976                _fflush
 .text._frexpl  0x00000000000039ca       0x58 /usr/local/mcuxpressoide-10.1.0_589/ide/tools/bin/../lib/gcc/arm-none-eabi/6.3.1/../../../../arm-none-eabi/lib/thumb/v7e-m/fpv4-sp/softfp/libcr_c.a(_frexpl.o)
                0x00000000000039ca                _frexpl
 *fill*         0x0000000000003a22        0x2 ff
 .text._ldexpl  0x0000000000003a24       0x4c /usr/local/mcuxpressoide-10.1.0_589/ide/tools/bin/../lib/gcc/arm-none-eabi/6.3.1/../../../../arm-none-eabi/lib/thumb/v7e-m/fpv4-sp/softfp/libcr_c.a(_ldexpl.o)
                0x0000000000003a24                _ldexpl
 .text._Cwritebuf
                0x0000000000003a70       0x6c /usr/local/mcuxpressoide-10.1.0_589/ide/tools/bin/../lib/gcc/arm-none-eabi/6.3.1/../../../../arm-none-eabi/lib/thumb/v7e-m/fpv4-sp/softfp/libcr_c.a(_writebuf.o)
                0x0000000000003a70                _Cwritebuf
 .text.malloc   0x0000000000003adc       0xc4 /usr/local/mcuxpressoide-10.1.0_589/ide/tools/bin/../lib/gcc/arm-none-eabi/6.3.1/../../../../arm-none-eabi/lib/thumb/v7e-m/fpv4-sp/softfp/libcr_c.a(alloc.o)
                0x0000000000003adc                malloc
 .text.free     0x0000000000003ba0       0x30 /usr/local/mcuxpressoide-10.1.0_589/ide/tools/bin/../lib/gcc/arm-none-eabi/6.3.1/../../../../arm-none-eabi/lib/thumb/v7e-m/fpv4-sp/softfp/libcr_c.a(alloc.o)
                0x0000000000003ba0                free
 .text._Csys_alloc
                0x0000000000003bd0       0x20 /usr/local/mcuxpressoide-10.1.0_589/ide/tools/bin/../lib/gcc/arm-none-eabi/6.3.1/../../../../arm-none-eabi/lib/thumb/v7e-m/fpv4-sp/softfp/libcr_c.a(alloc.o)
                0x0000000000003bd0                _Csys_alloc
 .text.fclose   0x0000000000003bf0       0x58 /usr/local/mcuxpressoide-10.1.0_589/ide/tools/bin/../lib/gcc/arm-none-eabi/6.3.1/../../../../arm-none-eabi/lib/thumb/v7e-m/fpv4-sp/softfp/libcr_c.a(fclose.o)
                0x0000000000003bf0                fclose
 .text.fflush   0x0000000000003c48       0x44 /usr/local/mcuxpressoide-10.1.0_589/ide/tools/bin/../lib/gcc/arm-none-eabi/6.3.1/../../../../arm-none-eabi/lib/thumb/v7e-m/fpv4-sp/softfp/libcr_c.a(fflush.o)
                0x0000000000003c48                fflush
 .text.fseek    0x0000000000003c8c      0x100 /usr/local/mcuxpressoide-10.1.0_589/ide/tools/bin/../lib/gcc/arm-none-eabi/6.3.1/../../../../arm-none-eabi/lib/thumb/v7e-m/fpv4-sp/softfp/libcr_c.a(fseek.o)
                0x0000000000003c8c                fseek
 .text.ftell    0x0000000000003d8c       0x48 /usr/local/mcuxpressoide-10.1.0_589/ide/tools/bin/../lib/gcc/arm-none-eabi/6.3.1/../../../../arm-none-eabi/lib/thumb/v7e-m/fpv4-sp/softfp/libcr_c.a(ftell.o)
                0x0000000000003d8c                ftell
 .text.remove   0x0000000000003dd4       0x14 /usr/local/mcuxpressoide-10.1.0_589/ide/tools/bin/../lib/gcc/arm-none-eabi/6.3.1/../../../../arm-none-eabi/lib/thumb/v7e-m/fpv4-sp/softfp/libcr_c.a(remove.o)
                0x0000000000003dd4                remove
 .text._sbrk    0x0000000000003de8       0x3c /usr/local/mcuxpressoide-10.1.0_589/ide/tools/bin/../lib/gcc/arm-none-eabi/6.3.1/../../../../arm-none-eabi/lib/thumb/v7e-m/fpv4-sp/softfp/libcr_c.a(_cr_sbrk.o)
                0x0000000000003de8                _sbrk
 .text._do_fflush
                0x0000000000003e24       0x40 /usr/local/mcuxpressoide-10.1.0_589/ide/tools/bin/../lib/gcc/arm-none-eabi/6.3.1/../../../../arm-none-eabi/lib/thumb/v7e-m/fpv4-sp/softfp/libcr_c.a(_do_fflush.o)
                0x0000000000003e24                _do_fflush
 .text.__check_heap_overflow
                0x0000000000003e64       0x18 /usr/local/mcuxpressoide-10.1.0_589/ide/tools/bin/../lib/gcc/arm-none-eabi/6.3.1/../../../../arm-none-eabi/lib/thumb/v7e-m/fpv4-sp/softfp/libcr_c.a(_cr_check_heap.o)
                0x0000000000003e64                __check_heap_overflow
 .text.__aeabi_dmul
                0x0000000000003e7c      0x118 /usr/local/mcuxpressoide-10.1.0_589/ide/tools/bin/../lib/gcc/arm-none-eabi/6.3.1/thumb/v7e-m/fpv4-sp/softfp/libcr_eabihelpers.a(double.o)
                0x0000000000003e7c                __aeabi_dmul
 .text.__aeabi_ddiv
                0x0000000000003f94      0x13c /usr/local/mcuxpressoide-10.1.0_589/ide/tools/bin/../lib/gcc/arm-none-eabi/6.3.1/thumb/v7e-m/fpv4-sp/softfp/libcr_eabihelpers.a(double.o)
                0x0000000000003f94                __aeabi_ddiv
 .text.__aeabi_dsub
                0x00000000000040d0      0x1cc /usr/local/mcuxpressoide-10.1.0_589/ide/tools/bin/../lib/gcc/arm-none-eabi/6.3.1/thumb/v7e-m/fpv4-sp/softfp/libcr_eabihelpers.a(double.o)
                0x00000000000040d0                __aeabi_dsub
 .text.__aeabi_dadd
                0x000000000000429c      0x114 /usr/local/mcuxpressoide-10.1.0_589/ide/tools/bin/../lib/gcc/arm-none-eabi/6.3.1/thumb/v7e-m/fpv4-sp/softfp/libcr_eabihelpers.a(double.o)
                0x000000000000429c                __aeabi_dadd
 .text.__aeabi_d2iz
                0x00000000000043b0       0x40 /usr/local/mcuxpressoide-10.1.0_589/ide/tools/bin/../lib/gcc/arm-none-eabi/6.3.1/thumb/v7e-m/fpv4-sp/softfp/libcr_eabihelpers.a(double.o)
                0x00000000000043b0                __aeabi_d2iz
 .text.__bhs_ui2d
                0x00000000000043f0       0x46 /usr/local/mcuxpressoide-10.1.0_589/ide/tools/bin/../lib/gcc/arm-none-eabi/6.3.1/thumb/v7e-m/fpv4-sp/softfp/libcr_eabihelpers.a(double.o)
                0x00000000000043f0                __bhs_ui2d
 .text.__aeabi_i2d
                0x0000000000004436       0x12 /usr/local/mcuxpressoide-10.1.0_589/ide/tools/bin/../lib/gcc/arm-none-eabi/6.3.1/thumb/v7e-m/fpv4-sp/softfp/libcr_eabihelpers.a(double.o)
                0x0000000000004436                __aeabi_i2d
 .text.__aeabi_dcmpeq
                0x0000000000004448       0x30 /usr/local/mcuxpressoide-10.1.0_589/ide/tools/bin/../lib/gcc/arm-none-eabi/6.3.1/thumb/v7e-m/fpv4-sp/softfp/libcr_eabihelpers.a(double.o)
                0x0000000000004448                __aeabi_dcmpeq
 .text.__aeabi_dcmplt
                0x0000000000004478       0x58 /usr/local/mcuxpressoide-10.1.0_589/ide/tools/bin/../lib/gcc/arm-none-eabi/6.3.1/thumb/v7e-m/fpv4-sp/softfp/libcr_eabihelpers.a(double.o)
                0x0000000000004478                __aeabi_dcmplt
 .text.__aeabi_dcmple
                0x00000000000044d0       0x54 /usr/local/mcuxpressoide-10.1.0_589/ide/tools/bin/../lib/gcc/arm-none-eabi/6.3.1/thumb/v7e-m/fpv4-sp/softfp/libcr_eabihelpers.a(double.o)
                0x00000000000044d0                __aeabi_dcmple
 .text.__aeabi_dcmpge
                0x0000000000004524       0x54 /usr/local/mcuxpressoide-10.1.0_589/ide/tools/bin/../lib/gcc/arm-none-eabi/6.3.1/thumb/v7e-m/fpv4-sp/softfp/libcr_eabihelpers.a(double.o)
                0x0000000000004524                __aeabi_dcmpge
 .text.__aeabi_memset_lowlevel
                0x0000000000004578       0x32 /usr/local/mcuxpressoide-10.1.0_589/ide/tools/bin/../lib/gcc/arm-none-eabi/6.3.1/thumb/v7e-m/fpv4-sp/softfp/libcr_eabihelpers.a(memcpy.o)
                0x0000000000004578                __aeabi_lowlevel_memset
 *fill*         0x00000000000045aa        0x2 ff
 .text.__sys_appexit
                0x00000000000045ac        0xc /usr/local/mcuxpressoide-10.1.0_589/ide/tools/bin/../lib/gcc/arm-none-eabi/6.3.1/../../../../arm-none-eabi/lib/thumb/v7e-m/fpv4-sp/softfp/libcr_semihost.a(__sys_appexit.o)
                0x00000000000045ac                __exit
                0x00000000000045ac                __sys_appexit
 .text.__sys_close
                0x00000000000045b8        0xc /usr/local/mcuxpressoide-10.1.0_589/ide/tools/bin/../lib/gcc/arm-none-eabi/6.3.1/../../../../arm-none-eabi/lib/thumb/v7e-m/fpv4-sp/softfp/libcr_semihost.a(__sys_close.o)
                0x00000000000045b8                __sys_close
 .text.__sys_flen
                0x00000000000045c4        0xc /usr/local/mcuxpressoide-10.1.0_589/ide/tools/bin/../lib/gcc/arm-none-eabi/6.3.1/../../../../arm-none-eabi/lib/thumb/v7e-m/fpv4-sp/softfp/libcr_semihost.a(__sys_flen.o)
                0x00000000000045c4                __sys_flen
 .text.__sys_istty
                0x00000000000045d0        0xc /usr/local/mcuxpressoide-10.1.0_589/ide/tools/bin/../lib/gcc/arm-none-eabi/6.3.1/../../../../arm-none-eabi/lib/thumb/v7e-m/fpv4-sp/softfp/libcr_semihost.a(__sys_istty.o)
                0x00000000000045d0                __sys_istty
 .text.__sys_remove
                0x00000000000045dc        0xc /usr/local/mcuxpressoide-10.1.0_589/ide/tools/bin/../lib/gcc/arm-none-eabi/6.3.1/../../../../arm-none-eabi/lib/thumb/v7e-m/fpv4-sp/softfp/libcr_semihost.a(__sys_remove.o)
                0x00000000000045dc                __sys_remove
 .text.__sys_seek
                0x00000000000045e8        0xc /usr/local/mcuxpressoide-10.1.0_589/ide/tools/bin/../lib/gcc/arm-none-eabi/6.3.1/../../../../arm-none-eabi/lib/thumb/v7e-m/fpv4-sp/softfp/libcr_semihost.a(__sys_seek.o)
                0x00000000000045e8                __sys_seek
 .text.__sys_tmpnam
                0x00000000000045f4        0xc /usr/local/mcuxpressoide-10.1.0_589/ide/tools/bin/../lib/gcc/arm-none-eabi/6.3.1/../../../../arm-none-eabi/lib/thumb/v7e-m/fpv4-sp/softfp/libcr_semihost.a(__sys_tmpnam.o)
                0x00000000000045f4                __sys_tmpnam
 *(.rodata .rodata.* .constdata .constdata.*)
 .rodata        0x0000000000004600      0x250 ./example/src/can.o
 .rodata.ledBits
                0x0000000000004850        0x2 /home/tobias/Documents/MCUXpresso_10.1.0_589/workspace/lpc_board_ea_devkit_4088/Debug/liblpc_board_ea_devkit_4088.a(board.o)
 *fill*         0x0000000000004852        0x2 ff
 .rodata.OscRateIn
                0x0000000000004854        0x4 /home/tobias/Documents/MCUXpresso_10.1.0_589/workspace/lpc_board_ea_devkit_4088/Debug/liblpc_board_ea_devkit_4088.a(board.o)
                0x0000000000004854                OscRateIn
 .rodata.pinmuxing
                0x0000000000004858       0x88 /home/tobias/Documents/MCUXpresso_10.1.0_589/workspace/lpc_board_ea_devkit_4088/Debug/liblpc_board_ea_devkit_4088.a(board_sysinit.o)
 .rodata.IS42S32800D_config
                0x00000000000048e0       0x74 /home/tobias/Documents/MCUXpresso_10.1.0_589/workspace/lpc_board_ea_devkit_4088/Debug/liblpc_board_ea_devkit_4088.a(board_sysinit.o)
 .rodata.SST39VF320_config
                0x0000000000004954       0x20 /home/tobias/Documents/MCUXpresso_10.1.0_589/workspace/lpc_board_ea_devkit_4088/Debug/liblpc_board_ea_devkit_4088.a(board_sysinit.o)
 .rodata.K9F1G_config
                0x0000000000004974       0x20 /home/tobias/Documents/MCUXpresso_10.1.0_589/workspace/lpc_board_ea_devkit_4088/Debug/liblpc_board_ea_devkit_4088.a(board_sysinit.o)
 .rodata.fp_display.str1.1
                0x0000000000004994       0x34 /usr/local/mcuxpressoide-10.1.0_589/ide/tools/bin/../lib/gcc/arm-none-eabi/6.3.1/../../../../arm-none-eabi/lib/thumb/v7e-m/fpv4-sp/softfp/libcr_c.a(fpprintf.o)
                                         0x35 (size before relaxing)
 .rodata._initio.str1.1
                0x00000000000049c8        0x4 /usr/local/mcuxpressoide-10.1.0_589/ide/tools/bin/../lib/gcc/arm-none-eabi/6.3.1/../../../../arm-none-eabi/lib/thumb/v7e-m/fpv4-sp/softfp/libcr_c.a(initio.o)
 .rodata.__vfprintf.str1.1
                0x00000000000049cc       0x31 /usr/local/mcuxpressoide-10.1.0_589/ide/tools/bin/../lib/gcc/arm-none-eabi/6.3.1/../../../../arm-none-eabi/lib/thumb/v7e-m/fpv4-sp/softfp/libcr_c.a(printf.o)
                                         0x38 (size before relaxing)
 .rodata._Csys_alloc.str1.1
                0x00000000000049fd       0x18 /usr/local/mcuxpressoide-10.1.0_589/ide/tools/bin/../lib/gcc/arm-none-eabi/6.3.1/../../../../arm-none-eabi/lib/thumb/v7e-m/fpv4-sp/softfp/libcr_c.a(alloc.o)
 *fill*         0x0000000000004a15        0x3 ff
 .rodata.__huge_vall
                0x0000000000004a18        0x8 /usr/local/mcuxpressoide-10.1.0_589/ide/tools/bin/../lib/gcc/arm-none-eabi/6.3.1/../../../../arm-none-eabi/lib/thumb/v7e-m/fpv4-sp/softfp/libcr_c.a(_hugeval.o)
                0x0000000000004a18                __huge_vall
 .rodata.__num_Ciob_streams
                0x0000000000004a20        0x4 /usr/local/mcuxpressoide-10.1.0_589/ide/tools/bin/../lib/gcc/arm-none-eabi/6.3.1/../../../../arm-none-eabi/lib/thumb/v7e-m/fpv4-sp/softfp/libcr_semihost.a(__ciob.o)
                0x0000000000004a20                __num_Ciob_streams
                0x0000000000004a24                . = ALIGN (0x4)

.glue_7         0x0000000000004a24        0x0
 .glue_7        0x0000000000004a24        0x0 linker stubs

.glue_7t        0x0000000000004a24        0x0
 .glue_7t       0x0000000000004a24        0x0 linker stubs

.vfp11_veneer   0x0000000000004a24        0x0
 .vfp11_veneer  0x0000000000004a24        0x0 linker stubs

.v4_bx          0x0000000000004a24        0x0
 .v4_bx         0x0000000000004a24        0x0 linker stubs

.iplt           0x0000000000004a24        0x0
 .iplt          0x0000000000004a24        0x0 ./example/src/can.o

.rel.dyn        0x0000000000004a24        0x0
 .rel.iplt      0x0000000000004a24        0x0 ./example/src/can.o

.ARM.extab
 *(.ARM.extab* .gnu.linkonce.armextab.*)
                0x0000000000004a24                __exidx_start = .

.ARM.exidx
 *(.ARM.exidx* .gnu.linkonce.armexidx.*)
                0x0000000000004a24                __exidx_end = .
                0x0000000000004a24                _etext = .

.data_RAM2      0x0000000020000000        0x0 load address 0x0000000000004a24
 FILL mask 0xff
                [!provide]                        PROVIDE (__start_data_RAM2, .)
 *(.ramfunc.$RAM2)
 *(.ramfunc.$RamPeriph32)
 *(.data.$RAM2*)
 *(.data.$RamPeriph32*)
                0x0000000020000000                . = ALIGN (0x4)
                [!provide]                        PROVIDE (__end_data_RAM2, .)

.uninit_RESERVED
                0x0000000010000000        0x0
 *(.bss.$RESERVED*)
                0x0000000010000000                . = ALIGN (0x4)
                0x0000000010000000                _end_uninit_RESERVED = .

.data           0x0000000010000000       0x80 load address 0x0000000000004a24
 FILL mask 0xff
                0x0000000010000000                _data = .
 *(vtable)
 *(.ramfunc*)
 *(.data*)
 .data.WelcomeMenu
                0x0000000010000000       0x7e ./example/src/can.o
                0x0000000010000080                . = ALIGN (0x4)
 *fill*         0x000000001000007e        0x2 ff
                0x0000000010000080                _edata = .

.igot.plt       0x0000000010000080        0x0 load address 0x0000000000004aa4
 .igot.plt      0x0000000010000080        0x0 ./example/src/can.o

.bss_RAM2       0x0000000020000000        0x0
                [!provide]                        PROVIDE (__start_bss_RAM2, .)
 *(.bss.$RAM2*)
 *(.bss.$RamPeriph32*)
                0x0000000020000000                . = ALIGN ((. != 0x0)?0x4:0x1)
                [!provide]                        PROVIDE (__end_bss_RAM2, .)

.bss            0x0000000010000080      0x1f0
                0x0000000010000080                _bss = .
 *(.bss*)
 .bss.errno     0x0000000010000080        0x4 /usr/local/mcuxpressoide-10.1.0_589/ide/tools/bin/../lib/gcc/arm-none-eabi/6.3.1/../../../../arm-none-eabi/lib/thumb/v7e-m/fpv4-sp/softfp/libcr_c.a(errno.o)
                0x0000000010000080                errno
 .bss.__end_of_heap
                0x0000000010000084        0x4 /usr/local/mcuxpressoide-10.1.0_589/ide/tools/bin/../lib/gcc/arm-none-eabi/6.3.1/../../../../arm-none-eabi/lib/thumb/v7e-m/fpv4-sp/softfp/libcr_c.a(__init_alloc.o)
                0x0000000010000084                __end_of_heap
 .bss.__heaps   0x0000000010000088        0x4 /usr/local/mcuxpressoide-10.1.0_589/ide/tools/bin/../lib/gcc/arm-none-eabi/6.3.1/../../../../arm-none-eabi/lib/thumb/v7e-m/fpv4-sp/softfp/libcr_c.a(__init_alloc.o)
                0x0000000010000088                __heaps
 .bss.__Ciob    0x000000001000008c      0x1e0 /usr/local/mcuxpressoide-10.1.0_589/ide/tools/bin/../lib/gcc/arm-none-eabi/6.3.1/../../../../arm-none-eabi/lib/thumb/v7e-m/fpv4-sp/softfp/libcr_semihost.a(__ciob.o)
                0x000000001000008c                __Ciob
 *(COMMON)
 COMMON         0x000000001000026c        0x4 /home/tobias/Documents/MCUXpresso_10.1.0_589/workspace/lpc_chip_40xx/Debug/liblpc_chip_40xx.a(chip_17xx_40xx.o)
                0x000000001000026c                SystemCoreClock
                0x0000000010000270                . = ALIGN (0x4)
                0x0000000010000270                _ebss = .
                [!provide]                        PROVIDE (end, .)

.noinit_RAM2    0x0000000020000000        0x0
 *(.noinit.$RAM2*)
 *(.noinit.$RamPeriph32*)
                0x0000000020000000                . = ALIGN (0x4)

.noinit         0x0000000010000270        0x0
                0x0000000010000270                _noinit = .
 *(.noinit*)
                0x0000000010000270                . = ALIGN (0x4)
                0x0000000010000270                _end_noinit = .
                0x0000000010000270                PROVIDE (_pvHeapStart, DEFINED (__user_heap_base)?__user_heap_base:.)
                0x0000000010010000                PROVIDE (_vStackTop, DEFINED (__user_stack_top)?__user_stack_top:(__top_RamLoc64 - 0x0))
                [!provide]                        PROVIDE (__valid_user_code_checksum, (0x0 - ((((((_vStackTop + (ResetISR + 0x1)) + (NMI_Handler + 0x1)) + (HardFault_Handler + 0x1)) + (DEFINED (MemManage_Handler)?MemManage_Handler:0x0 + 0x1)) + (DEFINED (BusFault_Handler)?BusFault_Handler:0x0 + 0x1)) + (DEFINED (UsageFault_Handler)?UsageFault_Handler:0x0 + 0x1))))
                0x0000000000000000                _image_start = LOADADDR (.text)
                0x0000000000004aa4                _image_end = (LOADADDR (.data) + SIZEOF (.data))
                0x0000000000004aa4                _image_size = (_image_end - _image_start)
OUTPUT(E4ISD2_can_Team1.axf elf32-littlearm)

.debug_info     0x0000000000000000     0x9524
 .debug_info    0x0000000000000000      0xb69 ./example/src/can.o
 .debug_info    0x0000000000000b69      0x26b ./example/src/cr_startup_lpc40xx.o
 .debug_info    0x0000000000000dd4      0x393 ./example/src/sysinit.o
 .debug_info    0x0000000000001167     0x1d74 /home/tobias/Documents/MCUXpresso_10.1.0_589/workspace/lpc_board_ea_devkit_4088/Debug/liblpc_board_ea_devkit_4088.a(board.o)
 .debug_info    0x0000000000002edb      0xca3 /home/tobias/Documents/MCUXpresso_10.1.0_589/workspace/lpc_board_ea_devkit_4088/Debug/liblpc_board_ea_devkit_4088.a(board_sysinit.o)
 .debug_info    0x0000000000003b7e     0x1ee6 /home/tobias/Documents/MCUXpresso_10.1.0_589/workspace/lpc_chip_40xx/Debug/liblpc_chip_40xx.a(can_17xx_40xx.o)
 .debug_info    0x0000000000005a64      0x632 /home/tobias/Documents/MCUXpresso_10.1.0_589/workspace/lpc_chip_40xx/Debug/liblpc_chip_40xx.a(chip_17xx_40xx.o)
 .debug_info    0x0000000000006096      0xbc5 /home/tobias/Documents/MCUXpresso_10.1.0_589/workspace/lpc_chip_40xx/Debug/liblpc_chip_40xx.a(clock_17xx_40xx.o)
 .debug_info    0x0000000000006c5b      0xc8d /home/tobias/Documents/MCUXpresso_10.1.0_589/workspace/lpc_chip_40xx/Debug/liblpc_chip_40xx.a(emc_17xx_40xx.o)
 .debug_info    0x00000000000078e8      0x15d /home/tobias/Documents/MCUXpresso_10.1.0_589/workspace/lpc_chip_40xx/Debug/liblpc_chip_40xx.a(fpu_init.o)
 .debug_info    0x0000000000007a45      0x23a /home/tobias/Documents/MCUXpresso_10.1.0_589/workspace/lpc_chip_40xx/Debug/liblpc_chip_40xx.a(iocon_17xx_40xx.o)
 .debug_info    0x0000000000007c7f      0x54e /home/tobias/Documents/MCUXpresso_10.1.0_589/workspace/lpc_chip_40xx/Debug/liblpc_chip_40xx.a(sysctl_17xx_40xx.o)
 .debug_info    0x00000000000081cd      0x52c /home/tobias/Documents/MCUXpresso_10.1.0_589/workspace/lpc_chip_40xx/Debug/liblpc_chip_40xx.a(sysinit_17xx_40xx.o)
 .debug_info    0x00000000000086f9      0xe2b /home/tobias/Documents/MCUXpresso_10.1.0_589/workspace/lpc_chip_40xx/Debug/liblpc_chip_40xx.a(uart_17xx_40xx.o)

.debug_abbrev   0x0000000000000000     0x1b6a
 .debug_abbrev  0x0000000000000000      0x246 ./example/src/can.o
 .debug_abbrev  0x0000000000000246      0x114 ./example/src/cr_startup_lpc40xx.o
 .debug_abbrev  0x000000000000035a      0x111 ./example/src/sysinit.o
 .debug_abbrev  0x000000000000046b      0x392 /home/tobias/Documents/MCUXpresso_10.1.0_589/workspace/lpc_board_ea_devkit_4088/Debug/liblpc_board_ea_devkit_4088.a(board.o)
 .debug_abbrev  0x00000000000007fd      0x24f /home/tobias/Documents/MCUXpresso_10.1.0_589/workspace/lpc_board_ea_devkit_4088/Debug/liblpc_board_ea_devkit_4088.a(board_sysinit.o)
 .debug_abbrev  0x0000000000000a4c      0x326 /home/tobias/Documents/MCUXpresso_10.1.0_589/workspace/lpc_chip_40xx/Debug/liblpc_chip_40xx.a(can_17xx_40xx.o)
 .debug_abbrev  0x0000000000000d72      0x16d /home/tobias/Documents/MCUXpresso_10.1.0_589/workspace/lpc_chip_40xx/Debug/liblpc_chip_40xx.a(chip_17xx_40xx.o)
 .debug_abbrev  0x0000000000000edf      0x2c9 /home/tobias/Documents/MCUXpresso_10.1.0_589/workspace/lpc_chip_40xx/Debug/liblpc_chip_40xx.a(clock_17xx_40xx.o)
 .debug_abbrev  0x00000000000011a8      0x207 /home/tobias/Documents/MCUXpresso_10.1.0_589/workspace/lpc_chip_40xx/Debug/liblpc_chip_40xx.a(emc_17xx_40xx.o)
 .debug_abbrev  0x00000000000013af       0xaa /home/tobias/Documents/MCUXpresso_10.1.0_589/workspace/lpc_chip_40xx/Debug/liblpc_chip_40xx.a(fpu_init.o)
 .debug_abbrev  0x0000000000001459      0x12c /home/tobias/Documents/MCUXpresso_10.1.0_589/workspace/lpc_chip_40xx/Debug/liblpc_chip_40xx.a(iocon_17xx_40xx.o)
 .debug_abbrev  0x0000000000001585      0x15e /home/tobias/Documents/MCUXpresso_10.1.0_589/workspace/lpc_chip_40xx/Debug/liblpc_chip_40xx.a(sysctl_17xx_40xx.o)
 .debug_abbrev  0x00000000000016e3      0x18a /home/tobias/Documents/MCUXpresso_10.1.0_589/workspace/lpc_chip_40xx/Debug/liblpc_chip_40xx.a(sysinit_17xx_40xx.o)
 .debug_abbrev  0x000000000000186d      0x2fd /home/tobias/Documents/MCUXpresso_10.1.0_589/workspace/lpc_chip_40xx/Debug/liblpc_chip_40xx.a(uart_17xx_40xx.o)

.debug_aranges  0x0000000000000000      0x910
 .debug_aranges
                0x0000000000000000       0x68 ./example/src/can.o
 .debug_aranges
                0x0000000000000068       0x80 ./example/src/cr_startup_lpc40xx.o
 .debug_aranges
                0x00000000000000e8       0x20 ./example/src/sysinit.o
 .debug_aranges
                0x0000000000000108      0x1f8 /home/tobias/Documents/MCUXpresso_10.1.0_589/workspace/lpc_board_ea_devkit_4088/Debug/liblpc_board_ea_devkit_4088.a(board.o)
 .debug_aranges
                0x0000000000000300       0x50 /home/tobias/Documents/MCUXpresso_10.1.0_589/workspace/lpc_board_ea_devkit_4088/Debug/liblpc_board_ea_devkit_4088.a(board_sysinit.o)
 .debug_aranges
                0x0000000000000350      0x1e8 /home/tobias/Documents/MCUXpresso_10.1.0_589/workspace/lpc_chip_40xx/Debug/liblpc_chip_40xx.a(can_17xx_40xx.o)
 .debug_aranges
                0x0000000000000538       0x30 /home/tobias/Documents/MCUXpresso_10.1.0_589/workspace/lpc_chip_40xx/Debug/liblpc_chip_40xx.a(chip_17xx_40xx.o)
 .debug_aranges
                0x0000000000000568      0x138 /home/tobias/Documents/MCUXpresso_10.1.0_589/workspace/lpc_chip_40xx/Debug/liblpc_chip_40xx.a(clock_17xx_40xx.o)
 .debug_aranges
                0x00000000000006a0       0x80 /home/tobias/Documents/MCUXpresso_10.1.0_589/workspace/lpc_chip_40xx/Debug/liblpc_chip_40xx.a(emc_17xx_40xx.o)
 .debug_aranges
                0x0000000000000720       0x20 /home/tobias/Documents/MCUXpresso_10.1.0_589/workspace/lpc_chip_40xx/Debug/liblpc_chip_40xx.a(fpu_init.o)
 .debug_aranges
                0x0000000000000740       0x28 /home/tobias/Documents/MCUXpresso_10.1.0_589/workspace/lpc_chip_40xx/Debug/liblpc_chip_40xx.a(iocon_17xx_40xx.o)
 .debug_aranges
                0x0000000000000768       0x28 /home/tobias/Documents/MCUXpresso_10.1.0_589/workspace/lpc_chip_40xx/Debug/liblpc_chip_40xx.a(sysctl_17xx_40xx.o)
 .debug_aranges
                0x0000000000000790       0x60 /home/tobias/Documents/MCUXpresso_10.1.0_589/workspace/lpc_chip_40xx/Debug/liblpc_chip_40xx.a(sysinit_17xx_40xx.o)
 .debug_aranges
                0x00000000000007f0      0x120 /home/tobias/Documents/MCUXpresso_10.1.0_589/workspace/lpc_chip_40xx/Debug/liblpc_chip_40xx.a(uart_17xx_40xx.o)

.debug_ranges   0x0000000000000000      0x860
 .debug_ranges  0x0000000000000000       0x58 ./example/src/can.o
 .debug_ranges  0x0000000000000058       0x70 ./example/src/cr_startup_lpc40xx.o
 .debug_ranges  0x00000000000000c8       0x10 ./example/src/sysinit.o
 .debug_ranges  0x00000000000000d8      0x1e8 /home/tobias/Documents/MCUXpresso_10.1.0_589/workspace/lpc_board_ea_devkit_4088/Debug/liblpc_board_ea_devkit_4088.a(board.o)
 .debug_ranges  0x00000000000002c0       0x40 /home/tobias/Documents/MCUXpresso_10.1.0_589/workspace/lpc_board_ea_devkit_4088/Debug/liblpc_board_ea_devkit_4088.a(board_sysinit.o)
 .debug_ranges  0x0000000000000300      0x208 /home/tobias/Documents/MCUXpresso_10.1.0_589/workspace/lpc_chip_40xx/Debug/liblpc_chip_40xx.a(can_17xx_40xx.o)
 .debug_ranges  0x0000000000000508       0x20 /home/tobias/Documents/MCUXpresso_10.1.0_589/workspace/lpc_chip_40xx/Debug/liblpc_chip_40xx.a(chip_17xx_40xx.o)
 .debug_ranges  0x0000000000000528      0x128 /home/tobias/Documents/MCUXpresso_10.1.0_589/workspace/lpc_chip_40xx/Debug/liblpc_chip_40xx.a(clock_17xx_40xx.o)
 .debug_ranges  0x0000000000000650       0x70 /home/tobias/Documents/MCUXpresso_10.1.0_589/workspace/lpc_chip_40xx/Debug/liblpc_chip_40xx.a(emc_17xx_40xx.o)
 .debug_ranges  0x00000000000006c0       0x10 /home/tobias/Documents/MCUXpresso_10.1.0_589/workspace/lpc_chip_40xx/Debug/liblpc_chip_40xx.a(fpu_init.o)
 .debug_ranges  0x00000000000006d0       0x18 /home/tobias/Documents/MCUXpresso_10.1.0_589/workspace/lpc_chip_40xx/Debug/liblpc_chip_40xx.a(iocon_17xx_40xx.o)
 .debug_ranges  0x00000000000006e8       0x18 /home/tobias/Documents/MCUXpresso_10.1.0_589/workspace/lpc_chip_40xx/Debug/liblpc_chip_40xx.a(sysctl_17xx_40xx.o)
 .debug_ranges  0x0000000000000700       0x50 /home/tobias/Documents/MCUXpresso_10.1.0_589/workspace/lpc_chip_40xx/Debug/liblpc_chip_40xx.a(sysinit_17xx_40xx.o)
 .debug_ranges  0x0000000000000750      0x110 /home/tobias/Documents/MCUXpresso_10.1.0_589/workspace/lpc_chip_40xx/Debug/liblpc_chip_40xx.a(uart_17xx_40xx.o)

.debug_macro    0x0000000000000000     0x66b2
 .debug_macro   0x0000000000000000      0x2c6 ./example/src/can.o
 .debug_macro   0x00000000000002c6      0x8c2 ./example/src/can.o
 .debug_macro   0x0000000000000b88       0x10 ./example/src/can.o
 .debug_macro   0x0000000000000b98      0x12d ./example/src/can.o
 .debug_macro   0x0000000000000cc5      0x5b2 ./example/src/can.o
 .debug_macro   0x0000000000001277       0x22 ./example/src/can.o
 .debug_macro   0x0000000000001299       0x7b ./example/src/can.o
 .debug_macro   0x0000000000001314       0x16 ./example/src/can.o
 .debug_macro   0x000000000000132a       0x2d ./example/src/can.o
 .debug_macro   0x0000000000001357       0x3b ./example/src/can.o
 .debug_macro   0x0000000000001392       0x2d ./example/src/can.o
 .debug_macro   0x00000000000013bf       0x42 ./example/src/can.o
 .debug_macro   0x0000000000001401      0xd39 ./example/src/can.o
 .debug_macro   0x000000000000213a      0x295 ./example/src/can.o
 .debug_macro   0x00000000000023cf       0x50 ./example/src/can.o
 .debug_macro   0x000000000000241f       0x34 ./example/src/can.o
 .debug_macro   0x0000000000002453      0x152 ./example/src/can.o
 .debug_macro   0x00000000000025a5       0x82 ./example/src/can.o
 .debug_macro   0x0000000000002627      0x48c ./example/src/can.o
 .debug_macro   0x0000000000002ab3      0x12d ./example/src/can.o
 .debug_macro   0x0000000000002be0       0x6a ./example/src/can.o
 .debug_macro   0x0000000000002c4a       0x34 ./example/src/can.o
 .debug_macro   0x0000000000002c7e       0x58 ./example/src/can.o
 .debug_macro   0x0000000000002cd6      0x236 ./example/src/can.o
 .debug_macro   0x0000000000002f0c      0x4c5 ./example/src/can.o
 .debug_macro   0x00000000000033d1      0x1da ./example/src/can.o
 .debug_macro   0x00000000000035ab       0x10 ./example/src/can.o
 .debug_macro   0x00000000000035bb      0x21b ./example/src/can.o
 .debug_macro   0x00000000000037d6      0x1b9 ./example/src/can.o
 .debug_macro   0x000000000000398f       0x2e ./example/src/can.o
 .debug_macro   0x00000000000039bd       0x40 ./example/src/can.o
 .debug_macro   0x00000000000039fd      0x209 ./example/src/can.o
 .debug_macro   0x0000000000003c06      0x2b3 ./example/src/can.o
 .debug_macro   0x0000000000003eb9      0x34c ./example/src/can.o
 .debug_macro   0x0000000000004205       0xb2 ./example/src/can.o
 .debug_macro   0x00000000000042b7       0x16 ./example/src/can.o
 .debug_macro   0x00000000000042cd       0xb8 ./example/src/can.o
 .debug_macro   0x0000000000004385       0x4c ./example/src/can.o
 .debug_macro   0x00000000000043d1       0x16 ./example/src/can.o
 .debug_macro   0x00000000000043e7      0x328 ./example/src/can.o
 .debug_macro   0x000000000000470f       0x3a ./example/src/can.o
 .debug_macro   0x0000000000004749       0x16 ./example/src/can.o
 .debug_macro   0x000000000000475f       0xca ./example/src/can.o
 .debug_macro   0x0000000000004829       0x18 ./example/src/can.o
 .debug_macro   0x0000000000004841       0x16 ./example/src/can.o
 .debug_macro   0x0000000000004857       0x8e ./example/src/can.o
 .debug_macro   0x00000000000048e5      0x124 ./example/src/can.o
 .debug_macro   0x0000000000004a09       0x6c ./example/src/can.o
 .debug_macro   0x0000000000004a75       0x9a ./example/src/can.o
 .debug_macro   0x0000000000004b0f       0x20 ./example/src/can.o
 .debug_macro   0x0000000000004b2f       0x2e ./example/src/can.o
 .debug_macro   0x0000000000004b5d       0x1d ./example/src/cr_startup_lpc40xx.o
 .debug_macro   0x0000000000004b7a      0x296 ./example/src/sysinit.o
 .debug_macro   0x0000000000004e10      0x3cf /home/tobias/Documents/MCUXpresso_10.1.0_589/workspace/lpc_board_ea_devkit_4088/Debug/liblpc_board_ea_devkit_4088.a(board.o)
 .debug_macro   0x00000000000051df       0x12 /home/tobias/Documents/MCUXpresso_10.1.0_589/workspace/lpc_board_ea_devkit_4088/Debug/liblpc_board_ea_devkit_4088.a(board.o)
 .debug_macro   0x00000000000051f1      0x29c /home/tobias/Documents/MCUXpresso_10.1.0_589/workspace/lpc_board_ea_devkit_4088/Debug/liblpc_board_ea_devkit_4088.a(board_sysinit.o)
 .debug_macro   0x000000000000548d      0x22c /home/tobias/Documents/MCUXpresso_10.1.0_589/workspace/lpc_chip_40xx/Debug/liblpc_chip_40xx.a(can_17xx_40xx.o)
 .debug_macro   0x00000000000056b9      0x22c /home/tobias/Documents/MCUXpresso_10.1.0_589/workspace/lpc_chip_40xx/Debug/liblpc_chip_40xx.a(chip_17xx_40xx.o)
 .debug_macro   0x00000000000058e5      0x22c /home/tobias/Documents/MCUXpresso_10.1.0_589/workspace/lpc_chip_40xx/Debug/liblpc_chip_40xx.a(clock_17xx_40xx.o)
 .debug_macro   0x0000000000005b11      0x232 /home/tobias/Documents/MCUXpresso_10.1.0_589/workspace/lpc_chip_40xx/Debug/liblpc_chip_40xx.a(emc_17xx_40xx.o)
 .debug_macro   0x0000000000005d43       0xbf /home/tobias/Documents/MCUXpresso_10.1.0_589/workspace/lpc_chip_40xx/Debug/liblpc_chip_40xx.a(fpu_init.o)
 .debug_macro   0x0000000000005e02      0x22c /home/tobias/Documents/MCUXpresso_10.1.0_589/workspace/lpc_chip_40xx/Debug/liblpc_chip_40xx.a(iocon_17xx_40xx.o)
 .debug_macro   0x000000000000602e      0x22c /home/tobias/Documents/MCUXpresso_10.1.0_589/workspace/lpc_chip_40xx/Debug/liblpc_chip_40xx.a(sysctl_17xx_40xx.o)
 .debug_macro   0x000000000000625a      0x22c /home/tobias/Documents/MCUXpresso_10.1.0_589/workspace/lpc_chip_40xx/Debug/liblpc_chip_40xx.a(sysinit_17xx_40xx.o)
 .debug_macro   0x0000000000006486      0x22c /home/tobias/Documents/MCUXpresso_10.1.0_589/workspace/lpc_chip_40xx/Debug/liblpc_chip_40xx.a(uart_17xx_40xx.o)

.debug_line     0x0000000000000000     0x5834
 .debug_line    0x0000000000000000      0x685 ./example/src/can.o
 .debug_line    0x0000000000000685       0xdf ./example/src/cr_startup_lpc40xx.o
 .debug_line    0x0000000000000764      0x57d ./example/src/sysinit.o
 .debug_line    0x0000000000000ce1      0xc15 /home/tobias/Documents/MCUXpresso_10.1.0_589/workspace/lpc_board_ea_devkit_4088/Debug/liblpc_board_ea_devkit_4088.a(board.o)
 .debug_line    0x00000000000018f6      0x62e /home/tobias/Documents/MCUXpresso_10.1.0_589/workspace/lpc_board_ea_devkit_4088/Debug/liblpc_board_ea_devkit_4088.a(board_sysinit.o)
 .debug_line    0x0000000000001f24      0xd45 /home/tobias/Documents/MCUXpresso_10.1.0_589/workspace/lpc_chip_40xx/Debug/liblpc_chip_40xx.a(can_17xx_40xx.o)
 .debug_line    0x0000000000002c69      0x4db /home/tobias/Documents/MCUXpresso_10.1.0_589/workspace/lpc_chip_40xx/Debug/liblpc_chip_40xx.a(chip_17xx_40xx.o)
 .debug_line    0x0000000000003144      0x79b /home/tobias/Documents/MCUXpresso_10.1.0_589/workspace/lpc_chip_40xx/Debug/liblpc_chip_40xx.a(clock_17xx_40xx.o)
 .debug_line    0x00000000000038df      0x654 /home/tobias/Documents/MCUXpresso_10.1.0_589/workspace/lpc_chip_40xx/Debug/liblpc_chip_40xx.a(emc_17xx_40xx.o)
 .debug_line    0x0000000000003f33      0x1fd /home/tobias/Documents/MCUXpresso_10.1.0_589/workspace/lpc_chip_40xx/Debug/liblpc_chip_40xx.a(fpu_init.o)
 .debug_line    0x0000000000004130      0x4ce /home/tobias/Documents/MCUXpresso_10.1.0_589/workspace/lpc_chip_40xx/Debug/liblpc_chip_40xx.a(iocon_17xx_40xx.o)
 .debug_line    0x00000000000045fe      0x4c0 /home/tobias/Documents/MCUXpresso_10.1.0_589/workspace/lpc_chip_40xx/Debug/liblpc_chip_40xx.a(sysctl_17xx_40xx.o)
 .debug_line    0x0000000000004abe      0x56a /home/tobias/Documents/MCUXpresso_10.1.0_589/workspace/lpc_chip_40xx/Debug/liblpc_chip_40xx.a(sysinit_17xx_40xx.o)
 .debug_line    0x0000000000005028      0x80c /home/tobias/Documents/MCUXpresso_10.1.0_589/workspace/lpc_chip_40xx/Debug/liblpc_chip_40xx.a(uart_17xx_40xx.o)

.debug_str      0x0000000000000000    0x1af4a
 .debug_str     0x0000000000000000    0x176e8 ./example/src/can.o
                                      0x17841 (size before relaxing)
 .debug_str     0x00000000000176e8      0x1e5 ./example/src/cr_startup_lpc40xx.o
                                       0x27b4 (size before relaxing)
 .debug_str     0x00000000000178cd       0x19 ./example/src/sysinit.o
                                      0x1709e (size before relaxing)
 .debug_str     0x00000000000178e6     0x15a1 /home/tobias/Documents/MCUXpresso_10.1.0_589/workspace/lpc_board_ea_devkit_4088/Debug/liblpc_board_ea_devkit_4088.a(board.o)
                                      0x1887c (size before relaxing)
 .debug_str     0x0000000000018e87      0x67b /home/tobias/Documents/MCUXpresso_10.1.0_589/workspace/lpc_board_ea_devkit_4088/Debug/liblpc_board_ea_devkit_4088.a(board_sysinit.o)
                                      0x17bf6 (size before relaxing)
 .debug_str     0x0000000000019502      0x8e1 /home/tobias/Documents/MCUXpresso_10.1.0_589/workspace/lpc_chip_40xx/Debug/liblpc_chip_40xx.a(can_17xx_40xx.o)
                                      0x17240 (size before relaxing)
 .debug_str     0x0000000000019de3       0xe6 /home/tobias/Documents/MCUXpresso_10.1.0_589/workspace/lpc_chip_40xx/Debug/liblpc_chip_40xx.a(chip_17xx_40xx.o)
                                      0x16904 (size before relaxing)
 .debug_str     0x0000000000019ec9      0x61d /home/tobias/Documents/MCUXpresso_10.1.0_589/workspace/lpc_chip_40xx/Debug/liblpc_chip_40xx.a(clock_17xx_40xx.o)
                                      0x16d9b (size before relaxing)
 .debug_str     0x000000000001a4e6      0x4a5 /home/tobias/Documents/MCUXpresso_10.1.0_589/workspace/lpc_chip_40xx/Debug/liblpc_chip_40xx.a(emc_17xx_40xx.o)
                                      0x1694b (size before relaxing)
 .debug_str     0x000000000001a98b       0xb5 /home/tobias/Documents/MCUXpresso_10.1.0_589/workspace/lpc_chip_40xx/Debug/liblpc_chip_40xx.a(fpu_init.o)
                                       0x9970 (size before relaxing)
 .debug_str     0x000000000001aa40       0x46 /home/tobias/Documents/MCUXpresso_10.1.0_589/workspace/lpc_chip_40xx/Debug/liblpc_chip_40xx.a(iocon_17xx_40xx.o)
                                      0x162ab (size before relaxing)
 .debug_str     0x000000000001aa86       0x73 /home/tobias/Documents/MCUXpresso_10.1.0_589/workspace/lpc_chip_40xx/Debug/liblpc_chip_40xx.a(sysctl_17xx_40xx.o)
                                      0x1669e (size before relaxing)
 .debug_str     0x000000000001aaf9       0xda /home/tobias/Documents/MCUXpresso_10.1.0_589/workspace/lpc_chip_40xx/Debug/liblpc_chip_40xx.a(sysinit_17xx_40xx.o)
                                      0x16577 (size before relaxing)
 .debug_str     0x000000000001abd3      0x377 /home/tobias/Documents/MCUXpresso_10.1.0_589/workspace/lpc_chip_40xx/Debug/liblpc_chip_40xx.a(uart_17xx_40xx.o)
                                      0x16b3d (size before relaxing)

.comment        0x0000000000000000       0x7f
 .comment       0x0000000000000000       0x7f ./example/src/can.o
                                         0x80 (size before relaxing)
 .comment       0x000000000000007f       0x80 ./example/src/cr_startup_lpc40xx.o
 .comment       0x000000000000007f       0x80 ./example/src/sysinit.o
 .comment       0x000000000000007f       0x80 /home/tobias/Documents/MCUXpresso_10.1.0_589/workspace/lpc_board_ea_devkit_4088/Debug/liblpc_board_ea_devkit_4088.a(board.o)
 .comment       0x000000000000007f       0x80 /home/tobias/Documents/MCUXpresso_10.1.0_589/workspace/lpc_board_ea_devkit_4088/Debug/liblpc_board_ea_devkit_4088.a(board_sysinit.o)
 .comment       0x000000000000007f       0x80 /home/tobias/Documents/MCUXpresso_10.1.0_589/workspace/lpc_chip_40xx/Debug/liblpc_chip_40xx.a(can_17xx_40xx.o)
 .comment       0x000000000000007f       0x80 /home/tobias/Documents/MCUXpresso_10.1.0_589/workspace/lpc_chip_40xx/Debug/liblpc_chip_40xx.a(chip_17xx_40xx.o)
 .comment       0x000000000000007f       0x80 /home/tobias/Documents/MCUXpresso_10.1.0_589/workspace/lpc_chip_40xx/Debug/liblpc_chip_40xx.a(clock_17xx_40xx.o)
 .comment       0x000000000000007f       0x80 /home/tobias/Documents/MCUXpresso_10.1.0_589/workspace/lpc_chip_40xx/Debug/liblpc_chip_40xx.a(emc_17xx_40xx.o)
 .comment       0x000000000000007f       0x80 /home/tobias/Documents/MCUXpresso_10.1.0_589/workspace/lpc_chip_40xx/Debug/liblpc_chip_40xx.a(fpu_init.o)
 .comment       0x000000000000007f       0x80 /home/tobias/Documents/MCUXpresso_10.1.0_589/workspace/lpc_chip_40xx/Debug/liblpc_chip_40xx.a(iocon_17xx_40xx.o)
 .comment       0x000000000000007f       0x80 /home/tobias/Documents/MCUXpresso_10.1.0_589/workspace/lpc_chip_40xx/Debug/liblpc_chip_40xx.a(sysctl_17xx_40xx.o)
 .comment       0x000000000000007f       0x80 /home/tobias/Documents/MCUXpresso_10.1.0_589/workspace/lpc_chip_40xx/Debug/liblpc_chip_40xx.a(sysinit_17xx_40xx.o)
 .comment       0x000000000000007f       0x80 /home/tobias/Documents/MCUXpresso_10.1.0_589/workspace/lpc_chip_40xx/Debug/liblpc_chip_40xx.a(uart_17xx_40xx.o)
 .comment       0x000000000000007f       0x80 /usr/local/mcuxpressoide-10.1.0_589/ide/tools/bin/../lib/gcc/arm-none-eabi/6.3.1/../../../../arm-none-eabi/lib/thumb/v7e-m/fpv4-sp/softfp/libcr_semihost.a(_cr__main.o)
 .comment       0x000000000000007f       0x80 /usr/local/mcuxpressoide-10.1.0_589/ide/tools/bin/../lib/gcc/arm-none-eabi/6.3.1/../../../../arm-none-eabi/lib/thumb/v7e-m/fpv4-sp/softfp/libcr_c.a(fpprintf.o)
 .comment       0x000000000000007f       0x80 /usr/local/mcuxpressoide-10.1.0_589/ide/tools/bin/../lib/gcc/arm-none-eabi/6.3.1/../../../../arm-none-eabi/lib/thumb/v7e-m/fpv4-sp/softfp/libcr_c.a(initio.o)
 .comment       0x000000000000007f       0x80 /usr/local/mcuxpressoide-10.1.0_589/ide/tools/bin/../lib/gcc/arm-none-eabi/6.3.1/../../../../arm-none-eabi/lib/thumb/v7e-m/fpv4-sp/softfp/libcr_c.a(printf.o)
 .comment       0x000000000000007f       0x80 /usr/local/mcuxpressoide-10.1.0_589/ide/tools/bin/../lib/gcc/arm-none-eabi/6.3.1/../../../../arm-none-eabi/lib/thumb/v7e-m/fpv4-sp/softfp/libcr_c.a(setvbuf.o)
 .comment       0x000000000000007f       0x80 /usr/local/mcuxpressoide-10.1.0_589/ide/tools/bin/../lib/gcc/arm-none-eabi/6.3.1/../../../../arm-none-eabi/lib/thumb/v7e-m/fpv4-sp/softfp/libcr_c.a(strlen.o)
 .comment       0x000000000000007f       0x80 /usr/local/mcuxpressoide-10.1.0_589/ide/tools/bin/../lib/gcc/arm-none-eabi/6.3.1/../../../../arm-none-eabi/lib/thumb/v7e-m/fpv4-sp/softfp/libcr_c.a(memset.o)
 .comment       0x000000000000007f       0x80 /usr/local/mcuxpressoide-10.1.0_589/ide/tools/bin/../lib/gcc/arm-none-eabi/6.3.1/../../../../arm-none-eabi/lib/thumb/v7e-m/fpv4-sp/softfp/libcr_c.a(_deferredlazyseek.o)
 .comment       0x000000000000007f       0x80 /usr/local/mcuxpressoide-10.1.0_589/ide/tools/bin/../lib/gcc/arm-none-eabi/6.3.1/../../../../arm-none-eabi/lib/thumb/v7e-m/fpv4-sp/softfp/libcr_c.a(_fdopen.o)
 .comment       0x000000000000007f       0x80 /usr/local/mcuxpressoide-10.1.0_589/ide/tools/bin/../lib/gcc/arm-none-eabi/6.3.1/../../../../arm-none-eabi/lib/thumb/v7e-m/fpv4-sp/softfp/libcr_c.a(_fflush.o)
 .comment       0x000000000000007f       0x80 /usr/local/mcuxpressoide-10.1.0_589/ide/tools/bin/../lib/gcc/arm-none-eabi/6.3.1/../../../../arm-none-eabi/lib/thumb/v7e-m/fpv4-sp/softfp/libcr_c.a(_frexpl.o)
 .comment       0x000000000000007f       0x80 /usr/local/mcuxpressoide-10.1.0_589/ide/tools/bin/../lib/gcc/arm-none-eabi/6.3.1/../../../../arm-none-eabi/lib/thumb/v7e-m/fpv4-sp/softfp/libcr_c.a(_ldexpl.o)
 .comment       0x000000000000007f       0x80 /usr/local/mcuxpressoide-10.1.0_589/ide/tools/bin/../lib/gcc/arm-none-eabi/6.3.1/../../../../arm-none-eabi/lib/thumb/v7e-m/fpv4-sp/softfp/libcr_c.a(_writebuf.o)
 .comment       0x000000000000007f       0x80 /usr/local/mcuxpressoide-10.1.0_589/ide/tools/bin/../lib/gcc/arm-none-eabi/6.3.1/../../../../arm-none-eabi/lib/thumb/v7e-m/fpv4-sp/softfp/libcr_c.a(alloc.o)
 .comment       0x000000000000007f       0x80 /usr/local/mcuxpressoide-10.1.0_589/ide/tools/bin/../lib/gcc/arm-none-eabi/6.3.1/../../../../arm-none-eabi/lib/thumb/v7e-m/fpv4-sp/softfp/libcr_c.a(errno.o)
 .comment       0x000000000000007f       0x80 /usr/local/mcuxpressoide-10.1.0_589/ide/tools/bin/../lib/gcc/arm-none-eabi/6.3.1/../../../../arm-none-eabi/lib/thumb/v7e-m/fpv4-sp/softfp/libcr_c.a(fclose.o)
 .comment       0x000000000000007f       0x80 /usr/local/mcuxpressoide-10.1.0_589/ide/tools/bin/../lib/gcc/arm-none-eabi/6.3.1/../../../../arm-none-eabi/lib/thumb/v7e-m/fpv4-sp/softfp/libcr_c.a(fflush.o)
 .comment       0x000000000000007f       0x80 /usr/local/mcuxpressoide-10.1.0_589/ide/tools/bin/../lib/gcc/arm-none-eabi/6.3.1/../../../../arm-none-eabi/lib/thumb/v7e-m/fpv4-sp/softfp/libcr_c.a(fseek.o)
 .comment       0x000000000000007f       0x80 /usr/local/mcuxpressoide-10.1.0_589/ide/tools/bin/../lib/gcc/arm-none-eabi/6.3.1/../../../../arm-none-eabi/lib/thumb/v7e-m/fpv4-sp/softfp/libcr_c.a(ftell.o)
 .comment       0x000000000000007f       0x80 /usr/local/mcuxpressoide-10.1.0_589/ide/tools/bin/../lib/gcc/arm-none-eabi/6.3.1/../../../../arm-none-eabi/lib/thumb/v7e-m/fpv4-sp/softfp/libcr_c.a(remove.o)
 .comment       0x000000000000007f       0x80 /usr/local/mcuxpressoide-10.1.0_589/ide/tools/bin/../lib/gcc/arm-none-eabi/6.3.1/../../../../arm-none-eabi/lib/thumb/v7e-m/fpv4-sp/softfp/libcr_c.a(__init_alloc.o)
 .comment       0x000000000000007f       0x80 /usr/local/mcuxpressoide-10.1.0_589/ide/tools/bin/../lib/gcc/arm-none-eabi/6.3.1/../../../../arm-none-eabi/lib/thumb/v7e-m/fpv4-sp/softfp/libcr_c.a(_cr_sbrk.o)
 .comment       0x000000000000007f       0x80 /usr/local/mcuxpressoide-10.1.0_589/ide/tools/bin/../lib/gcc/arm-none-eabi/6.3.1/../../../../arm-none-eabi/lib/thumb/v7e-m/fpv4-sp/softfp/libcr_c.a(_do_fflush.o)
 .comment       0x000000000000007f       0x80 /usr/local/mcuxpressoide-10.1.0_589/ide/tools/bin/../lib/gcc/arm-none-eabi/6.3.1/../../../../arm-none-eabi/lib/thumb/v7e-m/fpv4-sp/softfp/libcr_c.a(_hugeval.o)
 .comment       0x000000000000007f       0x80 /usr/local/mcuxpressoide-10.1.0_589/ide/tools/bin/../lib/gcc/arm-none-eabi/6.3.1/../../../../arm-none-eabi/lib/thumb/v7e-m/fpv4-sp/softfp/libcr_c.a(_cr_check_heap.o)
 .comment       0x000000000000007f       0x80 /usr/local/mcuxpressoide-10.1.0_589/ide/tools/bin/../lib/gcc/arm-none-eabi/6.3.1/thumb/v7e-m/fpv4-sp/softfp/libcr_eabihelpers.a(double.o)
 .comment       0x000000000000007f       0x80 /usr/local/mcuxpressoide-10.1.0_589/ide/tools/bin/../lib/gcc/arm-none-eabi/6.3.1/../../../../arm-none-eabi/lib/thumb/v7e-m/fpv4-sp/softfp/libcr_semihost.a(__ciob.o)

.ARM.attributes
                0x0000000000000000       0x35
 .ARM.attributes
                0x0000000000000000       0x37 ./example/src/can.o
 .ARM.attributes
                0x0000000000000037       0x37 ./example/src/cr_startup_lpc40xx.o
 .ARM.attributes
                0x000000000000006e       0x37 ./example/src/sysinit.o
 .ARM.attributes
                0x00000000000000a5       0x37 /home/tobias/Documents/MCUXpresso_10.1.0_589/workspace/lpc_board_ea_devkit_4088/Debug/liblpc_board_ea_devkit_4088.a(board.o)
 .ARM.attributes
                0x00000000000000dc       0x37 /home/tobias/Documents/MCUXpresso_10.1.0_589/workspace/lpc_board_ea_devkit_4088/Debug/liblpc_board_ea_devkit_4088.a(board_sysinit.o)
 .ARM.attributes
                0x0000000000000113       0x37 /home/tobias/Documents/MCUXpresso_10.1.0_589/workspace/lpc_chip_40xx/Debug/liblpc_chip_40xx.a(can_17xx_40xx.o)
 .ARM.attributes
                0x000000000000014a       0x37 /home/tobias/Documents/MCUXpresso_10.1.0_589/workspace/lpc_chip_40xx/Debug/liblpc_chip_40xx.a(chip_17xx_40xx.o)
 .ARM.attributes
                0x0000000000000181       0x37 /home/tobias/Documents/MCUXpresso_10.1.0_589/workspace/lpc_chip_40xx/Debug/liblpc_chip_40xx.a(clock_17xx_40xx.o)
 .ARM.attributes
                0x00000000000001b8       0x37 /home/tobias/Documents/MCUXpresso_10.1.0_589/workspace/lpc_chip_40xx/Debug/liblpc_chip_40xx.a(emc_17xx_40xx.o)
 .ARM.attributes
                0x00000000000001ef       0x37 /home/tobias/Documents/MCUXpresso_10.1.0_589/workspace/lpc_chip_40xx/Debug/liblpc_chip_40xx.a(fpu_init.o)
 .ARM.attributes
                0x0000000000000226       0x37 /home/tobias/Documents/MCUXpresso_10.1.0_589/workspace/lpc_chip_40xx/Debug/liblpc_chip_40xx.a(iocon_17xx_40xx.o)
 .ARM.attributes
                0x000000000000025d       0x37 /home/tobias/Documents/MCUXpresso_10.1.0_589/workspace/lpc_chip_40xx/Debug/liblpc_chip_40xx.a(sysctl_17xx_40xx.o)
 .ARM.attributes
                0x0000000000000294       0x37 /home/tobias/Documents/MCUXpresso_10.1.0_589/workspace/lpc_chip_40xx/Debug/liblpc_chip_40xx.a(sysinit_17xx_40xx.o)
 .ARM.attributes
                0x00000000000002cb       0x37 /home/tobias/Documents/MCUXpresso_10.1.0_589/workspace/lpc_chip_40xx/Debug/liblpc_chip_40xx.a(uart_17xx_40xx.o)
 .ARM.attributes
                0x0000000000000302       0x37 /usr/local/mcuxpressoide-10.1.0_589/ide/tools/bin/../lib/gcc/arm-none-eabi/6.3.1/../../../../arm-none-eabi/lib/thumb/v7e-m/fpv4-sp/softfp/libcr_semihost.a(_cr__main.o)
 .ARM.attributes
                0x0000000000000339       0x37 /usr/local/mcuxpressoide-10.1.0_589/ide/tools/bin/../lib/gcc/arm-none-eabi/6.3.1/../../../../arm-none-eabi/lib/thumb/v7e-m/fpv4-sp/softfp/libcr_c.a(fpprintf.o)
 .ARM.attributes
                0x0000000000000370       0x37 /usr/local/mcuxpressoide-10.1.0_589/ide/tools/bin/../lib/gcc/arm-none-eabi/6.3.1/../../../../arm-none-eabi/lib/thumb/v7e-m/fpv4-sp/softfp/libcr_c.a(initio.o)
 .ARM.attributes
                0x00000000000003a7       0x37 /usr/local/mcuxpressoide-10.1.0_589/ide/tools/bin/../lib/gcc/arm-none-eabi/6.3.1/../../../../arm-none-eabi/lib/thumb/v7e-m/fpv4-sp/softfp/libcr_c.a(printf.o)
 .ARM.attributes
                0x00000000000003de       0x37 /usr/local/mcuxpressoide-10.1.0_589/ide/tools/bin/../lib/gcc/arm-none-eabi/6.3.1/../../../../arm-none-eabi/lib/thumb/v7e-m/fpv4-sp/softfp/libcr_c.a(setvbuf.o)
 .ARM.attributes
                0x0000000000000415       0x37 /usr/local/mcuxpressoide-10.1.0_589/ide/tools/bin/../lib/gcc/arm-none-eabi/6.3.1/../../../../arm-none-eabi/lib/thumb/v7e-m/fpv4-sp/softfp/libcr_c.a(strlen.o)
 .ARM.attributes
                0x000000000000044c       0x37 /usr/local/mcuxpressoide-10.1.0_589/ide/tools/bin/../lib/gcc/arm-none-eabi/6.3.1/../../../../arm-none-eabi/lib/thumb/v7e-m/fpv4-sp/softfp/libcr_c.a(memset.o)
 .ARM.attributes
                0x0000000000000483       0x37 /usr/local/mcuxpressoide-10.1.0_589/ide/tools/bin/../lib/gcc/arm-none-eabi/6.3.1/../../../../arm-none-eabi/lib/thumb/v7e-m/fpv4-sp/softfp/libcr_c.a(_deferredlazyseek.o)
 .ARM.attributes
                0x00000000000004ba       0x37 /usr/local/mcuxpressoide-10.1.0_589/ide/tools/bin/../lib/gcc/arm-none-eabi/6.3.1/../../../../arm-none-eabi/lib/thumb/v7e-m/fpv4-sp/softfp/libcr_c.a(_fdopen.o)
 .ARM.attributes
                0x00000000000004f1       0x37 /usr/local/mcuxpressoide-10.1.0_589/ide/tools/bin/../lib/gcc/arm-none-eabi/6.3.1/../../../../arm-none-eabi/lib/thumb/v7e-m/fpv4-sp/softfp/libcr_c.a(_fflush.o)
 .ARM.attributes
                0x0000000000000528       0x37 /usr/local/mcuxpressoide-10.1.0_589/ide/tools/bin/../lib/gcc/arm-none-eabi/6.3.1/../../../../arm-none-eabi/lib/thumb/v7e-m/fpv4-sp/softfp/libcr_c.a(_frexpl.o)
 .ARM.attributes
                0x000000000000055f       0x37 /usr/local/mcuxpressoide-10.1.0_589/ide/tools/bin/../lib/gcc/arm-none-eabi/6.3.1/../../../../arm-none-eabi/lib/thumb/v7e-m/fpv4-sp/softfp/libcr_c.a(_ldexpl.o)
 .ARM.attributes
                0x0000000000000596       0x37 /usr/local/mcuxpressoide-10.1.0_589/ide/tools/bin/../lib/gcc/arm-none-eabi/6.3.1/../../../../arm-none-eabi/lib/thumb/v7e-m/fpv4-sp/softfp/libcr_c.a(_writebuf.o)
 .ARM.attributes
                0x00000000000005cd       0x37 /usr/local/mcuxpressoide-10.1.0_589/ide/tools/bin/../lib/gcc/arm-none-eabi/6.3.1/../../../../arm-none-eabi/lib/thumb/v7e-m/fpv4-sp/softfp/libcr_c.a(alloc.o)
 .ARM.attributes
                0x0000000000000604       0x37 /usr/local/mcuxpressoide-10.1.0_589/ide/tools/bin/../lib/gcc/arm-none-eabi/6.3.1/../../../../arm-none-eabi/lib/thumb/v7e-m/fpv4-sp/softfp/libcr_c.a(errno.o)
 .ARM.attributes
                0x000000000000063b       0x37 /usr/local/mcuxpressoide-10.1.0_589/ide/tools/bin/../lib/gcc/arm-none-eabi/6.3.1/../../../../arm-none-eabi/lib/thumb/v7e-m/fpv4-sp/softfp/libcr_c.a(fclose.o)
 .ARM.attributes
                0x0000000000000672       0x37 /usr/local/mcuxpressoide-10.1.0_589/ide/tools/bin/../lib/gcc/arm-none-eabi/6.3.1/../../../../arm-none-eabi/lib/thumb/v7e-m/fpv4-sp/softfp/libcr_c.a(fflush.o)
 .ARM.attributes
                0x00000000000006a9       0x37 /usr/local/mcuxpressoide-10.1.0_589/ide/tools/bin/../lib/gcc/arm-none-eabi/6.3.1/../../../../arm-none-eabi/lib/thumb/v7e-m/fpv4-sp/softfp/libcr_c.a(fseek.o)
 .ARM.attributes
                0x00000000000006e0       0x37 /usr/local/mcuxpressoide-10.1.0_589/ide/tools/bin/../lib/gcc/arm-none-eabi/6.3.1/../../../../arm-none-eabi/lib/thumb/v7e-m/fpv4-sp/softfp/libcr_c.a(ftell.o)
 .ARM.attributes
                0x0000000000000717       0x37 /usr/local/mcuxpressoide-10.1.0_589/ide/tools/bin/../lib/gcc/arm-none-eabi/6.3.1/../../../../arm-none-eabi/lib/thumb/v7e-m/fpv4-sp/softfp/libcr_c.a(remove.o)
 .ARM.attributes
                0x000000000000074e       0x37 /usr/local/mcuxpressoide-10.1.0_589/ide/tools/bin/../lib/gcc/arm-none-eabi/6.3.1/../../../../arm-none-eabi/lib/thumb/v7e-m/fpv4-sp/softfp/libcr_c.a(__init_alloc.o)
 .ARM.attributes
                0x0000000000000785       0x37 /usr/local/mcuxpressoide-10.1.0_589/ide/tools/bin/../lib/gcc/arm-none-eabi/6.3.1/../../../../arm-none-eabi/lib/thumb/v7e-m/fpv4-sp/softfp/libcr_c.a(_cr_sbrk.o)
 .ARM.attributes
                0x00000000000007bc       0x37 /usr/local/mcuxpressoide-10.1.0_589/ide/tools/bin/../lib/gcc/arm-none-eabi/6.3.1/../../../../arm-none-eabi/lib/thumb/v7e-m/fpv4-sp/softfp/libcr_c.a(_do_fflush.o)
 .ARM.attributes
                0x00000000000007f3       0x37 /usr/local/mcuxpressoide-10.1.0_589/ide/tools/bin/../lib/gcc/arm-none-eabi/6.3.1/../../../../arm-none-eabi/lib/thumb/v7e-m/fpv4-sp/softfp/libcr_c.a(_hugeval.o)
 .ARM.attributes
                0x000000000000082a       0x37 /usr/local/mcuxpressoide-10.1.0_589/ide/tools/bin/../lib/gcc/arm-none-eabi/6.3.1/../../../../arm-none-eabi/lib/thumb/v7e-m/fpv4-sp/softfp/libcr_c.a(_cr_check_heap.o)
 .ARM.attributes
                0x0000000000000861       0x37 /usr/local/mcuxpressoide-10.1.0_589/ide/tools/bin/../lib/gcc/arm-none-eabi/6.3.1/thumb/v7e-m/fpv4-sp/softfp/libcr_eabihelpers.a(double.o)
 .ARM.attributes
                0x0000000000000898       0x25 /usr/local/mcuxpressoide-10.1.0_589/ide/tools/bin/../lib/gcc/arm-none-eabi/6.3.1/thumb/v7e-m/fpv4-sp/softfp/libcr_eabihelpers.a(memcpy.o)
 .ARM.attributes
                0x00000000000008bd       0x37 /usr/local/mcuxpressoide-10.1.0_589/ide/tools/bin/../lib/gcc/arm-none-eabi/6.3.1/../../../../arm-none-eabi/lib/thumb/v7e-m/fpv4-sp/softfp/libcr_semihost.a(__ciob.o)
 .ARM.attributes
                0x00000000000008f4       0x25 /usr/local/mcuxpressoide-10.1.0_589/ide/tools/bin/../lib/gcc/arm-none-eabi/6.3.1/../../../../arm-none-eabi/lib/thumb/v7e-m/fpv4-sp/softfp/libcr_semihost.a(__sys_appexit.o)
 .ARM.attributes
                0x0000000000000919       0x25 /usr/local/mcuxpressoide-10.1.0_589/ide/tools/bin/../lib/gcc/arm-none-eabi/6.3.1/../../../../arm-none-eabi/lib/thumb/v7e-m/fpv4-sp/softfp/libcr_semihost.a(__sys_close.o)
 .ARM.attributes
                0x000000000000093e       0x25 /usr/local/mcuxpressoide-10.1.0_589/ide/tools/bin/../lib/gcc/arm-none-eabi/6.3.1/../../../../arm-none-eabi/lib/thumb/v7e-m/fpv4-sp/softfp/libcr_semihost.a(__sys_flen.o)
 .ARM.attributes
                0x0000000000000963       0x25 /usr/local/mcuxpressoide-10.1.0_589/ide/tools/bin/../lib/gcc/arm-none-eabi/6.3.1/../../../../arm-none-eabi/lib/thumb/v7e-m/fpv4-sp/softfp/libcr_semihost.a(__sys_istty.o)
 .ARM.attributes
                0x0000000000000988       0x25 /usr/local/mcuxpressoide-10.1.0_589/ide/tools/bin/../lib/gcc/arm-none-eabi/6.3.1/../../../../arm-none-eabi/lib/thumb/v7e-m/fpv4-sp/softfp/libcr_semihost.a(__sys_remove.o)
 .ARM.attributes
                0x00000000000009ad       0x25 /usr/local/mcuxpressoide-10.1.0_589/ide/tools/bin/../lib/gcc/arm-none-eabi/6.3.1/../../../../arm-none-eabi/lib/thumb/v7e-m/fpv4-sp/softfp/libcr_semihost.a(__sys_seek.o)
 .ARM.attributes
                0x00000000000009d2       0x25 /usr/local/mcuxpressoide-10.1.0_589/ide/tools/bin/../lib/gcc/arm-none-eabi/6.3.1/../../../../arm-none-eabi/lib/thumb/v7e-m/fpv4-sp/softfp/libcr_semihost.a(__sys_tmpnam.o)

.debug_frame    0x0000000000000000     0x23d0
 .debug_frame   0x0000000000000000      0x18c ./example/src/can.o
 .debug_frame   0x000000000000018c      0x170 ./example/src/cr_startup_lpc40xx.o
 .debug_frame   0x00000000000002fc       0x34 ./example/src/sysinit.o
 .debug_frame   0x0000000000000330      0x85c /home/tobias/Documents/MCUXpresso_10.1.0_589/workspace/lpc_board_ea_devkit_4088/Debug/liblpc_board_ea_devkit_4088.a(board.o)
 .debug_frame   0x0000000000000b8c       0xf8 /home/tobias/Documents/MCUXpresso_10.1.0_589/workspace/lpc_board_ea_devkit_4088/Debug/liblpc_board_ea_devkit_4088.a(board_sysinit.o)
 .debug_frame   0x0000000000000c84      0x8a8 /home/tobias/Documents/MCUXpresso_10.1.0_589/workspace/lpc_chip_40xx/Debug/liblpc_chip_40xx.a(can_17xx_40xx.o)
 .debug_frame   0x000000000000152c       0x70 /home/tobias/Documents/MCUXpresso_10.1.0_589/workspace/lpc_chip_40xx/Debug/liblpc_chip_40xx.a(chip_17xx_40xx.o)
 .debug_frame   0x000000000000159c      0x500 /home/tobias/Documents/MCUXpresso_10.1.0_589/workspace/lpc_chip_40xx/Debug/liblpc_chip_40xx.a(clock_17xx_40xx.o)
 .debug_frame   0x0000000000001a9c      0x1fc /home/tobias/Documents/MCUXpresso_10.1.0_589/workspace/lpc_chip_40xx/Debug/liblpc_chip_40xx.a(emc_17xx_40xx.o)
 .debug_frame   0x0000000000001c98       0x38 /home/tobias/Documents/MCUXpresso_10.1.0_589/workspace/lpc_chip_40xx/Debug/liblpc_chip_40xx.a(fpu_init.o)
 .debug_frame   0x0000000000001cd0       0x5c /home/tobias/Documents/MCUXpresso_10.1.0_589/workspace/lpc_chip_40xx/Debug/liblpc_chip_40xx.a(iocon_17xx_40xx.o)
 .debug_frame   0x0000000000001d2c       0x60 /home/tobias/Documents/MCUXpresso_10.1.0_589/workspace/lpc_chip_40xx/Debug/liblpc_chip_40xx.a(sysctl_17xx_40xx.o)
 .debug_frame   0x0000000000001d8c      0x134 /home/tobias/Documents/MCUXpresso_10.1.0_589/workspace/lpc_chip_40xx/Debug/liblpc_chip_40xx.a(sysinit_17xx_40xx.o)
 .debug_frame   0x0000000000001ec0      0x510 /home/tobias/Documents/MCUXpresso_10.1.0_589/workspace/lpc_chip_40xx/Debug/liblpc_chip_40xx.a(uart_17xx_40xx.o)
