Archive member included to satisfy reference by file (symbol)

/Users/mortenopprudjakobsen/workspace/ISD/2016/lpc_board_ea_devkit_4088/Debug/liblpc_board_ea_devkit_4088.a(board.o)
                              ./example/src/can.o (Board_Init)
/Users/mortenopprudjakobsen/workspace/ISD/2016/lpc_board_ea_devkit_4088/Debug/liblpc_board_ea_devkit_4088.a(board_sysinit.o)
                              ./example/src/sysinit.o (Board_SystemInit)
/Users/mortenopprudjakobsen/workspace/ISD/2016/lpc_board_ea_devkit_4088/Debug/liblpc_board_ea_devkit_4088.a(uda1380.o)
                              /Users/mortenopprudjakobsen/workspace/ISD/2016/lpc_board_ea_devkit_4088/Debug/liblpc_board_ea_devkit_4088.a(board.o) (UDA1380_Init)
/Users/mortenopprudjakobsen/workspace/ISD/2016/lpc_chip_40xx/Debug/liblpc_chip_40xx.a(can_17xx_40xx.o)
                              ./example/src/can.o (Chip_CAN_Init)
/Users/mortenopprudjakobsen/workspace/ISD/2016/lpc_chip_40xx/Debug/liblpc_chip_40xx.a(chip_17xx_40xx.o)
                              ./example/src/can.o (SystemCoreClockUpdate)
/Users/mortenopprudjakobsen/workspace/ISD/2016/lpc_chip_40xx/Debug/liblpc_chip_40xx.a(clock_17xx_40xx.o)
                              /Users/mortenopprudjakobsen/workspace/ISD/2016/lpc_chip_40xx/Debug/liblpc_chip_40xx.a(chip_17xx_40xx.o) (Chip_Clock_SetupPLL)
/Users/mortenopprudjakobsen/workspace/ISD/2016/lpc_chip_40xx/Debug/liblpc_chip_40xx.a(emc_17xx_40xx.o)
                              /Users/mortenopprudjakobsen/workspace/ISD/2016/lpc_board_ea_devkit_4088/Debug/liblpc_board_ea_devkit_4088.a(board_sysinit.o) (Chip_EMC_Dynamic_Init)
/Users/mortenopprudjakobsen/workspace/ISD/2016/lpc_chip_40xx/Debug/liblpc_chip_40xx.a(fpu_init.o)
                              ./example/src/sysinit.o (fpuInit)
/Users/mortenopprudjakobsen/workspace/ISD/2016/lpc_chip_40xx/Debug/liblpc_chip_40xx.a(i2c_17xx_40xx.o)
                              /Users/mortenopprudjakobsen/workspace/ISD/2016/lpc_board_ea_devkit_4088/Debug/liblpc_board_ea_devkit_4088.a(uda1380.o) (Chip_I2C_EventHandlerPolling)
/Users/mortenopprudjakobsen/workspace/ISD/2016/lpc_chip_40xx/Debug/liblpc_chip_40xx.a(i2s_17xx_40xx.o)
                              /Users/mortenopprudjakobsen/workspace/ISD/2016/lpc_board_ea_devkit_4088/Debug/liblpc_board_ea_devkit_4088.a(board.o) (Chip_I2S_Init)
/Users/mortenopprudjakobsen/workspace/ISD/2016/lpc_chip_40xx/Debug/liblpc_chip_40xx.a(iocon_17xx_40xx.o)
                              /Users/mortenopprudjakobsen/workspace/ISD/2016/lpc_board_ea_devkit_4088/Debug/liblpc_board_ea_devkit_4088.a(board_sysinit.o) (Chip_IOCON_SetPinMuxing)
/Users/mortenopprudjakobsen/workspace/ISD/2016/lpc_chip_40xx/Debug/liblpc_chip_40xx.a(ssp_17xx_40xx.o)
                              /Users/mortenopprudjakobsen/workspace/ISD/2016/lpc_board_ea_devkit_4088/Debug/liblpc_board_ea_devkit_4088.a(board.o) (Chip_SSP_WriteFrames_Blocking)
/Users/mortenopprudjakobsen/workspace/ISD/2016/lpc_chip_40xx/Debug/liblpc_chip_40xx.a(sysctl_17xx_40xx.o)
                              /Users/mortenopprudjakobsen/workspace/ISD/2016/lpc_board_ea_devkit_4088/Debug/liblpc_board_ea_devkit_4088.a(board_sysinit.o) (Chip_SYSCTL_PeriphReset)
/Users/mortenopprudjakobsen/workspace/ISD/2016/lpc_chip_40xx/Debug/liblpc_chip_40xx.a(sysinit_17xx_40xx.o)
                              /Users/mortenopprudjakobsen/workspace/ISD/2016/lpc_board_ea_devkit_4088/Debug/liblpc_board_ea_devkit_4088.a(board_sysinit.o) (Chip_SetupXtalClocking)
/Applications/lpcxpresso_8.1.4_606/lpcxpresso/tools/bin/../lib/gcc/arm-none-eabi/5.2.1/../../../../arm-none-eabi/lib/armv7e-m/softfp/libcr_nohost.a(_cr__main.o)
                              ./example/src/cr_startup_lpc40xx.o (__main)
/Applications/lpcxpresso_8.1.4_606/lpcxpresso/tools/bin/../lib/gcc/arm-none-eabi/5.2.1/../../../../arm-none-eabi/lib/armv7e-m/softfp/libcr_c.a(memcpy.o)
                              /Users/mortenopprudjakobsen/workspace/ISD/2016/lpc_board_ea_devkit_4088/Debug/liblpc_board_ea_devkit_4088.a(board.o) (memcpy)
/Applications/lpcxpresso_8.1.4_606/lpcxpresso/tools/bin/../lib/gcc/arm-none-eabi/5.2.1/../../../../arm-none-eabi/lib/armv7e-m/softfp/libcr_c.a(fpprintf.o)
                              ./example/src/can.o (printf)
/Applications/lpcxpresso_8.1.4_606/lpcxpresso/tools/bin/../lib/gcc/arm-none-eabi/5.2.1/../../../../arm-none-eabi/lib/armv7e-m/softfp/libcr_c.a(initio.o)
                              /Applications/lpcxpresso_8.1.4_606/lpcxpresso/tools/bin/../lib/gcc/arm-none-eabi/5.2.1/../../../../arm-none-eabi/lib/armv7e-m/softfp/libcr_nohost.a(_cr__main.o) (_initio)
/Applications/lpcxpresso_8.1.4_606/lpcxpresso/tools/bin/../lib/gcc/arm-none-eabi/5.2.1/../../../../arm-none-eabi/lib/armv7e-m/softfp/libcr_c.a(printf.o)
                              /Applications/lpcxpresso_8.1.4_606/lpcxpresso/tools/bin/../lib/gcc/arm-none-eabi/5.2.1/../../../../arm-none-eabi/lib/armv7e-m/softfp/libcr_c.a(fpprintf.o) (__vfprintf)
[...]
Memory Configuration

Name             Origin             Length             Attributes
MFlash512        0x0000000000000000 0x0000000000080000 xr
RamLoc64         0x0000000010000000 0x0000000000010000 xrw
RamPeriph32      0x0000000020000000 0x0000000000008000 xrw
*default*        0x0000000000000000 0xffffffffffffffff

Linker script and memory map

LOAD ./example/src/can.o
LOAD ./example/src/cr_startup_lpc40xx.o
LOAD ./example/src/sysinit.o
LOAD /Users/mortenopprudjakobsen/workspace/ISD/2016/lpc_board_ea_devkit_4088/Debug/liblpc_board_ea_devkit_4088.a
LOAD /Users/mortenopprudjakobsen/workspace/ISD/2016/lpc_chip_40xx/Debug/liblpc_chip_40xx.a
START GROUP
LOAD /Applications/lpcxpresso_8.1.4_606/lpcxpresso/tools/bin/../lib/gcc/arm-none-eabi/5.2.1/../../../../arm-none-eabi/lib/armv7e-m/softfp/libcr_nohost.a
LOAD /Applications/lpcxpresso_8.1.4_606/lpcxpresso/tools/bin/../lib/gcc/arm-none-eabi/5.2.1/../../../../arm-none-eabi/lib/armv7e-m/softfp/libcr_c.a
LOAD /Applications/lpcxpresso_8.1.4_606/lpcxpresso/tools/bin/../lib/gcc/arm-none-eabi/5.2.1/armv7e-m/softfp/libcr_eabihelpers.a
END GROUP
                0x0000000000000000                __base_MFlash512 = 0x0
                0x0000000000000000                __base_Flash = 0x0
                0x0000000000080000                __top_MFlash512 = 0x80000
                0x0000000000080000                __top_Flash = 0x80000
                0x0000000010000000                __base_RamLoc64 = 0x10000000
                0x0000000010000000                __base_RAM = 0x10000000
                0x0000000010010000                __top_RamLoc64 = 0x10010000
                0x0000000010010000                __top_RAM = 0x10010000
                0x0000000020000000                __base_RamPeriph32 = 0x20000000
                0x0000000020000000                __base_RAM2 = 0x20000000
                0x0000000020008000                __top_RamPeriph32 = 0x20008000
                0x0000000020008000                __top_RAM2 = 0x20008000

.text           0x0000000000000000     0x6b08
 FILL mask 0xff
                0x0000000000000000                __vectors_start__ = ABSOLUTE (.)
 *(.isr_vector)
 .isr_vector    0x0000000000000000       0xe4 ./example/src/cr_startup_lpc40xx.o
                0x0000000000000000                g_pfnVectors
                0x00000000000000e4                . = ALIGN (0x4)
                0x00000000000000e4                __section_table_start = .
                0x00000000000000e4                __data_section_table = .
                0x00000000000000e4        0x4 LONG 0x6b08 LOADADDR (.data)
                0x00000000000000e8        0x4 LONG 0x10000000 ADDR (.data)
                0x00000000000000ec        0x4 LONG 0x134 SIZEOF (.data)
                0x00000000000000f0        0x4 LONG 0x6b08 LOADADDR (.data_RAM2)
                0x00000000000000f4        0x4 LONG 0x20000000 ADDR (.data_RAM2)
                0x00000000000000f8        0x4 LONG 0x0 SIZEOF (.data_RAM2)
                0x00000000000000fc                __data_section_table_end = .
                0x00000000000000fc                __bss_section_table = .
                0x00000000000000fc        0x4 LONG 0x10000134 ADDR (.bss)
                0x0000000000000100        0x4 LONG 0x154 SIZEOF (.bss)
                0x0000000000000104        0x4 LONG 0x20000000 ADDR (.bss_RAM2)
                0x0000000000000108        0x4 LONG 0x0 SIZEOF (.bss_RAM2)
                0x000000000000010c                __bss_section_table_end = .
                0x000000000000010c                __section_table_end = .
 *(.after_vectors*)
 .after_vectors
                0x000000000000010c      0x168 ./example/src/cr_startup_lpc40xx.o
                0x000000000000010c                data_init
                0x0000000000000150                bss_init
                0x0000000000000188                ResetISR
                0x0000000000000220                NMI_Handler
                0x0000000000000228                HardFault_Handler
                0x0000000000000230                MemManage_Handler
                0x0000000000000238                BusFault_Handler
                0x0000000000000240                UsageFault_Handler
                0x0000000000000248                SVC_Handler
                0x0000000000000250                DebugMon_Handler
                0x0000000000000258                PendSV_Handler
                0x0000000000000260                SysTick_Handler
                0x0000000000000268                TIMER3_IRQHandler
                0x0000000000000268                UART0_IRQHandler
                0x0000000000000268                IntDefaultHandler
                0x0000000000000268                PLL0_IRQHandler
                0x0000000000000268                PLL1_IRQHandler
                0x0000000000000268                SSP0_IRQHandler
                0x0000000000000268                I2S_IRQHandler
                0x0000000000000268                I2C2_IRQHandler
                0x0000000000000268                RTC_IRQHandler
                0x0000000000000268                TIMER0_IRQHandler
                0x0000000000000268                SPI_IRQHandler
                0x0000000000000268                LCD_IRQHandler
                0x0000000000000268                EINT1_IRQHandler
                0x0000000000000268                TIMER1_IRQHandler
                0x0000000000000268                UART2_IRQHandler
                0x0000000000000268                UART4_IRQHandler
                0x0000000000000268                ADC_IRQHandler
                0x0000000000000268                SSP1_IRQHandler
                0x0000000000000268                USB_IRQHandler
                0x0000000000000268                BOD_IRQHandler
                0x0000000000000268                WDT_IRQHandler
                0x0000000000000268                QEI_IRQHandler
                0x0000000000000268                EINT0_IRQHandler
                0x0000000000000268                ETH_IRQHandler
                0x0000000000000268                PWM0_IRQHandler
                0x0000000000000268                SSP2_IRQHandler
                0x0000000000000268                EEPROM_IRQHandler
                0x0000000000000268                DMA_IRQHandler
                0x0000000000000268                UART3_IRQHandler
                0x0000000000000268                GPIO_IRQHandler
                0x0000000000000268                MCPWM_IRQHandler
                0x0000000000000268                TIMER2_IRQHandler
                0x0000000000000268                RIT_IRQHandler
                0x0000000000000268                I2C0_IRQHandler
                0x0000000000000268                USBActivity_IRQHandler
                0x0000000000000268                PWM1_IRQHandler
                0x0000000000000268                SDIO_IRQHandler
                0x0000000000000268                I2C1_IRQHandler
                0x0000000000000268                EINT2_IRQHandler
                0x0000000000000268                UART1_IRQHandler
                0x0000000000000268                EINT3_IRQHandler
                0x0000000000000268                CANActivity_IRQHandler
 *(.text*)
 .text.NVIC_EnableIRQ
                0x0000000000000274       0x34 ./example/src/can.o
 .text.Chip_CAN_GetStatus
                0x00000000000002a8       0x18 ./example/src/can.o
 .text.Chip_CAN_EnableInt
                0x00000000000002c0       0x24 ./example/src/can.o
 .text.Chip_CAN_GetIntStatus
                0x00000000000002e4       0x18 ./example/src/can.o
 .text.Chip_CAN_SetAFMode
                0x00000000000002fc       0x20 ./example/src/can.o
 .text.PrintCANErrorInfo
                0x000000000000031c       0xc4 ./example/src/can.o
 .text.PrintCANMsg
                0x00000000000003e0       0xc4 ./example/src/can.o
 .text.ReplyRemoteMessage
                0x00000000000004a4       0x78 ./example/src/can.o
 .text.ReplyNormalMessage
                0x000000000000051c       0x58 ./example/src/can.o
 .text.PrintAFLUT
                0x0000000000000574      0x1bc ./example/src/can.o
 .text.SetupAFLUT
                0x0000000000000730       0x28 ./example/src/can.o
 .text.ChangeAFLUT
                0x0000000000000758      0x2d4 ./example/src/can.o
 .text.CAN_IRQHandler
                0x0000000000000a2c       0xf8 ./example/src/can.o
                0x0000000000000a2c                CAN_IRQHandler
 .text.main     0x0000000000000b24      0x184 ./example/src/can.o
                0x0000000000000b24                main
 .text.SystemInit
                0x0000000000000ca8       0x28 ./example/src/sysinit.o
                0x0000000000000ca8                SystemInit
 .text.Chip_IOCON_Init
                0x0000000000000cd0       0x18 /Users/mortenopprudjakobsen/workspace/ISD/2016/lpc_board_ea_devkit_4088/Debug/liblpc_board_ea_devkit_4088.a(board.o)
 .text.Chip_GPIO_Init
                0x0000000000000ce8       0x18 /Users/mortenopprudjakobsen/workspace/ISD/2016/lpc_board_ea_devkit_4088/Debug/liblpc_board_ea_devkit_4088.a(board.o)
 .text.Chip_GPIO_SetPinState
                0x0000000000000d00       0x6c /Users/mortenopprudjakobsen/workspace/ISD/2016/lpc_board_ea_devkit_4088/Debug/liblpc_board_ea_devkit_4088.a(board.o)
 .text.Chip_GPIO_WritePortBit
                0x0000000000000d6c       0x2c /Users/mortenopprudjakobsen/workspace/ISD/2016/lpc_board_ea_devkit_4088/Debug/liblpc_board_ea_devkit_4088.a(board.o)
 .text.Chip_GPIO_SetPinDIROutput
                0x0000000000000d98       0x3c /Users/mortenopprudjakobsen/workspace/ISD/2016/lpc_board_ea_devkit_4088/Debug/liblpc_board_ea_devkit_4088.a(board.o)
 .text.Chip_GPIO_SetPinDIRInput
                0x0000000000000dd4       0x3c /Users/mortenopprudjakobsen/workspace/ISD/2016/lpc_board_ea_devkit_4088/Debug/liblpc_board_ea_devkit_4088.a(board.o)
 .text.Chip_GPIO_SetPinDIR
                0x0000000000000e10       0x44 /Users/mortenopprudjakobsen/workspace/ISD/2016/lpc_board_ea_devkit_4088/Debug/liblpc_board_ea_devkit_4088.a(board.o)
 .text.Chip_GPIO_WriteDirBit
                0x0000000000000e54       0x30 /Users/mortenopprudjakobsen/workspace/ISD/2016/lpc_board_ea_devkit_4088/Debug/liblpc_board_ea_devkit_4088.a(board.o)
 .text.Board_LED_Init
                0x0000000000000e84       0x60 /Users/mortenopprudjakobsen/workspace/ISD/2016/lpc_board_ea_devkit_4088/Debug/liblpc_board_ea_devkit_4088.a(board.o)
 .text.Board_Init
                0x0000000000000ee4       0x20 /Users/mortenopprudjakobsen/workspace/ISD/2016/lpc_board_ea_devkit_4088/Debug/liblpc_board_ea_devkit_4088.a(board.o)
                0x0000000000000ee4                Board_Init
 .text.Chip_SYSCTL_EnableBoost
                0x0000000000000f04       0x1c /Users/mortenopprudjakobsen/workspace/ISD/2016/lpc_board_ea_devkit_4088/Debug/liblpc_board_ea_devkit_4088.a(board_sysinit.o)
 .text.Chip_Clock_SetEMCClockDiv
                0x0000000000000f20       0x24 /Users/mortenopprudjakobsen/workspace/ISD/2016/lpc_board_ea_devkit_4088/Debug/liblpc_board_ea_devkit_4088.a(board_sysinit.o)
 .text.Chip_IOCON_PinMuxSet
                0x0000000000000f44       0x30 /Users/mortenopprudjakobsen/workspace/ISD/2016/lpc_board_ea_devkit_4088/Debug/liblpc_board_ea_devkit_4088.a(board_sysinit.o)
 .text.Board_SetupMuxing
                0x0000000000000f74       0x84 /Users/mortenopprudjakobsen/workspace/ISD/2016/lpc_board_ea_devkit_4088/Debug/liblpc_board_ea_devkit_4088.a(board_sysinit.o)
                0x0000000000000f74                Board_SetupMuxing
 .text.Board_SetupClocking
                0x0000000000000ff8       0x1c /Users/mortenopprudjakobsen/workspace/ISD/2016/lpc_board_ea_devkit_4088/Debug/liblpc_board_ea_devkit_4088.a(board_sysinit.o)
                0x0000000000000ff8                Board_SetupClocking
 .text.Board_SetupExtMemory
                0x0000000000001014       0x5c /Users/mortenopprudjakobsen/workspace/ISD/2016/lpc_board_ea_devkit_4088/Debug/liblpc_board_ea_devkit_4088.a(board_sysinit.o)
                0x0000000000001014                Board_SetupExtMemory
 .text.Board_SystemInit
                0x0000000000001070       0x14 /Users/mortenopprudjakobsen/workspace/ISD/2016/lpc_board_ea_devkit_4088/Debug/liblpc_board_ea_devkit_4088.a(board_sysinit.o)
                0x0000000000001070                Board_SystemInit
 .text.Chip_CAN_SetCmd
                0x0000000000001084       0x1c /Users/mortenopprudjakobsen/workspace/ISD/2016/lpc_chip_40xx/Debug/liblpc_chip_40xx.a(can_17xx_40xx.o)
 .text.Chip_CAN_GetStatus
                0x00000000000010a0       0x18 /Users/mortenopprudjakobsen/workspace/ISD/2016/lpc_chip_40xx/Debug/liblpc_chip_40xx.a(can_17xx_40xx.o)
 .text.Chip_CAN_GetMode
                0x00000000000010b8       0x20 /Users/mortenopprudjakobsen/workspace/ISD/2016/lpc_chip_40xx/Debug/liblpc_chip_40xx.a(can_17xx_40xx.o)
 .text.Chip_CAN_SetAFMode
                0x00000000000010d8       0x20 /Users/mortenopprudjakobsen/workspace/ISD/2016/lpc_chip_40xx/Debug/liblpc_chip_40xx.a(can_17xx_40xx.o)
 .text.Chip_CAN_GetAFMode
                0x00000000000010f8       0x1c /Users/mortenopprudjakobsen/workspace/ISD/2016/lpc_chip_40xx/Debug/liblpc_chip_40xx.a(can_17xx_40xx.o)
 .text.setBusTiming
                0x0000000000001114       0x68 /Users/mortenopprudjakobsen/workspace/ISD/2016/lpc_chip_40xx/Debug/liblpc_chip_40xx.a(can_17xx_40xx.o)
 .text.getSectionAddress
                0x000000000000117c       0x7c /Users/mortenopprudjakobsen/workspace/ISD/2016/lpc_chip_40xx/Debug/liblpc_chip_40xx.a(can_17xx_40xx.o)
 .text.getTotalEntryNum
                0x00000000000011f8       0x24 /Users/mortenopprudjakobsen/workspace/ISD/2016/lpc_chip_40xx/Debug/liblpc_chip_40xx.a(can_17xx_40xx.o)
 .text.setSectionEndAddress
                0x000000000000121c       0x34 /Users/mortenopprudjakobsen/workspace/ISD/2016/lpc_chip_40xx/Debug/liblpc_chip_40xx.a(can_17xx_40xx.o)
 .text.getReceiveFrameInfo
                0x0000000000001250       0x34 /Users/mortenopprudjakobsen/workspace/ISD/2016/lpc_chip_40xx/Debug/liblpc_chip_40xx.a(can_17xx_40xx.o)
 .text.setSendFrameInfo
                0x0000000000001284       0x2c /Users/mortenopprudjakobsen/workspace/ISD/2016/lpc_chip_40xx/Debug/liblpc_chip_40xx.a(can_17xx_40xx.o)
 .text.createStdIDEntry
                0x00000000000012b0       0x60 /Users/mortenopprudjakobsen/workspace/ISD/2016/lpc_chip_40xx/Debug/liblpc_chip_40xx.a(can_17xx_40xx.o)
 .text.createUnUsedSTDEntry
                0x0000000000001310       0x24 /Users/mortenopprudjakobsen/workspace/ISD/2016/lpc_chip_40xx/Debug/liblpc_chip_40xx.a(can_17xx_40xx.o)
 .text.readStdIDEntry
                0x0000000000001334       0x48 /Users/mortenopprudjakobsen/workspace/ISD/2016/lpc_chip_40xx/Debug/liblpc_chip_40xx.a(can_17xx_40xx.o)
 .text.setupSTDSection
                0x000000000000137c      0x10c /Users/mortenopprudjakobsen/workspace/ISD/2016/lpc_chip_40xx/Debug/liblpc_chip_40xx.a(can_17xx_40xx.o)
 .text.setupSTDRangeSection
                0x0000000000001488       0x28 /Users/mortenopprudjakobsen/workspace/ISD/2016/lpc_chip_40xx/Debug/liblpc_chip_40xx.a(can_17xx_40xx.o)
 .text.shiftSTDEntryDown
                0x00000000000014b0       0xa8 /Users/mortenopprudjakobsen/workspace/ISD/2016/lpc_chip_40xx/Debug/liblpc_chip_40xx.a(can_17xx_40xx.o)
 .text.shiftSTDEntryUp
                0x0000000000001558       0xd0 /Users/mortenopprudjakobsen/workspace/ISD/2016/lpc_chip_40xx/Debug/liblpc_chip_40xx.a(can_17xx_40xx.o)
 .text.createExtIDEntry
                0x0000000000001628       0x30 /Users/mortenopprudjakobsen/workspace/ISD/2016/lpc_chip_40xx/Debug/liblpc_chip_40xx.a(can_17xx_40xx.o)
 .text.readExtIDEntry
                0x0000000000001658       0x2c /Users/mortenopprudjakobsen/workspace/ISD/2016/lpc_chip_40xx/Debug/liblpc_chip_40xx.a(can_17xx_40xx.o)
 .text.setupEXTSection
                0x0000000000001684       0x78 /Users/mortenopprudjakobsen/workspace/ISD/2016/lpc_chip_40xx/Debug/liblpc_chip_40xx.a(can_17xx_40xx.o)
 .text.setupEXTRangeSection
                0x00000000000016fc       0x28 /Users/mortenopprudjakobsen/workspace/ISD/2016/lpc_chip_40xx/Debug/liblpc_chip_40xx.a(can_17xx_40xx.o)
 .text.getArrayVal
                0x0000000000001724       0x80 /Users/mortenopprudjakobsen/workspace/ISD/2016/lpc_chip_40xx/Debug/liblpc_chip_40xx.a(can_17xx_40xx.o)
 .text.searchInsertIndex
                0x00000000000017a4       0xf8 /Users/mortenopprudjakobsen/workspace/ISD/2016/lpc_chip_40xx/Debug/liblpc_chip_40xx.a(can_17xx_40xx.o)
 .text.insertSTDEntry
                0x000000000000189c      0x31c /Users/mortenopprudjakobsen/workspace/ISD/2016/lpc_chip_40xx/Debug/liblpc_chip_40xx.a(can_17xx_40xx.o)
 .text.readSTDEntry
                0x0000000000001bb8       0xe4 /Users/mortenopprudjakobsen/workspace/ISD/2016/lpc_chip_40xx/Debug/liblpc_chip_40xx.a(can_17xx_40xx.o)
 .text.removeSTDEntry
                0x0000000000001c9c      0x2f4 /Users/mortenopprudjakobsen/workspace/ISD/2016/lpc_chip_40xx/Debug/liblpc_chip_40xx.a(can_17xx_40xx.o)
                0x0000000000001c9c                removeSTDEntry
 .text.removeLUTEntry
                0x0000000000001f90      0x1a4 /Users/mortenopprudjakobsen/workspace/ISD/2016/lpc_chip_40xx/Debug/liblpc_chip_40xx.a(can_17xx_40xx.o)
                0x0000000000001f90                removeLUTEntry
 .text.clearAFLUT
                0x0000000000002134       0x84 /Users/mortenopprudjakobsen/workspace/ISD/2016/lpc_chip_40xx/Debug/liblpc_chip_40xx.a(can_17xx_40xx.o)
                0x0000000000002134                clearAFLUT
 .text.Chip_CAN_GetClockIndex
                0x00000000000021b8       0x2c /Users/mortenopprudjakobsen/workspace/ISD/2016/lpc_chip_40xx/Debug/liblpc_chip_40xx.a(can_17xx_40xx.o)
 .text.Chip_CAN_GetResetIndex
                0x00000000000021e4       0x2c /Users/mortenopprudjakobsen/workspace/ISD/2016/lpc_chip_40xx/Debug/liblpc_chip_40xx.a(can_17xx_40xx.o)
 .text.Chip_CAN_Init
                0x0000000000002210       0x6c /Users/mortenopprudjakobsen/workspace/ISD/2016/lpc_chip_40xx/Debug/liblpc_chip_40xx.a(can_17xx_40xx.o)
                0x0000000000002210                Chip_CAN_Init
 .text.Chip_CAN_SetBitRate
                0x000000000000227c       0xc8 /Users/mortenopprudjakobsen/workspace/ISD/2016/lpc_chip_40xx/Debug/liblpc_chip_40xx.a(can_17xx_40xx.o)
                0x000000000000227c                Chip_CAN_SetBitRate
 .text.Chip_CAN_SetMode
                0x0000000000002344       0x98 /Users/mortenopprudjakobsen/workspace/ISD/2016/lpc_chip_40xx/Debug/liblpc_chip_40xx.a(can_17xx_40xx.o)
                0x0000000000002344                Chip_CAN_SetMode
 .text.Chip_CAN_GetFreeTxBuf
                0x00000000000023dc       0x48 /Users/mortenopprudjakobsen/workspace/ISD/2016/lpc_chip_40xx/Debug/liblpc_chip_40xx.a(can_17xx_40xx.o)
                0x00000000000023dc                Chip_CAN_GetFreeTxBuf
 .text.Chip_CAN_SetAFLUT
                0x0000000000002424      0x1cc /Users/mortenopprudjakobsen/workspace/ISD/2016/lpc_chip_40xx/Debug/liblpc_chip_40xx.a(can_17xx_40xx.o)
                0x0000000000002424                Chip_CAN_SetAFLUT
 .text.Chip_CAN_GetEntriesNum
                0x00000000000025f0       0xb4 /Users/mortenopprudjakobsen/workspace/ISD/2016/lpc_chip_40xx/Debug/liblpc_chip_40xx.a(can_17xx_40xx.o)
                0x00000000000025f0                Chip_CAN_GetEntriesNum
 .text.Chip_CAN_InsertFullCANEntry
                0x00000000000026a4       0x24 /Users/mortenopprudjakobsen/workspace/ISD/2016/lpc_chip_40xx/Debug/liblpc_chip_40xx.a(can_17xx_40xx.o)
                0x00000000000026a4                Chip_CAN_InsertFullCANEntry
 .text.Chip_CAN_InsertSTDEntry
                0x00000000000026c8       0x24 /Users/mortenopprudjakobsen/workspace/ISD/2016/lpc_chip_40xx/Debug/liblpc_chip_40xx.a(can_17xx_40xx.o)
                0x00000000000026c8                Chip_CAN_InsertSTDEntry
 .text.Chip_CAN_InsertEXTEntry
                0x00000000000026ec      0x138 /Users/mortenopprudjakobsen/workspace/ISD/2016/lpc_chip_40xx/Debug/liblpc_chip_40xx.a(can_17xx_40xx.o)
                0x00000000000026ec                Chip_CAN_InsertEXTEntry
 .text.Chip_CAN_InsertGroupSTDEntry
                0x0000000000002824      0x270 /Users/mortenopprudjakobsen/workspace/ISD/2016/lpc_chip_40xx/Debug/liblpc_chip_40xx.a(can_17xx_40xx.o)
                0x0000000000002824                Chip_CAN_InsertGroupSTDEntry
 .text.Chip_CAN_InsertGroupEXTEntry
                0x0000000000002a94      0x1e0 /Users/mortenopprudjakobsen/workspace/ISD/2016/lpc_chip_40xx/Debug/liblpc_chip_40xx.a(can_17xx_40xx.o)
                0x0000000000002a94                Chip_CAN_InsertGroupEXTEntry
 .text.Chip_CAN_RemoveFullCANEntry
                0x0000000000002c74       0x28 /Users/mortenopprudjakobsen/workspace/ISD/2016/lpc_chip_40xx/Debug/liblpc_chip_40xx.a(can_17xx_40xx.o)
                0x0000000000002c74                Chip_CAN_RemoveFullCANEntry
 .text.Chip_CAN_RemoveSTDEntry
                0x0000000000002c9c       0x28 /Users/mortenopprudjakobsen/workspace/ISD/2016/lpc_chip_40xx/Debug/liblpc_chip_40xx.a(can_17xx_40xx.o)
                0x0000000000002c9c                Chip_CAN_RemoveSTDEntry
 .text.Chip_CAN_RemoveGroupSTDEntry
                0x0000000000002cc4       0x28 /Users/mortenopprudjakobsen/workspace/ISD/2016/lpc_chip_40xx/Debug/liblpc_chip_40xx.a(can_17xx_40xx.o)
                0x0000000000002cc4                Chip_CAN_RemoveGroupSTDEntry
 .text.Chip_CAN_RemoveEXTEntry
                0x0000000000002cec       0x28 /Users/mortenopprudjakobsen/workspace/ISD/2016/lpc_chip_40xx/Debug/liblpc_chip_40xx.a(can_17xx_40xx.o)
                0x0000000000002cec                Chip_CAN_RemoveEXTEntry
 .text.Chip_CAN_RemoveGroupEXTEntry
                0x0000000000002d14       0x28 /Users/mortenopprudjakobsen/workspace/ISD/2016/lpc_chip_40xx/Debug/liblpc_chip_40xx.a(can_17xx_40xx.o)
                0x0000000000002d14                Chip_CAN_RemoveGroupEXTEntry
 .text.Chip_CAN_ReadFullCANEntry
                0x0000000000002d3c       0x2c /Users/mortenopprudjakobsen/workspace/ISD/2016/lpc_chip_40xx/Debug/liblpc_chip_40xx.a(can_17xx_40xx.o)
                0x0000000000002d3c                Chip_CAN_ReadFullCANEntry
 .text.Chip_CAN_ReadSTDEntry
                0x0000000000002d68       0x2c /Users/mortenopprudjakobsen/workspace/ISD/2016/lpc_chip_40xx/Debug/liblpc_chip_40xx.a(can_17xx_40xx.o)
                0x0000000000002d68                Chip_CAN_ReadSTDEntry
 .text.Chip_CAN_ReadGroupSTDEntry
                0x0000000000002d94       0x88 /Users/mortenopprudjakobsen/workspace/ISD/2016/lpc_chip_40xx/Debug/liblpc_chip_40xx.a(can_17xx_40xx.o)
                0x0000000000002d94                Chip_CAN_ReadGroupSTDEntry
 .text.Chip_CAN_ReadEXTEntry
                0x0000000000002e1c       0x64 /Users/mortenopprudjakobsen/workspace/ISD/2016/lpc_chip_40xx/Debug/liblpc_chip_40xx.a(can_17xx_40xx.o)
                0x0000000000002e1c                Chip_CAN_ReadEXTEntry
 .text.Chip_CAN_ReadGroupEXTEntry
                0x0000000000002e80       0x8c /Users/mortenopprudjakobsen/workspace/ISD/2016/lpc_chip_40xx/Debug/liblpc_chip_40xx.a(can_17xx_40xx.o)
                0x0000000000002e80                Chip_CAN_ReadGroupEXTEntry
 .text.Chip_CAN_Send
                0x0000000000002f0c      0x12c /Users/mortenopprudjakobsen/workspace/ISD/2016/lpc_chip_40xx/Debug/liblpc_chip_40xx.a(can_17xx_40xx.o)
                0x0000000000002f0c                Chip_CAN_Send
 .text.Chip_CAN_Receive
                0x0000000000003038       0xe4 /Users/mortenopprudjakobsen/workspace/ISD/2016/lpc_chip_40xx/Debug/liblpc_chip_40xx.a(can_17xx_40xx.o)
                0x0000000000003038                Chip_CAN_Receive
 .text.Chip_CAN_ConfigFullCANInt
                0x000000000000311c       0x50 /Users/mortenopprudjakobsen/workspace/ISD/2016/lpc_chip_40xx/Debug/liblpc_chip_40xx.a(can_17xx_40xx.o)
                0x000000000000311c                Chip_CAN_ConfigFullCANInt
 .text.Chip_CAN_GetFullCANIntStatus
                0x000000000000316c       0x4c /Users/mortenopprudjakobsen/workspace/ISD/2016/lpc_chip_40xx/Debug/liblpc_chip_40xx.a(can_17xx_40xx.o)
                0x000000000000316c                Chip_CAN_GetFullCANIntStatus
 .text.Chip_CAN_FullCANReceive
                0x00000000000031b8       0xc0 /Users/mortenopprudjakobsen/workspace/ISD/2016/lpc_chip_40xx/Debug/liblpc_chip_40xx.a(can_17xx_40xx.o)
                0x00000000000031b8                Chip_CAN_FullCANReceive
 .text.SystemCoreClockUpdate
                0x0000000000003278       0x18 /Users/mortenopprudjakobsen/workspace/ISD/2016/lpc_chip_40xx/Debug/liblpc_chip_40xx.a(chip_17xx_40xx.o)
                0x0000000000003278                SystemCoreClockUpdate
 .text.Chip_Clock_IsMainPLLEnabled
                0x0000000000003290       0x28 /Users/mortenopprudjakobsen/workspace/ISD/2016/lpc_chip_40xx/Debug/liblpc_chip_40xx.a(clock_17xx_40xx.o)
 .text.Chip_Clock_FeedPLL
                0x00000000000032b8       0x38 /Users/mortenopprudjakobsen/workspace/ISD/2016/lpc_chip_40xx/Debug/liblpc_chip_40xx.a(clock_17xx_40xx.o)
 .text.Chip_Clock_GetMainPLLSource
                0x00000000000032f0       0x20 /Users/mortenopprudjakobsen/workspace/ISD/2016/lpc_chip_40xx/Debug/liblpc_chip_40xx.a(clock_17xx_40xx.o)
 .text.Chip_Clock_GetPCLKDiv
                0x0000000000003310       0x1c /Users/mortenopprudjakobsen/workspace/ISD/2016/lpc_chip_40xx/Debug/liblpc_chip_40xx.a(clock_17xx_40xx.o)
 .text.Chip_Clock_GetMainOscRate
                0x000000000000332c       0x18 /Users/mortenopprudjakobsen/workspace/ISD/2016/lpc_chip_40xx/Debug/liblpc_chip_40xx.a(clock_17xx_40xx.o)
 .text.Chip_Clock_GetIntOscRate
                0x0000000000003344       0x14 /Users/mortenopprudjakobsen/workspace/ISD/2016/lpc_chip_40xx/Debug/liblpc_chip_40xx.a(clock_17xx_40xx.o)
 .text.Chip_Clock_GetMainPLLInClockRate
                0x0000000000003358       0x10 /Users/mortenopprudjakobsen/workspace/ISD/2016/lpc_chip_40xx/Debug/liblpc_chip_40xx.a(clock_17xx_40xx.o)
 .text.Chip_Clock_EnablePLL
                0x0000000000003368       0x44 /Users/mortenopprudjakobsen/workspace/ISD/2016/lpc_chip_40xx/Debug/liblpc_chip_40xx.a(clock_17xx_40xx.o)
                0x0000000000003368                Chip_Clock_EnablePLL
 .text.Chip_Clock_DisablePLL
                0x00000000000033ac       0x48 /Users/mortenopprudjakobsen/workspace/ISD/2016/lpc_chip_40xx/Debug/liblpc_chip_40xx.a(clock_17xx_40xx.o)
                0x00000000000033ac                Chip_Clock_DisablePLL
 .text.Chip_Clock_SetupPLL
                0x00000000000033f4       0x4c /Users/mortenopprudjakobsen/workspace/ISD/2016/lpc_chip_40xx/Debug/liblpc_chip_40xx.a(clock_17xx_40xx.o)
                0x00000000000033f4                Chip_Clock_SetupPLL
 .text.Chip_Clock_EnablePeriphClock
                0x0000000000003440       0x54 /Users/mortenopprudjakobsen/workspace/ISD/2016/lpc_chip_40xx/Debug/liblpc_chip_40xx.a(clock_17xx_40xx.o)
                0x0000000000003440                Chip_Clock_EnablePeriphClock
 .text.Chip_Clock_SetCPUClockSource
                0x0000000000003494       0x44 /Users/mortenopprudjakobsen/workspace/ISD/2016/lpc_chip_40xx/Debug/liblpc_chip_40xx.a(clock_17xx_40xx.o)
                0x0000000000003494                Chip_Clock_SetCPUClockSource
 .text.Chip_Clock_GetCPUClockSource
                0x00000000000034d8       0x30 /Users/mortenopprudjakobsen/workspace/ISD/2016/lpc_chip_40xx/Debug/liblpc_chip_40xx.a(clock_17xx_40xx.o)
                0x00000000000034d8                Chip_Clock_GetCPUClockSource
 .text.Chip_Clock_SetCPUClockDiv
                0x0000000000003508       0x30 /Users/mortenopprudjakobsen/workspace/ISD/2016/lpc_chip_40xx/Debug/liblpc_chip_40xx.a(clock_17xx_40xx.o)
                0x0000000000003508                Chip_Clock_SetCPUClockDiv
 .text.Chip_Clock_GetCPUClockDiv
                0x0000000000003538       0x1c /Users/mortenopprudjakobsen/workspace/ISD/2016/lpc_chip_40xx/Debug/liblpc_chip_40xx.a(clock_17xx_40xx.o)
                0x0000000000003538                Chip_Clock_GetCPUClockDiv
 .text.Chip_Clock_GetSYSCLKRate
                0x0000000000003554       0x2c /Users/mortenopprudjakobsen/workspace/ISD/2016/lpc_chip_40xx/Debug/liblpc_chip_40xx.a(clock_17xx_40xx.o)
                0x0000000000003554                Chip_Clock_GetSYSCLKRate
 .text.Chip_Clock_GetMainPLLOutClockRate
                0x0000000000003580       0x40 /Users/mortenopprudjakobsen/workspace/ISD/2016/lpc_chip_40xx/Debug/liblpc_chip_40xx.a(clock_17xx_40xx.o)
                0x0000000000003580                Chip_Clock_GetMainPLLOutClockRate
 .text.Chip_Clock_GetMainClockRate
                0x00000000000035c0       0x28 /Users/mortenopprudjakobsen/workspace/ISD/2016/lpc_chip_40xx/Debug/liblpc_chip_40xx.a(clock_17xx_40xx.o)
                0x00000000000035c0                Chip_Clock_GetMainClockRate
 .text.Chip_Clock_GetSystemClockRate
                0x00000000000035e8       0x18 /Users/mortenopprudjakobsen/workspace/ISD/2016/lpc_chip_40xx/Debug/liblpc_chip_40xx.a(clock_17xx_40xx.o)
                0x00000000000035e8                Chip_Clock_GetSystemClockRate
 .text.Chip_Clock_SetSPIFIClockSource
                0x0000000000003600       0x34 /Users/mortenopprudjakobsen/workspace/ISD/2016/lpc_chip_40xx/Debug/liblpc_chip_40xx.a(clock_17xx_40xx.o)
                0x0000000000003600                Chip_Clock_SetSPIFIClockSource
 .text.Chip_Clock_SetSPIFIClockDiv
                0x0000000000003634       0x30 /Users/mortenopprudjakobsen/workspace/ISD/2016/lpc_chip_40xx/Debug/liblpc_chip_40xx.a(clock_17xx_40xx.o)
                0x0000000000003634                Chip_Clock_SetSPIFIClockDiv
 .text.Chip_Clock_GetPeripheralClockRate
                0x0000000000003664       0x30 /Users/mortenopprudjakobsen/workspace/ISD/2016/lpc_chip_40xx/Debug/liblpc_chip_40xx.a(clock_17xx_40xx.o)
                0x0000000000003664                Chip_Clock_GetPeripheralClockRate
 .text.Chip_Clock_GetEMCClockDiv
                0x0000000000003694       0x1c /Users/mortenopprudjakobsen/workspace/ISD/2016/lpc_chip_40xx/Debug/liblpc_chip_40xx.a(emc_17xx_40xx.o)
 .text.Chip_Clock_GetEMCClockRate
                0x00000000000036b0       0x18 /Users/mortenopprudjakobsen/workspace/ISD/2016/lpc_chip_40xx/Debug/liblpc_chip_40xx.a(emc_17xx_40xx.o)
 .text.convertTimmingParam
                0x00000000000036c8       0x6c /Users/mortenopprudjakobsen/workspace/ISD/2016/lpc_chip_40xx/Debug/liblpc_chip_40xx.a(emc_17xx_40xx.o)
 .text.getColsLen
                0x0000000000003734       0x50 /Users/mortenopprudjakobsen/workspace/ISD/2016/lpc_chip_40xx/Debug/liblpc_chip_40xx.a(emc_17xx_40xx.o)
 .text.initDynMem
                0x0000000000003784      0x294 /Users/mortenopprudjakobsen/workspace/ISD/2016/lpc_chip_40xx/Debug/liblpc_chip_40xx.a(emc_17xx_40xx.o)
                0x0000000000003784                initDynMem
 .text.initStaticMem
                0x0000000000003a18       0xb0 /Users/mortenopprudjakobsen/workspace/ISD/2016/lpc_chip_40xx/Debug/liblpc_chip_40xx.a(emc_17xx_40xx.o)
                0x0000000000003a18                initStaticMem
 .text.Chip_EMC_Dynamic_Init
                0x0000000000003ac8       0x24 /Users/mortenopprudjakobsen/workspace/ISD/2016/lpc_chip_40xx/Debug/liblpc_chip_40xx.a(emc_17xx_40xx.o)
                0x0000000000003ac8                Chip_EMC_Dynamic_Init
 .text.Chip_EMC_Static_Init
                0x0000000000003aec       0x24 /Users/mortenopprudjakobsen/workspace/ISD/2016/lpc_chip_40xx/Debug/liblpc_chip_40xx.a(emc_17xx_40xx.o)
                0x0000000000003aec                Chip_EMC_Static_Init
 .text.Chip_EMC_Init
                0x0000000000003b10       0x50 /Users/mortenopprudjakobsen/workspace/ISD/2016/lpc_chip_40xx/Debug/liblpc_chip_40xx.a(emc_17xx_40xx.o)
                0x0000000000003b10                Chip_EMC_Init
 .text.fpuInit  0x0000000000003b60       0x74 /Users/mortenopprudjakobsen/workspace/ISD/2016/lpc_chip_40xx/Debug/liblpc_chip_40xx.a(fpu_init.o)
                0x0000000000003b60                fpuInit
 .text.Chip_IOCON_PinMuxSet
                0x0000000000003bd4       0x30 /Users/mortenopprudjakobsen/workspace/ISD/2016/lpc_chip_40xx/Debug/liblpc_chip_40xx.a(iocon_17xx_40xx.o)
 .text.Chip_IOCON_SetPinMuxing
                0x0000000000003c04       0x64 /Users/mortenopprudjakobsen/workspace/ISD/2016/lpc_chip_40xx/Debug/liblpc_chip_40xx.a(iocon_17xx_40xx.o)
                0x0000000000003c04                Chip_IOCON_SetPinMuxing
 .text.Chip_SYSCTL_PeriphReset
                0x0000000000003c68       0x68 /Users/mortenopprudjakobsen/workspace/ISD/2016/lpc_chip_40xx/Debug/liblpc_chip_40xx.a(sysctl_17xx_40xx.o)
                0x0000000000003c68                Chip_SYSCTL_PeriphReset
 .text.Chip_Clock_IsMainPLLEnabled
                0x0000000000003cd0       0x28 /Users/mortenopprudjakobsen/workspace/ISD/2016/lpc_chip_40xx/Debug/liblpc_chip_40xx.a(sysinit_17xx_40xx.o)
 .text.Chip_Clock_IsMainPLLLocked
                0x0000000000003cf8       0x28 /Users/mortenopprudjakobsen/workspace/ISD/2016/lpc_chip_40xx/Debug/liblpc_chip_40xx.a(sysinit_17xx_40xx.o)
 .text.Chip_Clock_EnableCrystal
                0x0000000000003d20       0x24 /Users/mortenopprudjakobsen/workspace/ISD/2016/lpc_chip_40xx/Debug/liblpc_chip_40xx.a(sysinit_17xx_40xx.o)
 .text.Chip_Clock_IsCrystalEnabled
                0x0000000000003d44       0x28 /Users/mortenopprudjakobsen/workspace/ISD/2016/lpc_chip_40xx/Debug/liblpc_chip_40xx.a(sysinit_17xx_40xx.o)
 .text.Chip_Clock_SetMainPLLSource
                0x0000000000003d6c       0x24 /Users/mortenopprudjakobsen/workspace/ISD/2016/lpc_chip_40xx/Debug/liblpc_chip_40xx.a(sysinit_17xx_40xx.o)
 .text.Chip_Clock_SetPCLKDiv
                0x0000000000003d90       0x20 /Users/mortenopprudjakobsen/workspace/ISD/2016/lpc_chip_40xx/Debug/liblpc_chip_40xx.a(sysinit_17xx_40xx.o)
 .text.Chip_SetupXtalClocking
                0x0000000000003db0       0x84 /Users/mortenopprudjakobsen/workspace/ISD/2016/lpc_chip_40xx/Debug/liblpc_chip_40xx.a(sysinit_17xx_40xx.o)
                0x0000000000003db0                Chip_SetupXtalClocking
 .text.__main   0x0000000000003e34       0x14 /Applications/lpcxpresso_8.1.4_606/lpcxpresso/tools/bin/../lib/gcc/arm-none-eabi/5.2.1/../../../../arm-none-eabi/lib/armv7e-m/softfp/libcr_nohost.a(_cr__main.o)
                0x0000000000003e34                __main
 .text.fp_round
                0x0000000000003e48       0x4e /Applications/lpcxpresso_8.1.4_606/lpcxpresso/tools/bin/../lib/gcc/arm-none-eabi/5.2.1/../../../../arm-none-eabi/lib/armv7e-m/softfp/libcr_c.a(fpprintf.o)
 .text.pr_dec.constprop.1
                0x0000000000003e96       0x26 /Applications/lpcxpresso_8.1.4_606/lpcxpresso/tools/bin/../lib/gcc/arm-none-eabi/5.2.1/../../../../arm-none-eabi/lib/armv7e-m/softfp/libcr_c.a(fpprintf.o)
 .text.sprintf  0x0000000000003ebc       0x6c /Applications/lpcxpresso_8.1.4_606/lpcxpresso/tools/bin/../lib/gcc/arm-none-eabi/5.2.1/../../../../arm-none-eabi/lib/armv7e-m/softfp/libcr_c.a(fpprintf.o)
                0x0000000000003ebc                sprintf
 .text.fp_display
                0x0000000000003f28      0x8f8 /Applications/lpcxpresso_8.1.4_606/lpcxpresso/tools/bin/../lib/gcc/arm-none-eabi/5.2.1/../../../../arm-none-eabi/lib/armv7e-m/softfp/libcr_c.a(fpprintf.o)
 .text.vsnprintf
                0x0000000000004820       0x5c /Applications/lpcxpresso_8.1.4_606/lpcxpresso/tools/bin/../lib/gcc/arm-none-eabi/5.2.1/../../../../arm-none-eabi/lib/armv7e-m/softfp/libcr_c.a(fpprintf.o)
                0x0000000000004820                vsnprintf
 .text.printf   0x000000000000487c       0x54 /Applications/lpcxpresso_8.1.4_606/lpcxpresso/tools/bin/../lib/gcc/arm-none-eabi/5.2.1/../../../../arm-none-eabi/lib/armv7e-m/softfp/libcr_c.a(fpprintf.o)
                0x000000000000487c                printf
 .text._initio  0x00000000000048d0       0xa4 /Applications/lpcxpresso_8.1.4_606/lpcxpresso/tools/bin/../lib/gcc/arm-none-eabi/5.2.1/../../../../arm-none-eabi/lib/armv7e-m/softfp/libcr_c.a(initio.o)
                0x00000000000048d0                _initio
 .text.__vfprintf
                0x0000000000004974      0xd48 /Applications/lpcxpresso_8.1.4_606/lpcxpresso/tools/bin/../lib/gcc/arm-none-eabi/5.2.1/../../../../arm-none-eabi/lib/armv7e-m/softfp/libcr_c.a(printf.o)
                0x0000000000004974                __vfprintf
 .text.setvbuf  0x00000000000056bc       0x40 /Applications/lpcxpresso_8.1.4_606/lpcxpresso/tools/bin/../lib/gcc/arm-none-eabi/5.2.1/../../../../arm-none-eabi/lib/armv7e-m/softfp/libcr_c.a(setvbuf.o)
                0x00000000000056bc                setvbuf
 .text.strlen   0x00000000000056fc       0x4a /Applications/lpcxpresso_8.1.4_606/lpcxpresso/tools/bin/../lib/gcc/arm-none-eabi/5.2.1/../../../../arm-none-eabi/lib/armv7e-m/softfp/libcr_c.a(strlen.o)
                0x00000000000056fc                strlen
 .text.memset   0x0000000000005746        0x4 /Applications/lpcxpresso_8.1.4_606/lpcxpresso/tools/bin/../lib/gcc/arm-none-eabi/5.2.1/../../../../arm-none-eabi/lib/armv7e-m/softfp/libcr_c.a(memset.o)
                0x0000000000005746                memset
 .text._deferredlazyseek
                0x000000000000574a       0x44 /Applications/lpcxpresso_8.1.4_606/lpcxpresso/tools/bin/../lib/gcc/arm-none-eabi/5.2.1/../../../../arm-none-eabi/lib/armv7e-m/softfp/libcr_c.a(_deferredlazyseek.o)
                0x000000000000574a                _deferredlazyseek
 .text.__flsbuf
                0x000000000000578e      0x140 /Applications/lpcxpresso_8.1.4_606/lpcxpresso/tools/bin/../lib/gcc/arm-none-eabi/5.2.1/../../../../arm-none-eabi/lib/armv7e-m/softfp/libcr_c.a(_deferredlazyseek.o)
                0x000000000000578e                __flsbuf
 .text._fdopen  0x00000000000058ce       0x6a /Applications/lpcxpresso_8.1.4_606/lpcxpresso/tools/bin/../lib/gcc/arm-none-eabi/5.2.1/../../../../arm-none-eabi/lib/armv7e-m/softfp/libcr_c.a(_fdopen.o)
                0x00000000000058ce                _fdopen
 .text._fflush  0x0000000000005938       0x58 /Applications/lpcxpresso_8.1.4_606/lpcxpresso/tools/bin/../lib/gcc/arm-none-eabi/5.2.1/../../../../arm-none-eabi/lib/armv7e-m/softfp/libcr_c.a(_fflush.o)
                0x0000000000005938                _fflush
 .text._frexpl  0x0000000000005990       0x5a /Applications/lpcxpresso_8.1.4_606/lpcxpresso/tools/bin/../lib/gcc/arm-none-eabi/5.2.1/../../../../arm-none-eabi/lib/armv7e-m/softfp/libcr_c.a(_frexpl.o)
                0x0000000000005990                _frexpl
 *fill*         0x00000000000059ea        0x2 ff
 .text._ldexpl  0x00000000000059ec       0x4c /Applications/lpcxpresso_8.1.4_606/lpcxpresso/tools/bin/../lib/gcc/arm-none-eabi/5.2.1/../../../../arm-none-eabi/lib/armv7e-m/softfp/libcr_c.a(_ldexpl.o)
                0x00000000000059ec                _ldexpl
 .text._Cwritebuf
                0x0000000000005a38       0x68 /Applications/lpcxpresso_8.1.4_606/lpcxpresso/tools/bin/../lib/gcc/arm-none-eabi/5.2.1/../../../../arm-none-eabi/lib/armv7e-m/softfp/libcr_c.a(_writebuf.o)
                0x0000000000005a38                _Cwritebuf
 .text.malloc   0x0000000000005aa0       0xc8 /Applications/lpcxpresso_8.1.4_606/lpcxpresso/tools/bin/../lib/gcc/arm-none-eabi/5.2.1/../../../../arm-none-eabi/lib/armv7e-m/softfp/libcr_c.a(alloc.o)
                0x0000000000005aa0                malloc
 .text.free     0x0000000000005b68       0x30 /Applications/lpcxpresso_8.1.4_606/lpcxpresso/tools/bin/../lib/gcc/arm-none-eabi/5.2.1/../../../../arm-none-eabi/lib/armv7e-m/softfp/libcr_c.a(alloc.o)
                0x0000000000005b68                free
 .text._Csys_alloc
                0x0000000000005b98       0x20 /Applications/lpcxpresso_8.1.4_606/lpcxpresso/tools/bin/../lib/gcc/arm-none-eabi/5.2.1/../../../../arm-none-eabi/lib/armv7e-m/softfp/libcr_c.a(alloc.o)
                0x0000000000005b98                _Csys_alloc
 .text.fclose   0x0000000000005bb8       0x6c /Applications/lpcxpresso_8.1.4_606/lpcxpresso/tools/bin/../lib/gcc/arm-none-eabi/5.2.1/../../../../arm-none-eabi/lib/armv7e-m/softfp/libcr_c.a(fclose.o)
                0x0000000000005bb8                fclose
 .text.fflush   0x0000000000005c24       0x30 /Applications/lpcxpresso_8.1.4_606/lpcxpresso/tools/bin/../lib/gcc/arm-none-eabi/5.2.1/../../../../arm-none-eabi/lib/armv7e-m/softfp/libcr_c.a(fflush.o)
                0x0000000000005c24                fflush
 .text.fseek    0x0000000000005c54      0x110 /Applications/lpcxpresso_8.1.4_606/lpcxpresso/tools/bin/../lib/gcc/arm-none-eabi/5.2.1/../../../../arm-none-eabi/lib/armv7e-m/softfp/libcr_c.a(fseek.o)
                0x0000000000005c54                fseek
 .text.ftell    0x0000000000005d64       0x4c /Applications/lpcxpresso_8.1.4_606/lpcxpresso/tools/bin/../lib/gcc/arm-none-eabi/5.2.1/../../../../arm-none-eabi/lib/armv7e-m/softfp/libcr_c.a(ftell.o)
                0x0000000000005d64                ftell
 .text.remove   0x0000000000005db0       0x14 /Applications/lpcxpresso_8.1.4_606/lpcxpresso/tools/bin/../lib/gcc/arm-none-eabi/5.2.1/../../../../arm-none-eabi/lib/armv7e-m/softfp/libcr_c.a(remove.o)
                0x0000000000005db0                remove
 .text._sbrk    0x0000000000005dc4       0x40 /Applications/lpcxpresso_8.1.4_606/lpcxpresso/tools/bin/../lib/gcc/arm-none-eabi/5.2.1/../../../../arm-none-eabi/lib/armv7e-m/softfp/libcr_c.a(_cr_sbrk.o)
                0x0000000000005dc4                _sbrk
 .text._do_fflush
                0x0000000000005e04       0x44 /Applications/lpcxpresso_8.1.4_606/lpcxpresso/tools/bin/../lib/gcc/arm-none-eabi/5.2.1/../../../../arm-none-eabi/lib/armv7e-m/softfp/libcr_c.a(_do_fflush.o)
                0x0000000000005e04                _do_fflush
 .text.__check_heap_overflow
                0x0000000000005e48       0x18 /Applications/lpcxpresso_8.1.4_606/lpcxpresso/tools/bin/../lib/gcc/arm-none-eabi/5.2.1/../../../../arm-none-eabi/lib/armv7e-m/softfp/libcr_c.a(_cr_check_heap.o)
                0x0000000000005e48                __check_heap_overflow
 .text.__aeabi_dmul
                0x0000000000005e60      0x110 /Applications/lpcxpresso_8.1.4_606/lpcxpresso/tools/bin/../lib/gcc/arm-none-eabi/5.2.1/armv7e-m/softfp/libcr_eabihelpers.a(double.o)
                0x0000000000005e60                __aeabi_dmul
 .text.__aeabi_ddiv
                0x0000000000005f70      0x13c /Applications/lpcxpresso_8.1.4_606/lpcxpresso/tools/bin/../lib/gcc/arm-none-eabi/5.2.1/armv7e-m/softfp/libcr_eabihelpers.a(double.o)
                0x0000000000005f70                __aeabi_ddiv
 .text.__aeabi_dsub
                0x00000000000060ac      0x1b4 /Applications/lpcxpresso_8.1.4_606/lpcxpresso/tools/bin/../lib/gcc/arm-none-eabi/5.2.1/armv7e-m/softfp/libcr_eabihelpers.a(double.o)
                0x00000000000060ac                __aeabi_dsub
 .text.__aeabi_dadd
                0x0000000000006260      0x114 /Applications/lpcxpresso_8.1.4_606/lpcxpresso/tools/bin/../lib/gcc/arm-none-eabi/5.2.1/armv7e-m/softfp/libcr_eabihelpers.a(double.o)
                0x0000000000006260                __aeabi_dadd
 .text.__aeabi_d2iz
                0x0000000000006374       0x40 /Applications/lpcxpresso_8.1.4_606/lpcxpresso/tools/bin/../lib/gcc/arm-none-eabi/5.2.1/armv7e-m/softfp/libcr_eabihelpers.a(double.o)
                0x0000000000006374                __aeabi_d2iz
 .text.__bhs_ui2d
                0x00000000000063b4       0x46 /Applications/lpcxpresso_8.1.4_606/lpcxpresso/tools/bin/../lib/gcc/arm-none-eabi/5.2.1/armv7e-m/softfp/libcr_eabihelpers.a(double.o)
                0x00000000000063b4                __bhs_ui2d
 .text.__aeabi_i2d
                0x00000000000063fa       0x10 /Applications/lpcxpresso_8.1.4_606/lpcxpresso/tools/bin/../lib/gcc/arm-none-eabi/5.2.1/armv7e-m/softfp/libcr_eabihelpers.a(double.o)
                0x00000000000063fa                __aeabi_i2d
 .text.__aeabi_dcmpeq
                0x000000000000640a       0x30 /Applications/lpcxpresso_8.1.4_606/lpcxpresso/tools/bin/../lib/gcc/arm-none-eabi/5.2.1/armv7e-m/softfp/libcr_eabihelpers.a(double.o)
                0x000000000000640a                __aeabi_dcmpeq
 .text.__aeabi_dcmplt
                0x000000000000643a       0x58 /Applications/lpcxpresso_8.1.4_606/lpcxpresso/tools/bin/../lib/gcc/arm-none-eabi/5.2.1/armv7e-m/softfp/libcr_eabihelpers.a(double.o)
                0x000000000000643a                __aeabi_dcmplt
 .text.__aeabi_dcmple
                0x0000000000006492       0x54 /Applications/lpcxpresso_8.1.4_606/lpcxpresso/tools/bin/../lib/gcc/arm-none-eabi/5.2.1/armv7e-m/softfp/libcr_eabihelpers.a(double.o)
                0x0000000000006492                __aeabi_dcmple
 .text.__aeabi_dcmpge
                0x00000000000064e6       0x54 /Applications/lpcxpresso_8.1.4_606/lpcxpresso/tools/bin/../lib/gcc/arm-none-eabi/5.2.1/armv7e-m/softfp/libcr_eabihelpers.a(double.o)
                0x00000000000064e6                __aeabi_dcmpge
 .text.__aeabi_memset_lowlevel
                0x000000000000653a       0x32 /Applications/lpcxpresso_8.1.4_606/lpcxpresso/tools/bin/../lib/gcc/arm-none-eabi/5.2.1/armv7e-m/softfp/libcr_eabihelpers.a(memcpy.o)
                0x000000000000653a                __aeabi_lowlevel_memset
 .text.__sys_appexit
                0x000000000000656c        0x2 /Applications/lpcxpresso_8.1.4_606/lpcxpresso/tools/bin/../lib/gcc/arm-none-eabi/5.2.1/../../../../arm-none-eabi/lib/armv7e-m/softfp/libcr_nohost.a(__sys_appexit.o)
                0x000000000000656c                __exit
                0x000000000000656c                __sys_appexit
 .text.__sys_close
                0x000000000000656e        0x6 /Applications/lpcxpresso_8.1.4_606/lpcxpresso/tools/bin/../lib/gcc/arm-none-eabi/5.2.1/../../../../arm-none-eabi/lib/armv7e-m/softfp/libcr_nohost.a(__sys_close.o)
                0x000000000000656e                __sys_close
 .text.__sys_flen
                0x0000000000006574        0x6 /Applications/lpcxpresso_8.1.4_606/lpcxpresso/tools/bin/../lib/gcc/arm-none-eabi/5.2.1/../../../../arm-none-eabi/lib/armv7e-m/softfp/libcr_nohost.a(__sys_flen.o)
                0x0000000000006574                __sys_flen
 .text.__sys_istty
                0x000000000000657a        0x6 /Applications/lpcxpresso_8.1.4_606/lpcxpresso/tools/bin/../lib/gcc/arm-none-eabi/5.2.1/../../../../arm-none-eabi/lib/armv7e-m/softfp/libcr_nohost.a(__sys_istty.o)
                0x000000000000657a                __sys_istty
 .text.__sys_remove
                0x0000000000006580        0x6 /Applications/lpcxpresso_8.1.4_606/lpcxpresso/tools/bin/../lib/gcc/arm-none-eabi/5.2.1/../../../../arm-none-eabi/lib/armv7e-m/softfp/libcr_nohost.a(__sys_remove.o)
                0x0000000000006580                __sys_remove
 .text.__sys_seek
                0x0000000000006586        0x6 /Applications/lpcxpresso_8.1.4_606/lpcxpresso/tools/bin/../lib/gcc/arm-none-eabi/5.2.1/../../../../arm-none-eabi/lib/armv7e-m/softfp/libcr_nohost.a(__sys_seek.o)
                0x0000000000006586                __sys_seek
 .text.__sys_tmpnam
                0x000000000000658c        0x6 /Applications/lpcxpresso_8.1.4_606/lpcxpresso/tools/bin/../lib/gcc/arm-none-eabi/5.2.1/../../../../arm-none-eabi/lib/armv7e-m/softfp/libcr_nohost.a(__sys_tmpnam.o)
                0x000000000000658c                __sys_tmpnam
 .text.__sys_write
                0x0000000000006592        0x4 /Applications/lpcxpresso_8.1.4_606/lpcxpresso/tools/bin/../lib/gcc/arm-none-eabi/5.2.1/../../../../arm-none-eabi/lib/armv7e-m/softfp/libcr_nohost.a(__sys_write.o)
                0x0000000000006592                __write
                0x0000000000006592                __sys_write
 *(.rodata .rodata.* .constdata .constdata.*)
 *fill*         0x0000000000006596        0x2 ff
 .rodata        0x0000000000006598      0x396 ./example/src/can.o
 *fill*         0x000000000000692e        0x2 ff
 .rodata.ledports
                0x0000000000006930        0x4 /Users/mortenopprudjakobsen/workspace/ISD/2016/lpc_board_ea_devkit_4088/Debug/liblpc_board_ea_devkit_4088.a(board.o)
 .rodata.ledpins
                0x0000000000006934        0x4 /Users/mortenopprudjakobsen/workspace/ISD/2016/lpc_board_ea_devkit_4088/Debug/liblpc_board_ea_devkit_4088.a(board.o)
 .rodata.OscRateIn
                0x0000000000006938        0x4 /Users/mortenopprudjakobsen/workspace/ISD/2016/lpc_board_ea_devkit_4088/Debug/liblpc_board_ea_devkit_4088.a(board.o)
                0x0000000000006938                OscRateIn
 .rodata.pinmuxing
                0x000000000000693c       0x88 /Users/mortenopprudjakobsen/workspace/ISD/2016/lpc_board_ea_devkit_4088/Debug/liblpc_board_ea_devkit_4088.a(board_sysinit.o)
 .rodata.IS42S32800D_config
                0x00000000000069c4       0x74 /Users/mortenopprudjakobsen/workspace/ISD/2016/lpc_board_ea_devkit_4088/Debug/liblpc_board_ea_devkit_4088.a(board_sysinit.o)
 .rodata.SST39VF320_config
                0x0000000000006a38       0x20 /Users/mortenopprudjakobsen/workspace/ISD/2016/lpc_board_ea_devkit_4088/Debug/liblpc_board_ea_devkit_4088.a(board_sysinit.o)
 .rodata.K9F1G_config
                0x0000000000006a58       0x20 /Users/mortenopprudjakobsen/workspace/ISD/2016/lpc_board_ea_devkit_4088/Debug/liblpc_board_ea_devkit_4088.a(board_sysinit.o)
 .rodata.str1.1
                0x0000000000006a78       0x34 /Applications/lpcxpresso_8.1.4_606/lpcxpresso/tools/bin/../lib/gcc/arm-none-eabi/5.2.1/../../../../arm-none-eabi/lib/armv7e-m/softfp/libcr_c.a(fpprintf.o)
                                         0x35 (size before relaxing)
 .rodata.str1.1
                0x0000000000006aac        0x4 /Applications/lpcxpresso_8.1.4_606/lpcxpresso/tools/bin/../lib/gcc/arm-none-eabi/5.2.1/../../../../arm-none-eabi/lib/armv7e-m/softfp/libcr_c.a(initio.o)
 .rodata.str1.1
                0x0000000000006ab0       0x31 /Applications/lpcxpresso_8.1.4_606/lpcxpresso/tools/bin/../lib/gcc/arm-none-eabi/5.2.1/../../../../arm-none-eabi/lib/armv7e-m/softfp/libcr_c.a(printf.o)
                                         0x38 (size before relaxing)
 .rodata.str1.1
                0x0000000000006ae1       0x18 /Applications/lpcxpresso_8.1.4_606/lpcxpresso/tools/bin/../lib/gcc/arm-none-eabi/5.2.1/../../../../arm-none-eabi/lib/armv7e-m/softfp/libcr_c.a(alloc.o)
 *fill*         0x0000000000006af9        0x7 ff
 .rodata.__huge_vall
                0x0000000000006b00        0x8 /Applications/lpcxpresso_8.1.4_606/lpcxpresso/tools/bin/../lib/gcc/arm-none-eabi/5.2.1/../../../../arm-none-eabi/lib/armv7e-m/softfp/libcr_c.a(_hugeval.o)
                0x0000000000006b00                __huge_vall
                0x0000000000006b08                . = ALIGN (0x4)

.glue_7         0x0000000000006b08        0x0
 .glue_7        0x0000000000006b08        0x0 linker stubs

.glue_7t        0x0000000000006b08        0x0
 .glue_7t       0x0000000000006b08        0x0 linker stubs

.vfp11_veneer   0x0000000000006b08        0x0
 .vfp11_veneer  0x0000000000006b08        0x0 linker stubs

.v4_bx          0x0000000000006b08        0x0
 .v4_bx         0x0000000000006b08        0x0 linker stubs

.iplt           0x0000000000006b08        0x0
 .iplt          0x0000000000006b08        0x0 ./example/src/can.o

.rel.dyn        0x0000000000006b08        0x0
 .rel.iplt      0x0000000000006b08        0x0 ./example/src/can.o

.ARM.extab
 *(.ARM.extab* .gnu.linkonce.armextab.*)
                0x0000000000006b08                __exidx_start = .

.ARM.exidx
 *(.ARM.exidx* .gnu.linkonce.armexidx.*)
                0x0000000000006b08                __exidx_end = .
                0x0000000000006b08                _etext = .

.data_RAM2      0x0000000020000000        0x0 load address 0x0000000000006b08
 FILL mask 0xff
                [!provide]                        PROVIDE (__start_data_RAM2, .)
 *(.ramfunc.$RAM2)
 *(.ramfunc.$RamPeriph32)
 *(.data.$RAM2*)
 *(.data.$RamPeriph32*)
                0x0000000020000000                . = ALIGN (0x4)
                [!provide]                        PROVIDE (__end_data_RAM2, .)

.uninit_RESERVED
                0x0000000010000000        0x0
 *(.bss.$RESERVED*)
                0x0000000010000000                . = ALIGN (0x4)
                0x0000000010000000                _end_uninit_RESERVED = .

.data           0x0000000010000000      0x134 load address 0x0000000000006b08
 FILL mask 0xff
                0x0000000010000000                _data = .
 *(vtable)
 *(.ramfunc*)
 *(.data*)
 .data.WelcomeMenu
                0x0000000010000000       0x7e ./example/src/can.o
 *fill*         0x000000001000007e        0x2 ff
 .data.FullCANSection
                0x0000000010000080       0x10 ./example/src/can.o
                0x0000000010000080                FullCANSection
 .data.SFFSection
                0x0000000010000090       0x14 ./example/src/can.o
                0x0000000010000090                SFFSection
 .data.SffGrpSection
                0x00000000100000a4       0x18 ./example/src/can.o
                0x00000000100000a4                SffGrpSection
 .data.EFFSection
                0x00000000100000bc       0x20 ./example/src/can.o
                0x00000000100000bc                EFFSection
 .data.EffGrpSection
                0x00000000100000dc       0x30 ./example/src/can.o
                0x00000000100000dc                EffGrpSection
 .data.AFSections
                0x000000001000010c       0x28 ./example/src/can.o
                0x000000001000010c                AFSections
                0x0000000010000134                . = ALIGN (0x4)
                0x0000000010000134                _edata = .

.igot.plt       0x0000000010000134        0x0 load address 0x0000000000006c3c
 .igot.plt      0x0000000010000134        0x0 ./example/src/can.o

.bss_RAM2       0x0000000020000000        0x0
                [!provide]                        PROVIDE (__start_bss_RAM2, .)
 *(.bss.$RAM2*)
 *(.bss.$RamPeriph32*)
                0x0000000020000000                . = ALIGN ((. != 0x0)?0x4:0x1)
                [!provide]                        PROVIDE (__end_bss_RAM2, .)

.bss            0x0000000010000134      0x154
                0x0000000010000134                _bss = .
 *(.bss*)
 .bss._extra    0x0000000010000134        0x4 /Applications/lpcxpresso_8.1.4_606/lpcxpresso/tools/bin/../lib/gcc/arm-none-eabi/5.2.1/../../../../arm-none-eabi/lib/armv7e-m/softfp/libcr_c.a(initio.o)
                0x0000000010000134                _extra
 .bss.__Ciob    0x0000000010000138      0x140 /Applications/lpcxpresso_8.1.4_606/lpcxpresso/tools/bin/../lib/gcc/arm-none-eabi/5.2.1/../../../../arm-none-eabi/lib/armv7e-m/softfp/libcr_c.a(stdio.o)
                0x0000000010000138                __Ciob
 .bss.errno     0x0000000010000278        0x4 /Applications/lpcxpresso_8.1.4_606/lpcxpresso/tools/bin/../lib/gcc/arm-none-eabi/5.2.1/../../../../arm-none-eabi/lib/armv7e-m/softfp/libcr_c.a(errno.o)
                0x0000000010000278                errno
 .bss.__heaps   0x000000001000027c        0x4 /Applications/lpcxpresso_8.1.4_606/lpcxpresso/tools/bin/../lib/gcc/arm-none-eabi/5.2.1/../../../../arm-none-eabi/lib/armv7e-m/softfp/libcr_c.a(__init_alloc.o)
                0x000000001000027c                __heaps
 .bss.__end_of_heap
                0x0000000010000280        0x4 /Applications/lpcxpresso_8.1.4_606/lpcxpresso/tools/bin/../lib/gcc/arm-none-eabi/5.2.1/../../../../arm-none-eabi/lib/armv7e-m/softfp/libcr_c.a(__init_alloc.o)
                0x0000000010000280                __end_of_heap
 *(COMMON)
 COMMON         0x0000000010000284        0x4 /Users/mortenopprudjakobsen/workspace/ISD/2016/lpc_chip_40xx/Debug/liblpc_chip_40xx.a(chip_17xx_40xx.o)
                0x0000000010000284                SystemCoreClock
                0x0000000010000288                . = ALIGN (0x4)
                0x0000000010000288                _ebss = .
                [!provide]                        PROVIDE (end, .)

.noinit_RAM2    0x0000000020000000        0x0
 *(.noinit.$RAM2*)
 *(.noinit.$RamPeriph32*)
                0x0000000020000000                . = ALIGN (0x4)

.noinit         0x0000000010000288        0x0
                0x0000000010000288                _noinit = .
 *(.noinit*)
                0x0000000010000288                . = ALIGN (0x4)
                0x0000000010000288                _end_noinit = .
                0x0000000010000288                PROVIDE (_pvHeapStart, DEFINED (__user_heap_base)?__user_heap_base:.)
                0x0000000010010000                PROVIDE (_vStackTop, DEFINED (__user_stack_top)?__user_stack_top:(__top_RamLoc64 - 0x0))
                [!provide]                        PROVIDE (__valid_user_code_checksum, (0x0 - ((((((_vStackTop + (ResetISR + 0x1)) + (NMI_Handler + 0x1)) + (HardFault_Handler + 0x1)) + (DEFINED (MemManage_Handler)?MemManage_Handler:0x0 + 0x1)) + (DEFINED (BusFault_Handler)?BusFault_Handler:0x0 + 0x1)) + (DEFINED (UsageFault_Handler)?UsageFault_Handler:0x0 + 0x1))))
OUTPUT(periph_can.axf elf32-littlearm)

.debug_info     0x0000000000000000     0x7e74
 .debug_info    0x0000000000000000      0xcb3 ./example/src/can.o
 .debug_info    0x0000000000000cb3      0x25d ./example/src/cr_startup_lpc40xx.o
 .debug_info    0x0000000000000f10      0x110 ./example/src/sysinit.o
 .debug_info    0x0000000000001020     0x1af9 /Users/mortenopprudjakobsen/workspace/ISD/2016/lpc_board_ea_devkit_4088/Debug/liblpc_board_ea_devkit_4088.a(board.o)
 .debug_info    0x0000000000002b19      0xa07 /Users/mortenopprudjakobsen/workspace/ISD/2016/lpc_board_ea_devkit_4088/Debug/liblpc_board_ea_devkit_4088.a(board_sysinit.o)
 .debug_info    0x0000000000003520     0x1eaf /Users/mortenopprudjakobsen/workspace/ISD/2016/lpc_chip_40xx/Debug/liblpc_chip_40xx.a(can_17xx_40xx.o)
 .debug_info    0x00000000000053cf      0x5ea /Users/mortenopprudjakobsen/workspace/ISD/2016/lpc_chip_40xx/Debug/liblpc_chip_40xx.a(chip_17xx_40xx.o)
 .debug_info    0x00000000000059b9      0xb75 /Users/mortenopprudjakobsen/workspace/ISD/2016/lpc_chip_40xx/Debug/liblpc_chip_40xx.a(clock_17xx_40xx.o)
 .debug_info    0x000000000000652e      0xc47 /Users/mortenopprudjakobsen/workspace/ISD/2016/lpc_chip_40xx/Debug/liblpc_chip_40xx.a(emc_17xx_40xx.o)
 .debug_info    0x0000000000007175      0x128 /Users/mortenopprudjakobsen/workspace/ISD/2016/lpc_chip_40xx/Debug/liblpc_chip_40xx.a(fpu_init.o)
 .debug_info    0x000000000000729d      0x1f9 /Users/mortenopprudjakobsen/workspace/ISD/2016/lpc_chip_40xx/Debug/liblpc_chip_40xx.a(iocon_17xx_40xx.o)
 .debug_info    0x0000000000007496      0x502 /Users/mortenopprudjakobsen/workspace/ISD/2016/lpc_chip_40xx/Debug/liblpc_chip_40xx.a(sysctl_17xx_40xx.o)
 .debug_info    0x0000000000007998      0x4dc /Users/mortenopprudjakobsen/workspace/ISD/2016/lpc_chip_40xx/Debug/liblpc_chip_40xx.a(sysinit_17xx_40xx.o)

.debug_abbrev   0x0000000000000000     0x175c
 .debug_abbrev  0x0000000000000000      0x27b ./example/src/can.o
 .debug_abbrev  0x000000000000027b       0xf5 ./example/src/cr_startup_lpc40xx.o
 .debug_abbrev  0x0000000000000370       0xa3 ./example/src/sysinit.o
 .debug_abbrev  0x0000000000000413      0x39e /Users/mortenopprudjakobsen/workspace/ISD/2016/lpc_board_ea_devkit_4088/Debug/liblpc_board_ea_devkit_4088.a(board.o)
 .debug_abbrev  0x00000000000007b1      0x234 /Users/mortenopprudjakobsen/workspace/ISD/2016/lpc_board_ea_devkit_4088/Debug/liblpc_board_ea_devkit_4088.a(board_sysinit.o)
 .debug_abbrev  0x00000000000009e5      0x304 /Users/mortenopprudjakobsen/workspace/ISD/2016/lpc_chip_40xx/Debug/liblpc_chip_40xx.a(can_17xx_40xx.o)
 .debug_abbrev  0x0000000000000ce9      0x15e /Users/mortenopprudjakobsen/workspace/ISD/2016/lpc_chip_40xx/Debug/liblpc_chip_40xx.a(chip_17xx_40xx.o)
 .debug_abbrev  0x0000000000000e47      0x2b4 /Users/mortenopprudjakobsen/workspace/ISD/2016/lpc_chip_40xx/Debug/liblpc_chip_40xx.a(clock_17xx_40xx.o)
 .debug_abbrev  0x00000000000010fb      0x1fb /Users/mortenopprudjakobsen/workspace/ISD/2016/lpc_chip_40xx/Debug/liblpc_chip_40xx.a(emc_17xx_40xx.o)
 .debug_abbrev  0x00000000000012f6       0x84 /Users/mortenopprudjakobsen/workspace/ISD/2016/lpc_chip_40xx/Debug/liblpc_chip_40xx.a(fpu_init.o)
 .debug_abbrev  0x000000000000137a      0x122 /Users/mortenopprudjakobsen/workspace/ISD/2016/lpc_chip_40xx/Debug/liblpc_chip_40xx.a(iocon_17xx_40xx.o)
 .debug_abbrev  0x000000000000149c      0x14b /Users/mortenopprudjakobsen/workspace/ISD/2016/lpc_chip_40xx/Debug/liblpc_chip_40xx.a(sysctl_17xx_40xx.o)
 .debug_abbrev  0x00000000000015e7      0x175 /Users/mortenopprudjakobsen/workspace/ISD/2016/lpc_chip_40xx/Debug/liblpc_chip_40xx.a(sysinit_17xx_40xx.o)

.debug_aranges  0x0000000000000000      0x7e0
 .debug_aranges
                0x0000000000000000       0x88 ./example/src/can.o
 .debug_aranges
                0x0000000000000088       0x80 ./example/src/cr_startup_lpc40xx.o
 .debug_aranges
                0x0000000000000108       0x20 ./example/src/sysinit.o
 .debug_aranges
                0x0000000000000128      0x1c8 /Users/mortenopprudjakobsen/workspace/ISD/2016/lpc_board_ea_devkit_4088/Debug/liblpc_board_ea_devkit_4088.a(board.o)
 .debug_aranges
                0x00000000000002f0       0x50 /Users/mortenopprudjakobsen/workspace/ISD/2016/lpc_board_ea_devkit_4088/Debug/liblpc_board_ea_devkit_4088.a(board_sysinit.o)
 .debug_aranges
                0x0000000000000340      0x1e8 /Users/mortenopprudjakobsen/workspace/ISD/2016/lpc_chip_40xx/Debug/liblpc_chip_40xx.a(can_17xx_40xx.o)
 .debug_aranges
                0x0000000000000528       0x30 /Users/mortenopprudjakobsen/workspace/ISD/2016/lpc_chip_40xx/Debug/liblpc_chip_40xx.a(chip_17xx_40xx.o)
 .debug_aranges
                0x0000000000000558      0x138 /Users/mortenopprudjakobsen/workspace/ISD/2016/lpc_chip_40xx/Debug/liblpc_chip_40xx.a(clock_17xx_40xx.o)
 .debug_aranges
                0x0000000000000690       0x80 /Users/mortenopprudjakobsen/workspace/ISD/2016/lpc_chip_40xx/Debug/liblpc_chip_40xx.a(emc_17xx_40xx.o)
 .debug_aranges
                0x0000000000000710       0x20 /Users/mortenopprudjakobsen/workspace/ISD/2016/lpc_chip_40xx/Debug/liblpc_chip_40xx.a(fpu_init.o)
 .debug_aranges
                0x0000000000000730       0x28 /Users/mortenopprudjakobsen/workspace/ISD/2016/lpc_chip_40xx/Debug/liblpc_chip_40xx.a(iocon_17xx_40xx.o)
 .debug_aranges
                0x0000000000000758       0x28 /Users/mortenopprudjakobsen/workspace/ISD/2016/lpc_chip_40xx/Debug/liblpc_chip_40xx.a(sysctl_17xx_40xx.o)
 .debug_aranges
                0x0000000000000780       0x60 /Users/mortenopprudjakobsen/workspace/ISD/2016/lpc_chip_40xx/Debug/liblpc_chip_40xx.a(sysinit_17xx_40xx.o)

.debug_ranges   0x0000000000000000      0x740
 .debug_ranges  0x0000000000000000       0x78 ./example/src/can.o
 .debug_ranges  0x0000000000000078       0x70 ./example/src/cr_startup_lpc40xx.o
 .debug_ranges  0x00000000000000e8       0x10 ./example/src/sysinit.o
 .debug_ranges  0x00000000000000f8      0x1b8 /Users/mortenopprudjakobsen/workspace/ISD/2016/lpc_board_ea_devkit_4088/Debug/liblpc_board_ea_devkit_4088.a(board.o)
 .debug_ranges  0x00000000000002b0       0x40 /Users/mortenopprudjakobsen/workspace/ISD/2016/lpc_board_ea_devkit_4088/Debug/liblpc_board_ea_devkit_4088.a(board_sysinit.o)
 .debug_ranges  0x00000000000002f0      0x208 /Users/mortenopprudjakobsen/workspace/ISD/2016/lpc_chip_40xx/Debug/liblpc_chip_40xx.a(can_17xx_40xx.o)
 .debug_ranges  0x00000000000004f8       0x20 /Users/mortenopprudjakobsen/workspace/ISD/2016/lpc_chip_40xx/Debug/liblpc_chip_40xx.a(chip_17xx_40xx.o)
 .debug_ranges  0x0000000000000518      0x128 /Users/mortenopprudjakobsen/workspace/ISD/2016/lpc_chip_40xx/Debug/liblpc_chip_40xx.a(clock_17xx_40xx.o)
 .debug_ranges  0x0000000000000640       0x70 /Users/mortenopprudjakobsen/workspace/ISD/2016/lpc_chip_40xx/Debug/liblpc_chip_40xx.a(emc_17xx_40xx.o)
 .debug_ranges  0x00000000000006b0       0x10 /Users/mortenopprudjakobsen/workspace/ISD/2016/lpc_chip_40xx/Debug/liblpc_chip_40xx.a(fpu_init.o)
 .debug_ranges  0x00000000000006c0       0x18 /Users/mortenopprudjakobsen/workspace/ISD/2016/lpc_chip_40xx/Debug/liblpc_chip_40xx.a(iocon_17xx_40xx.o)
 .debug_ranges  0x00000000000006d8       0x18 /Users/mortenopprudjakobsen/workspace/ISD/2016/lpc_chip_40xx/Debug/liblpc_chip_40xx.a(sysctl_17xx_40xx.o)
 .debug_ranges  0x00000000000006f0       0x50 /Users/mortenopprudjakobsen/workspace/ISD/2016/lpc_chip_40xx/Debug/liblpc_chip_40xx.a(sysinit_17xx_40xx.o)

.debug_macro    0x0000000000000000     0x6461
 .debug_macro   0x0000000000000000      0x2c6 ./example/src/can.o
 .debug_macro   0x00000000000002c6      0x89e ./example/src/can.o
 .debug_macro   0x0000000000000b64       0x10 ./example/src/can.o
 .debug_macro   0x0000000000000b74      0x12d ./example/src/can.o
 .debug_macro   0x0000000000000ca1      0x5b2 ./example/src/can.o
 .debug_macro   0x0000000000001253       0x22 ./example/src/can.o
 .debug_macro   0x0000000000001275       0x7b ./example/src/can.o
 .debug_macro   0x00000000000012f0       0x16 ./example/src/can.o
 .debug_macro   0x0000000000001306       0x2d ./example/src/can.o
 .debug_macro   0x0000000000001333       0x3b ./example/src/can.o
 .debug_macro   0x000000000000136e       0x2d ./example/src/can.o
 .debug_macro   0x000000000000139b       0x42 ./example/src/can.o
 .debug_macro   0x00000000000013dd      0xd39 ./example/src/can.o
 .debug_macro   0x0000000000002116      0x295 ./example/src/can.o
 .debug_macro   0x00000000000023ab       0x50 ./example/src/can.o
 .debug_macro   0x00000000000023fb       0x34 ./example/src/can.o
 .debug_macro   0x000000000000242f      0x152 ./example/src/can.o
 .debug_macro   0x0000000000002581       0x82 ./example/src/can.o
 .debug_macro   0x0000000000002603      0x48c ./example/src/can.o
 .debug_macro   0x0000000000002a8f      0x12d ./example/src/can.o
 .debug_macro   0x0000000000002bbc       0x6a ./example/src/can.o
 .debug_macro   0x0000000000002c26       0x34 ./example/src/can.o
 .debug_macro   0x0000000000002c5a       0x58 ./example/src/can.o
 .debug_macro   0x0000000000002cb2      0x236 ./example/src/can.o
 .debug_macro   0x0000000000002ee8      0x4c5 ./example/src/can.o
 .debug_macro   0x00000000000033ad      0x1da ./example/src/can.o
 .debug_macro   0x0000000000003587       0x10 ./example/src/can.o
 .debug_macro   0x0000000000003597      0x21b ./example/src/can.o
 .debug_macro   0x00000000000037b2      0x1b9 ./example/src/can.o
 .debug_macro   0x000000000000396b       0x2e ./example/src/can.o
 .debug_macro   0x0000000000003999       0x40 ./example/src/can.o
 .debug_macro   0x00000000000039d9      0x209 ./example/src/can.o
 .debug_macro   0x0000000000003be2      0x2b3 ./example/src/can.o
 .debug_macro   0x0000000000003e95      0x34c ./example/src/can.o
 .debug_macro   0x00000000000041e1       0xb2 ./example/src/can.o
 .debug_macro   0x0000000000004293       0x16 ./example/src/can.o
 .debug_macro   0x00000000000042a9       0xb8 ./example/src/can.o
 .debug_macro   0x0000000000004361       0x4c ./example/src/can.o
 .debug_macro   0x00000000000043ad       0x16 ./example/src/can.o
 .debug_macro   0x00000000000043c3      0x328 ./example/src/can.o
 .debug_macro   0x00000000000046eb       0x3a ./example/src/can.o
 .debug_macro   0x0000000000004725       0x16 ./example/src/can.o
 .debug_macro   0x000000000000473b       0xca ./example/src/can.o
 .debug_macro   0x0000000000004805       0x18 ./example/src/can.o
 .debug_macro   0x000000000000481d       0x16 ./example/src/can.o
 .debug_macro   0x0000000000004833       0x8e ./example/src/can.o
 .debug_macro   0x00000000000048c1      0x124 ./example/src/can.o
 .debug_macro   0x00000000000049e5       0x6c ./example/src/can.o
 .debug_macro   0x0000000000004a51       0x9a ./example/src/can.o
 .debug_macro   0x0000000000004aeb       0x20 ./example/src/can.o
 .debug_macro   0x0000000000004b0b       0x2e ./example/src/can.o
 .debug_macro   0x0000000000004b39       0x1d ./example/src/cr_startup_lpc40xx.o
 .debug_macro   0x0000000000004b56      0x296 ./example/src/sysinit.o
 .debug_macro   0x0000000000004dec      0x3ce /Users/mortenopprudjakobsen/workspace/ISD/2016/lpc_board_ea_devkit_4088/Debug/liblpc_board_ea_devkit_4088.a(board.o)
 .debug_macro   0x00000000000051ba       0x12 /Users/mortenopprudjakobsen/workspace/ISD/2016/lpc_board_ea_devkit_4088/Debug/liblpc_board_ea_devkit_4088.a(board.o)
 .debug_macro   0x00000000000051cc      0x29c /Users/mortenopprudjakobsen/workspace/ISD/2016/lpc_board_ea_devkit_4088/Debug/liblpc_board_ea_devkit_4088.a(board_sysinit.o)
 .debug_macro   0x0000000000005468      0x22c /Users/mortenopprudjakobsen/workspace/ISD/2016/lpc_chip_40xx/Debug/liblpc_chip_40xx.a(can_17xx_40xx.o)
 .debug_macro   0x0000000000005694      0x22c /Users/mortenopprudjakobsen/workspace/ISD/2016/lpc_chip_40xx/Debug/liblpc_chip_40xx.a(chip_17xx_40xx.o)
 .debug_macro   0x00000000000058c0      0x22c /Users/mortenopprudjakobsen/workspace/ISD/2016/lpc_chip_40xx/Debug/liblpc_chip_40xx.a(clock_17xx_40xx.o)
 .debug_macro   0x0000000000005aec      0x232 /Users/mortenopprudjakobsen/workspace/ISD/2016/lpc_chip_40xx/Debug/liblpc_chip_40xx.a(emc_17xx_40xx.o)
 .debug_macro   0x0000000000005d1e       0xbf /Users/mortenopprudjakobsen/workspace/ISD/2016/lpc_chip_40xx/Debug/liblpc_chip_40xx.a(fpu_init.o)
 .debug_macro   0x0000000000005ddd      0x22c /Users/mortenopprudjakobsen/workspace/ISD/2016/lpc_chip_40xx/Debug/liblpc_chip_40xx.a(iocon_17xx_40xx.o)
 .debug_macro   0x0000000000006009      0x22c /Users/mortenopprudjakobsen/workspace/ISD/2016/lpc_chip_40xx/Debug/liblpc_chip_40xx.a(sysctl_17xx_40xx.o)
 .debug_macro   0x0000000000006235      0x22c /Users/mortenopprudjakobsen/workspace/ISD/2016/lpc_chip_40xx/Debug/liblpc_chip_40xx.a(sysinit_17xx_40xx.o)

.debug_line     0x0000000000000000     0x50f8
 .debug_line    0x0000000000000000      0x7d6 ./example/src/can.o
 .debug_line    0x00000000000007d6       0xe1 ./example/src/cr_startup_lpc40xx.o
 .debug_line    0x00000000000008b7      0x579 ./example/src/sysinit.o
 .debug_line    0x0000000000000e30      0xb74 /Users/mortenopprudjakobsen/workspace/ISD/2016/lpc_board_ea_devkit_4088/Debug/liblpc_board_ea_devkit_4088.a(board.o)
 .debug_line    0x00000000000019a4      0x62a /Users/mortenopprudjakobsen/workspace/ISD/2016/lpc_board_ea_devkit_4088/Debug/liblpc_board_ea_devkit_4088.a(board_sysinit.o)
 .debug_line    0x0000000000001fce      0xd4f /Users/mortenopprudjakobsen/workspace/ISD/2016/lpc_chip_40xx/Debug/liblpc_chip_40xx.a(can_17xx_40xx.o)
 .debug_line    0x0000000000002d1d      0x4df /Users/mortenopprudjakobsen/workspace/ISD/2016/lpc_chip_40xx/Debug/liblpc_chip_40xx.a(chip_17xx_40xx.o)
 .debug_line    0x00000000000031fc      0x79f /Users/mortenopprudjakobsen/workspace/ISD/2016/lpc_chip_40xx/Debug/liblpc_chip_40xx.a(clock_17xx_40xx.o)
 .debug_line    0x000000000000399b      0x658 /Users/mortenopprudjakobsen/workspace/ISD/2016/lpc_chip_40xx/Debug/liblpc_chip_40xx.a(emc_17xx_40xx.o)
 .debug_line    0x0000000000003ff3      0x201 /Users/mortenopprudjakobsen/workspace/ISD/2016/lpc_chip_40xx/Debug/liblpc_chip_40xx.a(fpu_init.o)
 .debug_line    0x00000000000041f4      0x4d2 /Users/mortenopprudjakobsen/workspace/ISD/2016/lpc_chip_40xx/Debug/liblpc_chip_40xx.a(iocon_17xx_40xx.o)
 .debug_line    0x00000000000046c6      0x4c4 /Users/mortenopprudjakobsen/workspace/ISD/2016/lpc_chip_40xx/Debug/liblpc_chip_40xx.a(sysctl_17xx_40xx.o)
 .debug_line    0x0000000000004b8a      0x56e /Users/mortenopprudjakobsen/workspace/ISD/2016/lpc_chip_40xx/Debug/liblpc_chip_40xx.a(sysinit_17xx_40xx.o)

.debug_str      0x0000000000000000    0x1aafb
 .debug_str     0x0000000000000000    0x17706 ./example/src/can.o
                                      0x17870 (size before relaxing)
 .debug_str     0x0000000000017706      0x1d1 ./example/src/cr_startup_lpc40xx.o
                                       0x272b (size before relaxing)
 .debug_str     0x00000000000178d7       0x19 ./example/src/sysinit.o
                                      0x16f0c (size before relaxing)
 .debug_str     0x00000000000178f0     0x15bf /Users/mortenopprudjakobsen/workspace/ISD/2016/lpc_board_ea_devkit_4088/Debug/liblpc_board_ea_devkit_4088.a(board.o)
                                      0x18712 (size before relaxing)
 .debug_str     0x0000000000018eaf      0x67b /Users/mortenopprudjakobsen/workspace/ISD/2016/lpc_board_ea_devkit_4088/Debug/liblpc_board_ea_devkit_4088.a(board_sysinit.o)
                                      0x17a72 (size before relaxing)
 .debug_str     0x000000000001952a      0x7d1 /Users/mortenopprudjakobsen/workspace/ISD/2016/lpc_chip_40xx/Debug/liblpc_chip_40xx.a(can_17xx_40xx.o)
                                      0x17225 (size before relaxing)
 .debug_str     0x0000000000019cfb       0xf6 /Users/mortenopprudjakobsen/workspace/ISD/2016/lpc_chip_40xx/Debug/liblpc_chip_40xx.a(chip_17xx_40xx.o)
                                      0x168f9 (size before relaxing)
 .debug_str     0x0000000000019df1      0x61d /Users/mortenopprudjakobsen/workspace/ISD/2016/lpc_chip_40xx/Debug/liblpc_chip_40xx.a(clock_17xx_40xx.o)
                                      0x16d80 (size before relaxing)
 .debug_str     0x000000000001a40e      0x4a5 /Users/mortenopprudjakobsen/workspace/ISD/2016/lpc_chip_40xx/Debug/liblpc_chip_40xx.a(emc_17xx_40xx.o)
                                      0x16930 (size before relaxing)
 .debug_str     0x000000000001a8b3       0xb5 /Users/mortenopprudjakobsen/workspace/ISD/2016/lpc_chip_40xx/Debug/liblpc_chip_40xx.a(fpu_init.o)
                                       0x9965 (size before relaxing)
 .debug_str     0x000000000001a968       0x46 /Users/mortenopprudjakobsen/workspace/ISD/2016/lpc_chip_40xx/Debug/liblpc_chip_40xx.a(iocon_17xx_40xx.o)
                                      0x16290 (size before relaxing)
 .debug_str     0x000000000001a9ae       0x73 /Users/mortenopprudjakobsen/workspace/ISD/2016/lpc_chip_40xx/Debug/liblpc_chip_40xx.a(sysctl_17xx_40xx.o)
                                      0x16683 (size before relaxing)
 .debug_str     0x000000000001aa21       0xda /Users/mortenopprudjakobsen/workspace/ISD/2016/lpc_chip_40xx/Debug/liblpc_chip_40xx.a(sysinit_17xx_40xx.o)
                                      0x1655c (size before relaxing)

.comment        0x0000000000000000       0x6e
 .comment       0x0000000000000000       0x6e ./example/src/can.o
                                         0x6f (size before relaxing)
 .comment       0x000000000000006e       0x6f ./example/src/cr_startup_lpc40xx.o
 .comment       0x000000000000006e       0x6f ./example/src/sysinit.o
 .comment       0x000000000000006e       0x6f /Users/mortenopprudjakobsen/workspace/ISD/2016/lpc_board_ea_devkit_4088/Debug/liblpc_board_ea_devkit_4088.a(board.o)
 .comment       0x000000000000006e       0x6f /Users/mortenopprudjakobsen/workspace/ISD/2016/lpc_board_ea_devkit_4088/Debug/liblpc_board_ea_devkit_4088.a(board_sysinit.o)
 .comment       0x000000000000006e       0x6f /Users/mortenopprudjakobsen/workspace/ISD/2016/lpc_chip_40xx/Debug/liblpc_chip_40xx.a(can_17xx_40xx.o)
 .comment       0x000000000000006e       0x6f /Users/mortenopprudjakobsen/workspace/ISD/2016/lpc_chip_40xx/Debug/liblpc_chip_40xx.a(chip_17xx_40xx.o)
 .comment       0x000000000000006e       0x6f /Users/mortenopprudjakobsen/workspace/ISD/2016/lpc_chip_40xx/Debug/liblpc_chip_40xx.a(clock_17xx_40xx.o)
 .comment       0x000000000000006e       0x6f /Users/mortenopprudjakobsen/workspace/ISD/2016/lpc_chip_40xx/Debug/liblpc_chip_40xx.a(emc_17xx_40xx.o)
 .comment       0x000000000000006e       0x6f /Users/mortenopprudjakobsen/workspace/ISD/2016/lpc_chip_40xx/Debug/liblpc_chip_40xx.a(fpu_init.o)
 .comment       0x000000000000006e       0x6f /Users/mortenopprudjakobsen/workspace/ISD/2016/lpc_chip_40xx/Debug/liblpc_chip_40xx.a(iocon_17xx_40xx.o)
 .comment       0x000000000000006e       0x6f /Users/mortenopprudjakobsen/workspace/ISD/2016/lpc_chip_40xx/Debug/liblpc_chip_40xx.a(sysctl_17xx_40xx.o)
 .comment       0x000000000000006e       0x6f /Users/mortenopprudjakobsen/workspace/ISD/2016/lpc_chip_40xx/Debug/liblpc_chip_40xx.a(sysinit_17xx_40xx.o)
 .comment       0x000000000000006e       0x6f /Applications/lpcxpresso_8.1.4_606/lpcxpresso/tools/bin/../lib/gcc/arm-none-eabi/5.2.1/../../../../arm-none-eabi/lib/armv7e-m/softfp/libcr_nohost.a(_cr__main.o)
 .comment       0x000000000000006e       0x6f /Applications/lpcxpresso_8.1.4_606/lpcxpresso/tools/bin/../lib/gcc/arm-none-eabi/5.2.1/../../../../arm-none-eabi/lib/armv7e-m/softfp/libcr_c.a(fpprintf.o)
 .comment       0x000000000000006e       0x6f /Applications/lpcxpresso_8.1.4_606/lpcxpresso/tools/bin/../lib/gcc/arm-none-eabi/5.2.1/../../../../arm-none-eabi/lib/armv7e-m/softfp/libcr_c.a(initio.o)
 .comment       0x000000000000006e       0x6f /Applications/lpcxpresso_8.1.4_606/lpcxpresso/tools/bin/../lib/gcc/arm-none-eabi/5.2.1/../../../../arm-none-eabi/lib/armv7e-m/softfp/libcr_c.a(printf.o)
 .comment       0x000000000000006e       0x6f /Applications/lpcxpresso_8.1.4_606/lpcxpresso/tools/bin/../lib/gcc/arm-none-eabi/5.2.1/../../../../arm-none-eabi/lib/armv7e-m/softfp/libcr_c.a(setvbuf.o)
 .comment       0x000000000000006e       0x6f /Applications/lpcxpresso_8.1.4_606/lpcxpresso/tools/bin/../lib/gcc/arm-none-eabi/5.2.1/../../../../arm-none-eabi/lib/armv7e-m/softfp/libcr_c.a(stdio.o)
 .comment       0x000000000000006e       0x6f /Applications/lpcxpresso_8.1.4_606/lpcxpresso/tools/bin/../lib/gcc/arm-none-eabi/5.2.1/../../../../arm-none-eabi/lib/armv7e-m/softfp/libcr_c.a(strlen.o)
 .comment       0x000000000000006e       0x6f /Applications/lpcxpresso_8.1.4_606/lpcxpresso/tools/bin/../lib/gcc/arm-none-eabi/5.2.1/../../../../arm-none-eabi/lib/armv7e-m/softfp/libcr_c.a(memset.o)
 .comment       0x000000000000006e       0x6f /Applications/lpcxpresso_8.1.4_606/lpcxpresso/tools/bin/../lib/gcc/arm-none-eabi/5.2.1/../../../../arm-none-eabi/lib/armv7e-m/softfp/libcr_c.a(_deferredlazyseek.o)
 .comment       0x000000000000006e       0x6f /Applications/lpcxpresso_8.1.4_606/lpcxpresso/tools/bin/../lib/gcc/arm-none-eabi/5.2.1/../../../../arm-none-eabi/lib/armv7e-m/softfp/libcr_c.a(_fdopen.o)
 .comment       0x000000000000006e       0x6f /Applications/lpcxpresso_8.1.4_606/lpcxpresso/tools/bin/../lib/gcc/arm-none-eabi/5.2.1/../../../../arm-none-eabi/lib/armv7e-m/softfp/libcr_c.a(_fflush.o)
 .comment       0x000000000000006e       0x6f /Applications/lpcxpresso_8.1.4_606/lpcxpresso/tools/bin/../lib/gcc/arm-none-eabi/5.2.1/../../../../arm-none-eabi/lib/armv7e-m/softfp/libcr_c.a(_frexpl.o)
 .comment       0x000000000000006e       0x6f /Applications/lpcxpresso_8.1.4_606/lpcxpresso/tools/bin/../lib/gcc/arm-none-eabi/5.2.1/../../../../arm-none-eabi/lib/armv7e-m/softfp/libcr_c.a(_ldexpl.o)
 .comment       0x000000000000006e       0x6f /Applications/lpcxpresso_8.1.4_606/lpcxpresso/tools/bin/../lib/gcc/arm-none-eabi/5.2.1/../../../../arm-none-eabi/lib/armv7e-m/softfp/libcr_c.a(_writebuf.o)
 .comment       0x000000000000006e       0x6f /Applications/lpcxpresso_8.1.4_606/lpcxpresso/tools/bin/../lib/gcc/arm-none-eabi/5.2.1/../../../../arm-none-eabi/lib/armv7e-m/softfp/libcr_c.a(alloc.o)
 .comment       0x000000000000006e       0x6f /Applications/lpcxpresso_8.1.4_606/lpcxpresso/tools/bin/../lib/gcc/arm-none-eabi/5.2.1/../../../../arm-none-eabi/lib/armv7e-m/softfp/libcr_c.a(errno.o)
 .comment       0x000000000000006e       0x6f /Applications/lpcxpresso_8.1.4_606/lpcxpresso/tools/bin/../lib/gcc/arm-none-eabi/5.2.1/../../../../arm-none-eabi/lib/armv7e-m/softfp/libcr_c.a(fclose.o)
 .comment       0x000000000000006e       0x6f /Applications/lpcxpresso_8.1.4_606/lpcxpresso/tools/bin/../lib/gcc/arm-none-eabi/5.2.1/../../../../arm-none-eabi/lib/armv7e-m/softfp/libcr_c.a(fflush.o)
 .comment       0x000000000000006e       0x6f /Applications/lpcxpresso_8.1.4_606/lpcxpresso/tools/bin/../lib/gcc/arm-none-eabi/5.2.1/../../../../arm-none-eabi/lib/armv7e-m/softfp/libcr_c.a(fseek.o)
 .comment       0x000000000000006e       0x6f /Applications/lpcxpresso_8.1.4_606/lpcxpresso/tools/bin/../lib/gcc/arm-none-eabi/5.2.1/../../../../arm-none-eabi/lib/armv7e-m/softfp/libcr_c.a(ftell.o)
 .comment       0x000000000000006e       0x6f /Applications/lpcxpresso_8.1.4_606/lpcxpresso/tools/bin/../lib/gcc/arm-none-eabi/5.2.1/../../../../arm-none-eabi/lib/armv7e-m/softfp/libcr_c.a(remove.o)
 .comment       0x000000000000006e       0x6f /Applications/lpcxpresso_8.1.4_606/lpcxpresso/tools/bin/../lib/gcc/arm-none-eabi/5.2.1/../../../../arm-none-eabi/lib/armv7e-m/softfp/libcr_c.a(__init_alloc.o)
 .comment       0x000000000000006e       0x6f /Applications/lpcxpresso_8.1.4_606/lpcxpresso/tools/bin/../lib/gcc/arm-none-eabi/5.2.1/../../../../arm-none-eabi/lib/armv7e-m/softfp/libcr_c.a(_cr_sbrk.o)
 .comment       0x000000000000006e       0x6f /Applications/lpcxpresso_8.1.4_606/lpcxpresso/tools/bin/../lib/gcc/arm-none-eabi/5.2.1/../../../../arm-none-eabi/lib/armv7e-m/softfp/libcr_c.a(_do_fflush.o)
 .comment       0x000000000000006e       0x6f /Applications/lpcxpresso_8.1.4_606/lpcxpresso/tools/bin/../lib/gcc/arm-none-eabi/5.2.1/../../../../arm-none-eabi/lib/armv7e-m/softfp/libcr_c.a(_hugeval.o)
 .comment       0x000000000000006e       0x6f /Applications/lpcxpresso_8.1.4_606/lpcxpresso/tools/bin/../lib/gcc/arm-none-eabi/5.2.1/../../../../arm-none-eabi/lib/armv7e-m/softfp/libcr_c.a(_cr_check_heap.o)
 .comment       0x000000000000006e       0x6f /Applications/lpcxpresso_8.1.4_606/lpcxpresso/tools/bin/../lib/gcc/arm-none-eabi/5.2.1/armv7e-m/softfp/libcr_eabihelpers.a(double.o)
 .comment       0x000000000000006e       0x6f /Applications/lpcxpresso_8.1.4_606/lpcxpresso/tools/bin/../lib/gcc/arm-none-eabi/5.2.1/../../../../arm-none-eabi/lib/armv7e-m/softfp/libcr_nohost.a(__sys_appexit.o)
 .comment       0x000000000000006e       0x6f /Applications/lpcxpresso_8.1.4_606/lpcxpresso/tools/bin/../lib/gcc/arm-none-eabi/5.2.1/../../../../arm-none-eabi/lib/armv7e-m/softfp/libcr_nohost.a(__sys_close.o)
 .comment       0x000000000000006e       0x6f /Applications/lpcxpresso_8.1.4_606/lpcxpresso/tools/bin/../lib/gcc/arm-none-eabi/5.2.1/../../../../arm-none-eabi/lib/armv7e-m/softfp/libcr_nohost.a(__sys_flen.o)
 .comment       0x000000000000006e       0x6f /Applications/lpcxpresso_8.1.4_606/lpcxpresso/tools/bin/../lib/gcc/arm-none-eabi/5.2.1/../../../../arm-none-eabi/lib/armv7e-m/softfp/libcr_nohost.a(__sys_istty.o)
 .comment       0x000000000000006e       0x6f /Applications/lpcxpresso_8.1.4_606/lpcxpresso/tools/bin/../lib/gcc/arm-none-eabi/5.2.1/../../../../arm-none-eabi/lib/armv7e-m/softfp/libcr_nohost.a(__sys_remove.o)
 .comment       0x000000000000006e       0x6f /Applications/lpcxpresso_8.1.4_606/lpcxpresso/tools/bin/../lib/gcc/arm-none-eabi/5.2.1/../../../../arm-none-eabi/lib/armv7e-m/softfp/libcr_nohost.a(__sys_seek.o)
 .comment       0x000000000000006e       0x6f /Applications/lpcxpresso_8.1.4_606/lpcxpresso/tools/bin/../lib/gcc/arm-none-eabi/5.2.1/../../../../arm-none-eabi/lib/armv7e-m/softfp/libcr_nohost.a(__sys_tmpnam.o)
 .comment       0x000000000000006e       0x6f /Applications/lpcxpresso_8.1.4_606/lpcxpresso/tools/bin/../lib/gcc/arm-none-eabi/5.2.1/../../../../arm-none-eabi/lib/armv7e-m/softfp/libcr_nohost.a(__sys_write.o)

.ARM.attributes
                0x0000000000000000       0x35
 .ARM.attributes
                0x0000000000000000       0x37 ./example/src/can.o
 .ARM.attributes
                0x0000000000000037       0x37 ./example/src/cr_startup_lpc40xx.o
 .ARM.attributes
                0x000000000000006e       0x37 ./example/src/sysinit.o
 .ARM.attributes
                0x00000000000000a5       0x37 /Users/mortenopprudjakobsen/workspace/ISD/2016/lpc_board_ea_devkit_4088/Debug/liblpc_board_ea_devkit_4088.a(board.o)
 .ARM.attributes
                0x00000000000000dc       0x37 /Users/mortenopprudjakobsen/workspace/ISD/2016/lpc_board_ea_devkit_4088/Debug/liblpc_board_ea_devkit_4088.a(board_sysinit.o)
 .ARM.attributes
                0x0000000000000113       0x37 /Users/mortenopprudjakobsen/workspace/ISD/2016/lpc_chip_40xx/Debug/liblpc_chip_40xx.a(can_17xx_40xx.o)
 .ARM.attributes
                0x000000000000014a       0x37 /Users/mortenopprudjakobsen/workspace/ISD/2016/lpc_chip_40xx/Debug/liblpc_chip_40xx.a(chip_17xx_40xx.o)
 .ARM.attributes
                0x0000000000000181       0x37 /Users/mortenopprudjakobsen/workspace/ISD/2016/lpc_chip_40xx/Debug/liblpc_chip_40xx.a(clock_17xx_40xx.o)
 .ARM.attributes
                0x00000000000001b8       0x37 /Users/mortenopprudjakobsen/workspace/ISD/2016/lpc_chip_40xx/Debug/liblpc_chip_40xx.a(emc_17xx_40xx.o)
 .ARM.attributes
                0x00000000000001ef       0x37 /Users/mortenopprudjakobsen/workspace/ISD/2016/lpc_chip_40xx/Debug/liblpc_chip_40xx.a(fpu_init.o)
 .ARM.attributes
                0x0000000000000226       0x37 /Users/mortenopprudjakobsen/workspace/ISD/2016/lpc_chip_40xx/Debug/liblpc_chip_40xx.a(iocon_17xx_40xx.o)
 .ARM.attributes
                0x000000000000025d       0x37 /Users/mortenopprudjakobsen/workspace/ISD/2016/lpc_chip_40xx/Debug/liblpc_chip_40xx.a(sysctl_17xx_40xx.o)
 .ARM.attributes
                0x0000000000000294       0x37 /Users/mortenopprudjakobsen/workspace/ISD/2016/lpc_chip_40xx/Debug/liblpc_chip_40xx.a(sysinit_17xx_40xx.o)
 .ARM.attributes
                0x00000000000002cb       0x37 /Applications/lpcxpresso_8.1.4_606/lpcxpresso/tools/bin/../lib/gcc/arm-none-eabi/5.2.1/../../../../arm-none-eabi/lib/armv7e-m/softfp/libcr_nohost.a(_cr__main.o)
 .ARM.attributes
                0x0000000000000302       0x37 /Applications/lpcxpresso_8.1.4_606/lpcxpresso/tools/bin/../lib/gcc/arm-none-eabi/5.2.1/../../../../arm-none-eabi/lib/armv7e-m/softfp/libcr_c.a(fpprintf.o)
 .ARM.attributes
                0x0000000000000339       0x37 /Applications/lpcxpresso_8.1.4_606/lpcxpresso/tools/bin/../lib/gcc/arm-none-eabi/5.2.1/../../../../arm-none-eabi/lib/armv7e-m/softfp/libcr_c.a(initio.o)
 .ARM.attributes
                0x0000000000000370       0x37 /Applications/lpcxpresso_8.1.4_606/lpcxpresso/tools/bin/../lib/gcc/arm-none-eabi/5.2.1/../../../../arm-none-eabi/lib/armv7e-m/softfp/libcr_c.a(printf.o)
 .ARM.attributes
                0x00000000000003a7       0x37 /Applications/lpcxpresso_8.1.4_606/lpcxpresso/tools/bin/../lib/gcc/arm-none-eabi/5.2.1/../../../../arm-none-eabi/lib/armv7e-m/softfp/libcr_c.a(setvbuf.o)
 .ARM.attributes
                0x00000000000003de       0x37 /Applications/lpcxpresso_8.1.4_606/lpcxpresso/tools/bin/../lib/gcc/arm-none-eabi/5.2.1/../../../../arm-none-eabi/lib/armv7e-m/softfp/libcr_c.a(stdio.o)
 .ARM.attributes
                0x0000000000000415       0x37 /Applications/lpcxpresso_8.1.4_606/lpcxpresso/tools/bin/../lib/gcc/arm-none-eabi/5.2.1/../../../../arm-none-eabi/lib/armv7e-m/softfp/libcr_c.a(strlen.o)
 .ARM.attributes
                0x000000000000044c       0x37 /Applications/lpcxpresso_8.1.4_606/lpcxpresso/tools/bin/../lib/gcc/arm-none-eabi/5.2.1/../../../../arm-none-eabi/lib/armv7e-m/softfp/libcr_c.a(memset.o)
 .ARM.attributes
                0x0000000000000483       0x37 /Applications/lpcxpresso_8.1.4_606/lpcxpresso/tools/bin/../lib/gcc/arm-none-eabi/5.2.1/../../../../arm-none-eabi/lib/armv7e-m/softfp/libcr_c.a(_deferredlazyseek.o)
 .ARM.attributes
                0x00000000000004ba       0x37 /Applications/lpcxpresso_8.1.4_606/lpcxpresso/tools/bin/../lib/gcc/arm-none-eabi/5.2.1/../../../../arm-none-eabi/lib/armv7e-m/softfp/libcr_c.a(_fdopen.o)
 .ARM.attributes
                0x00000000000004f1       0x37 /Applications/lpcxpresso_8.1.4_606/lpcxpresso/tools/bin/../lib/gcc/arm-none-eabi/5.2.1/../../../../arm-none-eabi/lib/armv7e-m/softfp/libcr_c.a(_fflush.o)
 .ARM.attributes
                0x0000000000000528       0x37 /Applications/lpcxpresso_8.1.4_606/lpcxpresso/tools/bin/../lib/gcc/arm-none-eabi/5.2.1/../../../../arm-none-eabi/lib/armv7e-m/softfp/libcr_c.a(_frexpl.o)
 .ARM.attributes
                0x000000000000055f       0x37 /Applications/lpcxpresso_8.1.4_606/lpcxpresso/tools/bin/../lib/gcc/arm-none-eabi/5.2.1/../../../../arm-none-eabi/lib/armv7e-m/softfp/libcr_c.a(_ldexpl.o)
 .ARM.attributes
                0x0000000000000596       0x37 /Applications/lpcxpresso_8.1.4_606/lpcxpresso/tools/bin/../lib/gcc/arm-none-eabi/5.2.1/../../../../arm-none-eabi/lib/armv7e-m/softfp/libcr_c.a(_writebuf.o)
 .ARM.attributes
                0x00000000000005cd       0x37 /Applications/lpcxpresso_8.1.4_606/lpcxpresso/tools/bin/../lib/gcc/arm-none-eabi/5.2.1/../../../../arm-none-eabi/lib/armv7e-m/softfp/libcr_c.a(alloc.o)
 .ARM.attributes
                0x0000000000000604       0x37 /Applications/lpcxpresso_8.1.4_606/lpcxpresso/tools/bin/../lib/gcc/arm-none-eabi/5.2.1/../../../../arm-none-eabi/lib/armv7e-m/softfp/libcr_c.a(errno.o)
 .ARM.attributes
                0x000000000000063b       0x37 /Applications/lpcxpresso_8.1.4_606/lpcxpresso/tools/bin/../lib/gcc/arm-none-eabi/5.2.1/../../../../arm-none-eabi/lib/armv7e-m/softfp/libcr_c.a(fclose.o)
 .ARM.attributes
                0x0000000000000672       0x37 /Applications/lpcxpresso_8.1.4_606/lpcxpresso/tools/bin/../lib/gcc/arm-none-eabi/5.2.1/../../../../arm-none-eabi/lib/armv7e-m/softfp/libcr_c.a(fflush.o)
 .ARM.attributes
                0x00000000000006a9       0x37 /Applications/lpcxpresso_8.1.4_606/lpcxpresso/tools/bin/../lib/gcc/arm-none-eabi/5.2.1/../../../../arm-none-eabi/lib/armv7e-m/softfp/libcr_c.a(fseek.o)
 .ARM.attributes
                0x00000000000006e0       0x37 /Applications/lpcxpresso_8.1.4_606/lpcxpresso/tools/bin/../lib/gcc/arm-none-eabi/5.2.1/../../../../arm-none-eabi/lib/armv7e-m/softfp/libcr_c.a(ftell.o)
 .ARM.attributes
                0x0000000000000717       0x37 /Applications/lpcxpresso_8.1.4_606/lpcxpresso/tools/bin/../lib/gcc/arm-none-eabi/5.2.1/../../../../arm-none-eabi/lib/armv7e-m/softfp/libcr_c.a(remove.o)
 .ARM.attributes
                0x000000000000074e       0x37 /Applications/lpcxpresso_8.1.4_606/lpcxpresso/tools/bin/../lib/gcc/arm-none-eabi/5.2.1/../../../../arm-none-eabi/lib/armv7e-m/softfp/libcr_c.a(__init_alloc.o)
 .ARM.attributes
                0x0000000000000785       0x37 /Applications/lpcxpresso_8.1.4_606/lpcxpresso/tools/bin/../lib/gcc/arm-none-eabi/5.2.1/../../../../arm-none-eabi/lib/armv7e-m/softfp/libcr_c.a(_cr_sbrk.o)
 .ARM.attributes
                0x00000000000007bc       0x37 /Applications/lpcxpresso_8.1.4_606/lpcxpresso/tools/bin/../lib/gcc/arm-none-eabi/5.2.1/../../../../arm-none-eabi/lib/armv7e-m/softfp/libcr_c.a(_do_fflush.o)
 .ARM.attributes
                0x00000000000007f3       0x37 /Applications/lpcxpresso_8.1.4_606/lpcxpresso/tools/bin/../lib/gcc/arm-none-eabi/5.2.1/../../../../arm-none-eabi/lib/armv7e-m/softfp/libcr_c.a(_hugeval.o)
 .ARM.attributes
                0x000000000000082a       0x37 /Applications/lpcxpresso_8.1.4_606/lpcxpresso/tools/bin/../lib/gcc/arm-none-eabi/5.2.1/../../../../arm-none-eabi/lib/armv7e-m/softfp/libcr_c.a(_cr_check_heap.o)
 .ARM.attributes
                0x0000000000000861       0x37 /Applications/lpcxpresso_8.1.4_606/lpcxpresso/tools/bin/../lib/gcc/arm-none-eabi/5.2.1/armv7e-m/softfp/libcr_eabihelpers.a(double.o)
 .ARM.attributes
                0x0000000000000898       0x25 /Applications/lpcxpresso_8.1.4_606/lpcxpresso/tools/bin/../lib/gcc/arm-none-eabi/5.2.1/armv7e-m/softfp/libcr_eabihelpers.a(memcpy.o)
 .ARM.attributes
                0x00000000000008bd       0x37 /Applications/lpcxpresso_8.1.4_606/lpcxpresso/tools/bin/../lib/gcc/arm-none-eabi/5.2.1/../../../../arm-none-eabi/lib/armv7e-m/softfp/libcr_nohost.a(__sys_appexit.o)
 .ARM.attributes
                0x00000000000008f4       0x37 /Applications/lpcxpresso_8.1.4_606/lpcxpresso/tools/bin/../lib/gcc/arm-none-eabi/5.2.1/../../../../arm-none-eabi/lib/armv7e-m/softfp/libcr_nohost.a(__sys_close.o)
 .ARM.attributes
                0x000000000000092b       0x37 /Applications/lpcxpresso_8.1.4_606/lpcxpresso/tools/bin/../lib/gcc/arm-none-eabi/5.2.1/../../../../arm-none-eabi/lib/armv7e-m/softfp/libcr_nohost.a(__sys_flen.o)
 .ARM.attributes
                0x0000000000000962       0x37 /Applications/lpcxpresso_8.1.4_606/lpcxpresso/tools/bin/../lib/gcc/arm-none-eabi/5.2.1/../../../../arm-none-eabi/lib/armv7e-m/softfp/libcr_nohost.a(__sys_istty.o)
 .ARM.attributes
                0x0000000000000999       0x37 /Applications/lpcxpresso_8.1.4_606/lpcxpresso/tools/bin/../lib/gcc/arm-none-eabi/5.2.1/../../../../arm-none-eabi/lib/armv7e-m/softfp/libcr_nohost.a(__sys_remove.o)
 .ARM.attributes
                0x00000000000009d0       0x37 /Applications/lpcxpresso_8.1.4_606/lpcxpresso/tools/bin/../lib/gcc/arm-none-eabi/5.2.1/../../../../arm-none-eabi/lib/armv7e-m/softfp/libcr_nohost.a(__sys_seek.o)
 .ARM.attributes
                0x0000000000000a07       0x37 /Applications/lpcxpresso_8.1.4_606/lpcxpresso/tools/bin/../lib/gcc/arm-none-eabi/5.2.1/../../../../arm-none-eabi/lib/armv7e-m/softfp/libcr_nohost.a(__sys_tmpnam.o)
 .ARM.attributes
                0x0000000000000a3e       0x37 /Applications/lpcxpresso_8.1.4_606/lpcxpresso/tools/bin/../lib/gcc/arm-none-eabi/5.2.1/../../../../arm-none-eabi/lib/armv7e-m/softfp/libcr_nohost.a(__sys_write.o)

.debug_frame    0x0000000000000000     0x1e7c
 .debug_frame   0x0000000000000000      0x220 ./example/src/can.o
 .debug_frame   0x0000000000000220      0x170 ./example/src/cr_startup_lpc40xx.o
 .debug_frame   0x0000000000000390       0x34 ./example/src/sysinit.o
 .debug_frame   0x00000000000003c4      0x784 /Users/mortenopprudjakobsen/workspace/ISD/2016/lpc_board_ea_devkit_4088/Debug/liblpc_board_ea_devkit_4088.a(board.o)
 .debug_frame   0x0000000000000b48       0xf8 /Users/mortenopprudjakobsen/workspace/ISD/2016/lpc_board_ea_devkit_4088/Debug/liblpc_board_ea_devkit_4088.a(board_sysinit.o)
 .debug_frame   0x0000000000000c40      0x8a8 /Users/mortenopprudjakobsen/workspace/ISD/2016/lpc_chip_40xx/Debug/liblpc_chip_40xx.a(can_17xx_40xx.o)
 .debug_frame   0x00000000000014e8       0x70 /Users/mortenopprudjakobsen/workspace/ISD/2016/lpc_chip_40xx/Debug/liblpc_chip_40xx.a(chip_17xx_40xx.o)
 .debug_frame   0x0000000000001558      0x500 /Users/mortenopprudjakobsen/workspace/ISD/2016/lpc_chip_40xx/Debug/liblpc_chip_40xx.a(clock_17xx_40xx.o)
 .debug_frame   0x0000000000001a58      0x1fc /Users/mortenopprudjakobsen/workspace/ISD/2016/lpc_chip_40xx/Debug/liblpc_chip_40xx.a(emc_17xx_40xx.o)
 .debug_frame   0x0000000000001c54       0x38 /Users/mortenopprudjakobsen/workspace/ISD/2016/lpc_chip_40xx/Debug/liblpc_chip_40xx.a(fpu_init.o)
 .debug_frame   0x0000000000001c8c       0x5c /Users/mortenopprudjakobsen/workspace/ISD/2016/lpc_chip_40xx/Debug/liblpc_chip_40xx.a(iocon_17xx_40xx.o)
 .debug_frame   0x0000000000001ce8       0x60 /Users/mortenopprudjakobsen/workspace/ISD/2016/lpc_chip_40xx/Debug/liblpc_chip_40xx.a(sysctl_17xx_40xx.o)
 .debug_frame   0x0000000000001d48      0x134 /Users/mortenopprudjakobsen/workspace/ISD/2016/lpc_chip_40xx/Debug/liblpc_chip_40xx.a(sysinit_17xx_40xx.o)